###############################################################################
#
# IAR ELF Linker V8.11.1.13263/W32 for ARM                04/Aug/2017  23:39:59
# Copyright 2007-2017 IAR Systems AB.
#
#    Output file  =  
#        C:\Users\victo\Documents\GitHub\SHU_FlightControl_TM4C\Project_Files\Debug\Exe\Project.out
#    Map file     =  
#        C:\Users\victo\Documents\GitHub\SHU_FlightControl_TM4C\Project_Files\Debug\List\Project.map
#    Command line =  
#        -f C:\Users\victo\AppData\Local\Temp\EW68D7.tmp
#        (C:\Users\victo\Documents\GitHub\SHU_FlightControl_TM4C\Project_Files\Debug\Obj\adc.o
#        C:\Users\victo\Documents\GitHub\SHU_FlightControl_TM4C\Project_Files\Debug\Obj\atmospheric_math.o
#        C:\Users\victo\Documents\GitHub\SHU_FlightControl_TM4C\Project_Files\Debug\Obj\attitudesolving_B.o
#        C:\Users\victo\Documents\GitHub\SHU_FlightControl_TM4C\Project_Files\Debug\Obj\bsp.o
#        C:\Users\victo\Documents\GitHub\SHU_FlightControl_TM4C\Project_Files\Debug\Obj\bsp_int.o
#        C:\Users\victo\Documents\GitHub\SHU_FlightControl_TM4C\Project_Files\Debug\Obj\bsp_sys.o
#        C:\Users\victo\Documents\GitHub\SHU_FlightControl_TM4C\Project_Files\Debug\Obj\can.o
#        C:\Users\victo\Documents\GitHub\SHU_FlightControl_TM4C\Project_Files\Debug\Obj\comp.o
#        C:\Users\victo\Documents\GitHub\SHU_FlightControl_TM4C\Project_Files\Debug\Obj\control_command.o
#        C:\Users\victo\Documents\GitHub\SHU_FlightControl_TM4C\Project_Files\Debug\Obj\coordinate_conversions.o
#        C:\Users\victo\Documents\GitHub\SHU_FlightControl_TM4C\Project_Files\Debug\Obj\core_autopilot.o
#        C:\Users\victo\Documents\GitHub\SHU_FlightControl_TM4C\Project_Files\Debug\Obj\core_camera.o
#        C:\Users\victo\Documents\GitHub\SHU_FlightControl_TM4C\Project_Files\Debug\Obj\core_common.o
#        C:\Users\victo\Documents\GitHub\SHU_FlightControl_TM4C\Project_Files\Debug\Obj\core_ppm.o
#        C:\Users\victo\Documents\GitHub\SHU_FlightControl_TM4C\Project_Files\Debug\Obj\core_t_timer.o
#        C:\Users\victo\Documents\GitHub\SHU_FlightControl_TM4C\Project_Files\Debug\Obj\core_uart.o
#        C:\Users\victo\Documents\GitHub\SHU_FlightControl_TM4C\Project_Files\Debug\Obj\core_uartstdio.o
#        C:\Users\victo\Documents\GitHub\SHU_FlightControl_TM4C\Project_Files\Debug\Obj\cpu.o
#        C:\Users\victo\Documents\GitHub\SHU_FlightControl_TM4C\Project_Files\Debug\Obj\cpu_a.o
#        C:\Users\victo\Documents\GitHub\SHU_FlightControl_TM4C\Project_Files\Debug\Obj\cpu_bsp.o
#        C:\Users\victo\Documents\GitHub\SHU_FlightControl_TM4C\Project_Files\Debug\Obj\cpu_c.o
#        C:\Users\victo\Documents\GitHub\SHU_FlightControl_TM4C\Project_Files\Debug\Obj\cpu_core.o
#        C:\Users\victo\Documents\GitHub\SHU_FlightControl_TM4C\Project_Files\Debug\Obj\data_common.o
#        C:\Users\victo\Documents\GitHub\SHU_FlightControl_TM4C\Project_Files\Debug\Obj\data_transfer.o
#        C:\Users\victo\Documents\GitHub\SHU_FlightControl_TM4C\Project_Files\Debug\Obj\eeprom.o
#        C:\Users\victo\Documents\GitHub\SHU_FlightControl_TM4C\Project_Files\Debug\Obj\eepromqsj.o
#        C:\Users\victo\Documents\GitHub\SHU_FlightControl_TM4C\Project_Files\Debug\Obj\flash.o
#        C:\Users\victo\Documents\GitHub\SHU_FlightControl_TM4C\Project_Files\Debug\Obj\flight_routine.o
#        C:\Users\victo\Documents\GitHub\SHU_FlightControl_TM4C\Project_Files\Debug\Obj\Flow_B.o
#        C:\Users\victo\Documents\GitHub\SHU_FlightControl_TM4C\Project_Files\Debug\Obj\fpu.o
#        C:\Users\victo\Documents\GitHub\SHU_FlightControl_TM4C\Project_Files\Debug\Obj\gpio.o
#        C:\Users\victo\Documents\GitHub\SHU_FlightControl_TM4C\Project_Files\Debug\Obj\hibernate.o
#        C:\Users\victo\Documents\GitHub\SHU_FlightControl_TM4C\Project_Files\Debug\Obj\hold.o
#        C:\Users\victo\Documents\GitHub\SHU_FlightControl_TM4C\Project_Files\Debug\Obj\i2c.o
#        C:\Users\victo\Documents\GitHub\SHU_FlightControl_TM4C\Project_Files\Debug\Obj\interrupt.o
#        C:\Users\victo\Documents\GitHub\SHU_FlightControl_TM4C\Project_Files\Debug\Obj\KS103.o
#        C:\Users\victo\Documents\GitHub\SHU_FlightControl_TM4C\Project_Files\Debug\Obj\lib_ascii.o
#        C:\Users\victo\Documents\GitHub\SHU_FlightControl_TM4C\Project_Files\Debug\Obj\lib_math.o
#        C:\Users\victo\Documents\GitHub\SHU_FlightControl_TM4C\Project_Files\Debug\Obj\lib_mem.o
#        C:\Users\victo\Documents\GitHub\SHU_FlightControl_TM4C\Project_Files\Debug\Obj\lib_mem_a.o
#        C:\Users\victo\Documents\GitHub\SHU_FlightControl_TM4C\Project_Files\Debug\Obj\lib_str.o
#        C:\Users\victo\Documents\GitHub\SHU_FlightControl_TM4C\Project_Files\Debug\Obj\misc_math.o
#        C:\Users\victo\Documents\GitHub\SHU_FlightControl_TM4C\Project_Files\Debug\Obj\mixer.o
#        C:\Users\victo\Documents\GitHub\SHU_FlightControl_TM4C\Project_Files\Debug\Obj\motor_control.o
#        C:\Users\victo\Documents\GitHub\SHU_FlightControl_TM4C\Project_Files\Debug\Obj\mpu.o
#        C:\Users\victo\Documents\GitHub\SHU_FlightControl_TM4C\Project_Files\Debug\Obj\os_app_hooks.o
#        C:\Users\victo\Documents\GitHub\SHU_FlightControl_TM4C\Project_Files\Debug\Obj\os_cfg_app.o
#        C:\Users\victo\Documents\GitHub\SHU_FlightControl_TM4C\Project_Files\Debug\Obj\os_core.o
#        C:\Users\victo\Documents\GitHub\SHU_FlightControl_TM4C\Project_Files\Debug\Obj\os_cpu_a.o
#        C:\Users\victo\Documents\GitHub\SHU_FlightControl_TM4C\Project_Files\Debug\Obj\os_cpu_c.o
#        C:\Users\victo\Documents\GitHub\SHU_FlightControl_TM4C\Project_Files\Debug\Obj\os_dbg.o
#        C:\Users\victo\Documents\GitHub\SHU_FlightControl_TM4C\Project_Files\Debug\Obj\os_flag.o
#        C:\Users\victo\Documents\GitHub\SHU_FlightControl_TM4C\Project_Files\Debug\Obj\os_int.o
#        C:\Users\victo\Documents\GitHub\SHU_FlightControl_TM4C\Project_Files\Debug\Obj\os_mem.o
#        C:\Users\victo\Documents\GitHub\SHU_FlightControl_TM4C\Project_Files\Debug\Obj\os_msg.o
#        C:\Users\victo\Documents\GitHub\SHU_FlightControl_TM4C\Project_Files\Debug\Obj\os_mutex.o
#        C:\Users\victo\Documents\GitHub\SHU_FlightControl_TM4C\Project_Files\Debug\Obj\os_pend_multi.o
#        C:\Users\victo\Documents\GitHub\SHU_FlightControl_TM4C\Project_Files\Debug\Obj\os_prio.o
#        C:\Users\victo\Documents\GitHub\SHU_FlightControl_TM4C\Project_Files\Debug\Obj\os_q.o
#        C:\Users\victo\Documents\GitHub\SHU_FlightControl_TM4C\Project_Files\Debug\Obj\os_sem.o
#        C:\Users\victo\Documents\GitHub\SHU_FlightControl_TM4C\Project_Files\Debug\Obj\os_stat.o
#        C:\Users\victo\Documents\GitHub\SHU_FlightControl_TM4C\Project_Files\Debug\Obj\os_task.o
#        C:\Users\victo\Documents\GitHub\SHU_FlightControl_TM4C\Project_Files\Debug\Obj\os_tick.o
#        C:\Users\victo\Documents\GitHub\SHU_FlightControl_TM4C\Project_Files\Debug\Obj\os_time.o
#        C:\Users\victo\Documents\GitHub\SHU_FlightControl_TM4C\Project_Files\Debug\Obj\os_tmr.o
#        C:\Users\victo\Documents\GitHub\SHU_FlightControl_TM4C\Project_Files\Debug\Obj\os_var.o
#        C:\Users\victo\Documents\GitHub\SHU_FlightControl_TM4C\Project_Files\Debug\Obj\param_common.o
#        C:\Users\victo\Documents\GitHub\SHU_FlightControl_TM4C\Project_Files\Debug\Obj\pid.o
#        C:\Users\victo\Documents\GitHub\SHU_FlightControl_TM4C\Project_Files\Debug\Obj\Postion_Hold.o
#        C:\Users\victo\Documents\GitHub\SHU_FlightControl_TM4C\Project_Files\Debug\Obj\pwm.o
#        C:\Users\victo\Documents\GitHub\SHU_FlightControl_TM4C\Project_Files\Debug\Obj\qei.o
#        C:\Users\victo\Documents\GitHub\SHU_FlightControl_TM4C\Project_Files\Debug\Obj\relay_tuning.o
#        C:\Users\victo\Documents\GitHub\SHU_FlightControl_TM4C\Project_Files\Debug\Obj\sensorfetch.o
#        C:\Users\victo\Documents\GitHub\SHU_FlightControl_TM4C\Project_Files\Debug\Obj\sin_lookup.o
#        C:\Users\victo\Documents\GitHub\SHU_FlightControl_TM4C\Project_Files\Debug\Obj\ssi.o
#        C:\Users\victo\Documents\GitHub\SHU_FlightControl_TM4C\Project_Files\Debug\Obj\stabilization_B.o
#        C:\Users\victo\Documents\GitHub\SHU_FlightControl_TM4C\Project_Files\Debug\Obj\startup_ewarm.o
#        C:\Users\victo\Documents\GitHub\SHU_FlightControl_TM4C\Project_Files\Debug\Obj\sw_crc.o
#        C:\Users\victo\Documents\GitHub\SHU_FlightControl_TM4C\Project_Files\Debug\Obj\sysctl.o
#        C:\Users\victo\Documents\GitHub\SHU_FlightControl_TM4C\Project_Files\Debug\Obj\sysexc.o
#        C:\Users\victo\Documents\GitHub\SHU_FlightControl_TM4C\Project_Files\Debug\Obj\systick.o
#        C:\Users\victo\Documents\GitHub\SHU_FlightControl_TM4C\Project_Files\Debug\Obj\timer.o
#        C:\Users\victo\Documents\GitHub\SHU_FlightControl_TM4C\Project_Files\Debug\Obj\TM4C.o
#        C:\Users\victo\Documents\GitHub\SHU_FlightControl_TM4C\Project_Files\Debug\Obj\uart.o
#        C:\Users\victo\Documents\GitHub\SHU_FlightControl_TM4C\Project_Files\Debug\Obj\udma.o
#        C:\Users\victo\Documents\GitHub\SHU_FlightControl_TM4C\Project_Files\Debug\Obj\usb.o
#        C:\Users\victo\Documents\GitHub\SHU_FlightControl_TM4C\Project_Files\Debug\Obj\virtualflybar.o
#        C:\Users\victo\Documents\GitHub\SHU_FlightControl_TM4C\Project_Files\Debug\Obj\watchdog.o
#        C:\Users\victo\Documents\GitHub\SHU_FlightControl_TM4C\Project_Files\Debug\Obj\YRK_AK8975_SOFT.o
#        C:\Users\victo\Documents\GitHub\SHU_FlightControl_TM4C\Project_Files\Debug\Obj\YRK_init.o
#        C:\Users\victo\Documents\GitHub\SHU_FlightControl_TM4C\Project_Files\Debug\Obj\YRK_LED.o
#        C:\Users\victo\Documents\GitHub\SHU_FlightControl_TM4C\Project_Files\Debug\Obj\YRK_MPU6050_SOFT.o
#        C:\Users\victo\Documents\GitHub\SHU_FlightControl_TM4C\Project_Files\Debug\Obj\YRK_NRF24L0.o
#        C:\Users\victo\Documents\GitHub\SHU_FlightControl_TM4C\Project_Files\Debug\Obj\YRK_SONAR.o
#        -o
#        C:\Users\victo\Documents\GitHub\SHU_FlightControl_TM4C\Project_Files\Debug\Exe\Project.out
#        --redirect _Printf=_PrintfFullNoMb --redirect _Scanf=_ScanfFullNoMb
#        --map
#        C:\Users\victo\Documents\GitHub\SHU_FlightControl_TM4C\Project_Files\Debug\List\Project.map
#        --config "C:\Program Files (x86)\IAR Systems\Embedded Workbench
#        8.0\arm\config\linker\TexasInstruments\TM4C123GH6.icf" --semihosting
#        --entry __iar_program_start --vfe --text_out locale)
#
###############################################################################

*******************************************************************************
*** RUNTIME MODEL ATTRIBUTES
***

CppFlavor       = *
__SystemLibrary = DLib
__dlib_version  = 6


*******************************************************************************
*** HEAP SELECTION
***

The basic heap was selected because no calls to memory allocation
functions were found in the application outside of system library
functions, and there are calls to deallocation functions in the
application.


*******************************************************************************
*** PLACEMENT SUMMARY
***

"A0":  place at 0x00000000 { ro section .intvec };
"P1":  place in [from 0x00000000 to 0x0003ffff] { ro };
"P2":  place in [from 0x20000000 to 0x20007fff] { rw, block CSTACK, block HEAP };
do not initialize { section .noinit };
initialize by copy { rw };

  Section            Kind        Address    Size  Object
  -------            ----        -------    ----  ------
"A0":                                      0x26c
  .intvec            const    0x00000000   0x26c  startup_ewarm.o [1]
                            - 0x0000026c   0x26c

"P1":                                     0xf235
  .text              ro code  0x0000026c  0x1280  stabilization_B.o [1]
  .text              ro code  0x000014ec    0x4c  sin_lookup.o [1]
  .text              ro code  0x00001538   0x216  pid.o [1]
  .text              ro code  0x0000174e     0xa  xsprout.o [3]
  .text              ro code  0x00001758    0x3c  exp32.o [4]
  .text              ro code  0x00001794    0xd0  misc_math.o [1]
  .text              ro code  0x00001864   0x1ac  virtualflybar.o [1]
  .text              ro code  0x00001a10    0x48  FltToDbl.o [4]
  .text              ro code  0x00001a58    0x1a  U32ToDbl.o [4]
  .rodata            const    0x00001a72     0x2  core_uart.o [1]
  .text              ro code  0x00001a74    0x2e  DblCmpLe.o [4]
  .rodata            const    0x00001aa2     0x2  os_cfg_app.o [1]
  .text              ro code  0x00001aa4   0x2f4  relay_tuning.o [1]
  .text              ro code  0x00001d98   0x278  iar_Exp32.o [4]
  .text              ro code  0x00002010    0xcc  fmodf.o [4]
  .text              ro code  0x000020dc   0x3dc  pow32.o [4]
  .text              ro code  0x000024b8   0x1e0  cos_sin32.o [4]
  .text              ro code  0x00002698   0x320  os_time.o [1]
  .text              ro code  0x000029b8    0x1e  sqrtf.o [4]
  .rodata            const    0x000029d6     0x2  os_cfg_app.o [1]
  .text              ro code  0x000029d8    0xc4  ldexpf.o [4]
  .text              ro code  0x00002a9c    0x48  frexpf.o [4]
  .text              ro code  0x00002ae4   0x560  os_tick.o [1]
  .text              ro code  0x00003044   0xacc  os_core.o [1]
  .text              ro code  0x00003b10   0x39c  os_cpu_c.o [1]
  .text              ro code  0x00003eac    0x44  cpu_bsp.o [1]
  .text              ro code  0x00003ef0   0x434  os_int.o [1]
  .text              ro code  0x00004324   0xe98  os_task.o [1]
  .text              ro code  0x000051bc    0xa4  os_prio.o [1]
  .text              ro code  0x00005260   0x216  os_flag.o [1]
  .rodata            const    0x00005476     0x2  os_dbg.o [1]
  .text              ro code  0x00005478    0x1c  os_mem.o [1]
  .text              ro code  0x00005494   0x1c0  os_msg.o [1]
  .text              ro code  0x00005654   0x53c  os_mutex.o [1]
  .text              ro code  0x00005b90   0x138  os_q.o [1]
  .text              ro code  0x00005cc8    0xf4  os_sem.o [1]
  .text              ro code  0x00005dbc   0x5c8  os_stat.o [1]
  .text              ro code  0x00006384   0x228  os_tmr.o [1]
  .text              ro code  0x000065ac   0x234  os_dbg.o [1]
  .text              ro code  0x000067e0    0xe0  os_cfg_app.o [1]
  CODE               ro code  0x000068c0   0x10c  os_cpu_a.o [1]
  .text              ro code  0x000069cc    0x24  bsp_sys.o [1]
  .text              ro code  0x000069f0    0x4c  cpu_core.o [1]
  CODE               ro code  0x00006a3c    0x34  cpu_a.o [1]
  .text              ro code  0x00006a70    0xec  lib_mem.o [1]
  .text              ro code  0x00006b5c  0x116c  attitudesolving_B.o [1]
  .text              ro code  0x00007cc8    0xa6  ABImemcpy.o [5]
  .rodata            const    0x00007d6e     0x2  os_dbg.o [1]
  .text              ro code  0x00007d70   0x4e4  coordinate_conversions.o [1]
  .text              ro code  0x00008254    0x48  atanf.o [4]
  .text              ro code  0x0000829c    0x6a  atan2f.o [4]
  .rodata            const    0x00008306     0x2  os_dbg.o [1]
  .text              ro code  0x00008308    0xf4  sensorfetch.o [1]
  .text              ro code  0x000083fc    0x5c  asinf.o [4]
  .text              ro code  0x00008458    0xa4  xatanf.o [4]
  .text              ro code  0x000084fc   0x220  YRK_AK8975_SOFT.o [1]
  .text              ro code  0x0000871c   0x2a2  YRK_MPU6050_SOFT.o [1]
  .rodata            const    0x000089be     0x2  os_dbg.o [1]
  .text              ro code  0x000089c0    0x22  S32ToDbl.o [4]
  .rodata            const    0x000089e2     0x2  os_dbg.o [1]
  .text              ro code  0x000089e4   0x246  DblDiv.o [4]
  .rodata            const    0x00008c2a     0x2  os_dbg.o [1]
  .text              ro code  0x00008c2c    0x68  DblToFlt.o [4]
  .text              ro code  0x00008c94   0x240  gpio.o [1]
  .text              ro code  0x00008ed4    0x1a  core_common.o [1]
  .rodata            const    0x00008eee     0x2  os_dbg.o [1]
  .text              ro code  0x00008ef0   0x1a0  sysctl.o [1]
  .text              ro code  0x00009090   0xdda  xprintffull_nomb.o [3]
  .rodata            const    0x00009e6a     0x2  os_dbg.o [1]
  .text              ro code  0x00009e6c    0x16  strchr.o [5]
  .rodata            const    0x00009e82     0x2  os_dbg.o [1]
  .text              ro code  0x00009e84    0x44  xfail_s.o [3]
  .text              ro code  0x00009ec8    0x36  strlen.o [5]
  .rodata            const    0x00009efe     0x2  os_dbg.o [1]
  .text              ro code  0x00009f00    0x58  memchr.o [5]
  .text              ro code  0x00009f58    0xee  I64DivMod.o [5]
  .rodata            const    0x0000a046     0x2  os_dbg.o [1]
  .text              ro code  0x0000a048   0x192  DblMul.o [4]
  .rodata            const    0x0000a1da     0x2  os_dbg.o [1]
  .text              ro code  0x0000a1dc    0x70  frexp.o [4]
  .text              ro code  0x0000a24c    0x2e  DblCmpGe.o [4]
  .rodata            const    0x0000a27a     0x2  os_dbg.o [1]
  .text              ro code  0x0000a27c   0x13a  ldexp.o [4]
  .rodata            const    0x0000a3b6     0x2  os_dbg.o [1]
  .text              ro code  0x0000a3b8    0x3a  DblToS32.o [4]
  .rodata            const    0x0000a3f2     0x2  os_dbg.o [1]
  .text              ro code  0x0000a3f4    0xe2  DblSub.o [4]
  .rodata            const    0x0000a4d6     0x2  os_dbg.o [1]
  .text              ro code  0x0000a4d8    0x28  DblToU32.o [4]
  .text              ro code  0x0000a500     0x6  abort.o [3]
  .rodata            const    0x0000a506     0x2  os_dbg.o [1]
  .text              ro code  0x0000a508     0x2  I64DivZer.o [5]
  .rodata            const    0x0000a50a     0x2  os_dbg.o [1]
  .text              ro code  0x0000a50c   0x178  DblAdd.o [4]
  .text              ro code  0x0000a684    0x14  exit.o [6]
  .text              ro code  0x0000a698   0x740  YRK_NRF24L0.o [1]
  .text              ro code  0x0000add8   0x13c  interrupt.o [1]
  .text              ro code  0x0000af14    0x10  cpu.o [1]
  .text              ro code  0x0000af24   0x6b4  Flow_B.o [1]
  .text              ro code  0x0000b5d8   0x136  uart.o [1]
  .rodata            const    0x0000b70e     0x2  os_dbg.o [1]
  .text              ro code  0x0000b710    0x7c  core_uartstdio.o [1]
  .text              ro code  0x0000b78c   0x628  core_uart.o [1]
  .text              ro code  0x0000bdb4    0x48  strtok.o [3]
  .text              ro code  0x0000bdfc     0xe  math_wrappers64.o [4]
  .rodata            const    0x0000be0a     0x2  os_dbg.o [1]
  .text              ro code  0x0000be0c    0x40  sprintf.o [3]
  .text              ro code  0x0000be4c    0x22  strspn.o [3]
  .text              ro code  0x0000be6e    0x22  strcspn.o [3]
  .rodata            const    0x0000be90    0x6c  sysctl.o [1]
  .text              ro code  0x0000bf00   0x590  strto64.o [4]
  .text              ro code  0x0000c490   0x122  iar_Stopfx.o [3]
  .rodata            const    0x0000c5b2     0x2  os_dbg.o [1]
  .text              ro code  0x0000c5b4   0x1c4  iar_Stoflt.o [3]
  .text              ro code  0x0000c778   0x234  iar_Stoxflt.o [3]
  .text              ro code  0x0000c9ac   0x3e8  control_command.o [1]
  .text              ro code  0x0000cd94   0x340  TM4C.o [1]
  .text              ro code  0x0000d0d4     0xc  bsp.o [1]
  .text              ro code  0x0000d0e0    0x38  YRK_LED.o [1]
  .text              ro code  0x0000d118   0x1e8  eeprom.o [1]
  .text              ro code  0x0000d300   0x2bc  KS103.o [1]
  .text              ro code  0x0000d5bc    0x68  YRK_init.o [1]
  .text              ro code  0x0000d624    0x38  core_t_timer.o [1]
  .text              ro code  0x0000d65c    0xf8  core_ppm.o [1]
  .text              ro code  0x0000d754    0xe4  core_camera.o [1]
  .text              ro code  0x0000d838    0x34  data_common.o [1]
  .text              ro code  0x0000d86c   0x2fc  param_common.o [1]
  .text              ro code  0x0000db68   0x2d4  motor_control.o [1]
  .text              ro code  0x0000de3c    0x44  bsp_int.o [1]
  .text              ro code  0x0000de80    0xda  timer.o [1]
  .rodata            const    0x0000df5a     0x2  os_dbg.o [1]
  .text              ro code  0x0000df5c    0xc8  pwm.o [1]
  .rodata            const    0x0000e024   0x2d0  sin_lookup.o [1]
  .text              ro code  0x0000e2f4   0x2cc  data_transfer.o [1]
  .text              ro code  0x0000e5c0    0xd8  eepromqsj.o [1]
  .text              ro code  0x0000e698   0x284  flight_routine.o [1]
  .text              ro code  0x0000e91c   0x10c  hold.o [1]
  .text              ro code  0x0000ea28    0xd8  mixer.o [1]
  .text              ro code  0x0000eb00   0x264  Postion_Hold.o [1]
  .text              ro code  0x0000ed64     0x8  abs.o [3]
  .rodata            const    0x0000ed6c    0x9c  interrupt.o [1]
  .rodata            const    0x0000ee08    0x78  gpio.o [1]
  .text              ro code  0x0000ee80    0x40  zero_init3.o [5]
  .text              ro code  0x0000eec0    0x38  packbits_init_single.o [5]
  .text              ro code  0x0000eef8    0x36  startup_ewarm.o [1]
  .text              ro code  0x0000ef2e     0xc  cstartup_M.o [5]
  .rodata            const    0x0000ef3a     0x2  relay_tuning.o [1]
  .text              ro code  0x0000ef3c    0x22  fpinit_M.o [4]
  .rodata            const    0x0000ef5e     0x1  os_cfg_app.o [1]
  .rodata            const    0x0000ef5f     0x1  os_cfg_app.o [1]
  .text              ro code  0x0000ef60    0x1a  cmain.o [5]
  .text              ro code  0x0000ef7a     0x4  low_level_init.o [3]
  .rodata            const    0x0000ef7e     0x1  os_cfg_app.o [1]
  .rodata            const    0x0000ef7f     0x1  os_dbg.o [1]
  .text              ro code  0x0000ef80    0x28  data_init.o [5]
  .text              ro code  0x0000efa8     0x4  exit.o [3]
  .text              ro code  0x0000efac     0xa  cexit.o [5]
  .rodata            const    0x0000efb6     0x1  os_dbg.o [1]
  .rodata            const    0x0000efb7     0x1  os_dbg.o [1]
  .rodata            const    0x0000efb8    0x30  os_dbg.o [1]
  .rodata            const    0x0000efe8    0x30  os_dbg.o [1]
  .rodata            const    0x0000f018    0x2c  os_dbg.o [1]
  .rodata            const    0x0000f044    0x28  os_dbg.o [1]
  .rodata            const    0x0000f06c    0x28  os_dbg.o [1]
  .rodata            const    0x0000f094    0x24  TM4C.o [1]
  .iar.init_table    const    0x0000f0b8    0x20  - Linker created -
  .rodata            const    0x0000f0d8    0x20  core_uartstdio.o [1]
  .rodata            const    0x0000f0f8    0x20  core_uartstdio.o [1]
  .rodata            const    0x0000f118    0x20  interrupt.o [1]
  .rodata            const    0x0000f138    0x20  os_dbg.o [1]
  .rodata            const    0x0000f158    0x1c  core_uart.o [1]
  .rodata            const    0x0000f174    0x1c  os_int.o [1]
  .rodata            const    0x0000f190    0x1c  TM4C.o [1]
  .rodata            const    0x0000f1ac    0x1c  TM4C.o [1]
  .rodata            const    0x0000f1c8    0x18  core_uart.o [1]
  .rodata            const    0x0000f1e0    0x18  os_tmr.o [1]
  .rodata            const    0x0000f1f8    0x18  TM4C.o [1]
  .rodata            const    0x0000f210    0x14  core_uart.o [1]
  .rodata            const    0x0000f224    0x14  core_uart.o [1]
  .rodata            const    0x0000f238    0x14  core_uart.o [1]
  .rodata            const    0x0000f24c    0x14  interrupt.o [1]
  .rodata            const    0x0000f260    0x14  os_core.o [1]
  .rodata            const    0x0000f274    0x14  os_stat.o [1]
  .rodata            const    0x0000f288    0x14  os_tick.o [1]
  .rodata            const    0x0000f29c    0x14  TM4C.o [1]
  .rodata            const    0x0000f2b0    0x14  TM4C.o [1]
  .rodata            const    0x0000f2c4    0x14  TM4C.o [1]
  .rodata            const    0x0000f2d8    0x10  attitudesolving_B.o [1]
  .rodata            const    0x0000f2e8    0x10  attitudesolving_B.o [1]
  .rodata            const    0x0000f2f8    0x10  motor_control.o [1]
  .rodata            const    0x0000f308    0x10  os_tmr.o [1]
  .rodata            const    0x0000f318     0xc  os_core.o [1]
  .rodata            const    0x0000f324     0xc  TM4C.o [1]
  .rodata            const    0x0000f330     0xc  TM4C.o [1]
  .rodata            const    0x0000f33c     0xc  TM4C.o [1]
  .rodata            const    0x0000f348     0x8  os_core.o [1]
  .rodata            const    0x0000f350     0x8  os_task.o [1]
  .rodata            const    0x0000f358     0x8  YRK_NRF24L0.o [1]
  .rodata            const    0x0000f360     0x4  attitudesolving_B.o [1]
  .rodata            const    0x0000f364     0x4  Flow_B.o [1]
  .rodata            const    0x0000f368     0x4  Flow_B.o [1]
  .rodata            const    0x0000f36c     0x4  Flow_B.o [1]
  .rodata            const    0x0000f370     0x4  os_cfg_app.o [1]
  .rodata            const    0x0000f374     0x4  os_cfg_app.o [1]
  .rodata            const    0x0000f378     0x4  os_cfg_app.o [1]
  .rodata            const    0x0000f37c     0x4  os_cfg_app.o [1]
  .rodata            const    0x0000f380     0x4  os_cfg_app.o [1]
  .rodata            const    0x0000f384     0x4  os_cfg_app.o [1]
  .rodata            const    0x0000f388     0x4  os_cfg_app.o [1]
  .rodata            const    0x0000f38c     0x4  os_cfg_app.o [1]
  .rodata            const    0x0000f390     0x4  os_cfg_app.o [1]
  .rodata            const    0x0000f394     0x4  os_cfg_app.o [1]
  .rodata            const    0x0000f398     0x4  os_cfg_app.o [1]
  .rodata            const    0x0000f39c     0x4  os_cfg_app.o [1]
  .rodata            const    0x0000f3a0     0x4  os_cfg_app.o [1]
  .rodata            const    0x0000f3a4     0x4  os_cfg_app.o [1]
  .rodata            const    0x0000f3a8     0x4  os_cfg_app.o [1]
  .rodata            const    0x0000f3ac     0x4  os_cfg_app.o [1]
  .rodata            const    0x0000f3b0     0x4  os_cfg_app.o [1]
  .rodata            const    0x0000f3b4     0x4  os_cfg_app.o [1]
  .rodata            const    0x0000f3b8     0x4  os_cfg_app.o [1]
  .rodata            const    0x0000f3bc     0x4  os_cfg_app.o [1]
  .rodata            const    0x0000f3c0     0x4  os_cfg_app.o [1]
  .rodata            const    0x0000f3c4     0x4  os_cfg_app.o [1]
  .rodata            const    0x0000f3c8     0x4  os_cfg_app.o [1]
  .rodata            const    0x0000f3cc     0x4  os_cfg_app.o [1]
  .rodata            const    0x0000f3d0     0x4  os_cfg_app.o [1]
  .rodata            const    0x0000f3d4     0x4  os_cfg_app.o [1]
  .rodata            const    0x0000f3d8     0x4  os_cfg_app.o [1]
  .rodata            const    0x0000f3dc     0x4  os_cfg_app.o [1]
  .rodata            const    0x0000f3e0     0x4  os_cfg_app.o [1]
  .rodata            const    0x0000f3e4     0x4  os_cfg_app.o [1]
  .rodata            const    0x0000f3e8     0x4  os_cfg_app.o [1]
  .rodata            const    0x0000f3ec     0x4  os_cfg_app.o [1]
  .rodata            const    0x0000f3f0     0x4  os_dbg.o [1]
  .rodata            const    0x0000f3f4     0x4  os_dbg.o [1]
  .rodata            const    0x0000f3f8     0x4  os_dbg.o [1]
  .rodata            const    0x0000f3fc     0x4  relay_tuning.o [1]
  .rodata            const    0x0000f400     0x4  relay_tuning.o [1]
  .rodata            const    0x0000f404     0x1  os_dbg.o [1]
  .rodata            const    0x0000f405     0x1  os_dbg.o [1]
  .rodata            const    0x0000f406     0x1  os_dbg.o [1]
  .rodata            const    0x0000f407     0x1  os_dbg.o [1]
  .rodata            const    0x0000f408     0x1  os_dbg.o [1]
  .rodata            const    0x0000f409     0x1  os_dbg.o [1]
  .rodata            const    0x0000f40a     0x1  os_dbg.o [1]
  .rodata            const    0x0000f40b     0x1  os_dbg.o [1]
  .rodata            const    0x0000f40c     0x1  os_dbg.o [1]
  .rodata            const    0x0000f40d     0x1  os_dbg.o [1]
  .rodata            const    0x0000f40e     0x1  os_dbg.o [1]
  .rodata            const    0x0000f40f     0x1  os_dbg.o [1]
  .rodata            const    0x0000f410     0x1  os_dbg.o [1]
  .rodata            const    0x0000f411     0x1  os_dbg.o [1]
  .rodata            const    0x0000f412     0x1  os_dbg.o [1]
  .rodata            const    0x0000f413     0x1  os_dbg.o [1]
  .rodata            const    0x0000f414     0x1  os_dbg.o [1]
  .rodata            const    0x0000f415     0x1  os_dbg.o [1]
  .rodata            const    0x0000f416     0x1  os_dbg.o [1]
  .rodata            const    0x0000f417     0x1  os_dbg.o [1]
  .rodata            const    0x0000f418     0x1  os_dbg.o [1]
  .rodata            const    0x0000f419     0x1  os_dbg.o [1]
  .rodata            const    0x0000f41a     0x1  os_dbg.o [1]
  .rodata            const    0x0000f41b     0x1  os_dbg.o [1]
  .rodata            const    0x0000f41c     0x1  os_dbg.o [1]
  .rodata            const    0x0000f41d     0x1  os_dbg.o [1]
  .rodata            const    0x0000f41e     0x1  os_dbg.o [1]
  .rodata            const    0x0000f41f     0x1  os_dbg.o [1]
  .rodata            const    0x0000f420     0x1  os_dbg.o [1]
  .rodata            const    0x0000f421     0x1  os_dbg.o [1]
  .rodata            const    0x0000f422     0x1  os_dbg.o [1]
  .rodata            const    0x0000f423     0x1  os_dbg.o [1]
  .rodata            const    0x0000f424     0x1  os_dbg.o [1]
  .rodata            const    0x0000f425     0x1  os_dbg.o [1]
  .rodata            const    0x0000f426     0x1  os_dbg.o [1]
  .rodata            const    0x0000f427     0x1  os_dbg.o [1]
  .rodata            const    0x0000f428     0x0  zero_init3.o [5]
  .rodata            const    0x0000f428     0x0  packbits_init_single.o [5]
  Initializer bytes  const    0x0000f428    0x79  <for P2-1>
                            - 0x0000f4a1  0xf235

"P2", part 1 of 3:                          0x8a
  P2-1                        0x20000000    0x8a  <Init block>
    .data            inited   0x20000000    0x10  attitudesolving_B.o [1]
    .data            inited   0x20000010    0x48  core_uart.o [1]
    .data            inited   0x20000058     0x4  pid.o [1]
    .data            inited   0x2000005c     0x4  pid.o [1]
    .data            inited   0x20000060     0x4  stabilization_B.o [1]
    .data            inited   0x20000064     0x4  stabilization_B.o [1]
    .data            inited   0x20000068     0x4  stabilization_B.o [1]
    .data            inited   0x2000006c     0x4  stabilization_B.o [1]
    .data            inited   0x20000070     0x4  stabilization_B.o [1]
    .data            inited   0x20000074     0x4  virtualflybar.o [1]
    .data            inited   0x20000078     0x8  YRK_NRF24L0.o [1]
    .data            inited   0x20000080     0x8  YRK_NRF24L0.o [1]
    .data            inited   0x20000088     0x1  attitudesolving_B.o [1]
    .data            inited   0x20000089     0x1  attitudesolving_B.o [1]
                            - 0x2000008a    0x8a

"P2", part 2 of 3:                         0x46c
  VTABLE             uninit   0x20000400   0x26c  interrupt.o [1]
  .noinit            uninit   0x2000066c   0x200  startup_ewarm.o [1]
                            - 0x2000086c   0x46c

"P2", part 3 of 3:                        0x6644
  .bss               zero     0x2000086c  0x1800  TM4C.o [1]
  .bss               zero     0x2000206c   0xa00  YRK_NRF24L0.o [1]
  .bss               zero     0x20002a6c   0x800  TM4C.o [1]
  .bss               zero     0x2000326c   0x800  TM4C.o [1]
  .bss               zero     0x20003a6c   0x640  os_cfg_app.o [1]
  .bss               zero     0x200040ac   0x400  lib_mem.o [1]
  .bss               zero     0x200044ac   0x200  os_cfg_app.o [1]
  .bss               zero     0x200046ac   0x200  TM4C.o [1]
  .bss               zero     0x200048ac   0x200  TM4C.o [1]
  .bss               zero     0x20004aac   0x200  TM4C.o [1]
  .bss               zero     0x20004cac   0x200  TM4C.o [1]
  .bss               zero     0x20004eac   0x1c0  bsp_int.o [1]
  .bss               zero     0x2000506c   0x190  os_cfg_app.o [1]
  .bss               zero     0x200051fc   0x190  os_cfg_app.o [1]
  .bss               zero     0x2000538c   0x190  os_cfg_app.o [1]
  .bss               zero     0x2000551c   0x190  os_cfg_app.o [1]
  .bss               zero     0x200056ac   0x190  os_cfg_app.o [1]
  .bss               zero     0x2000583c   0x180  os_var.o [1]
  .bss               zero     0x200059bc   0x140  os_cfg_app.o [1]
  .bss               zero     0x20005afc   0x118  stabilization_B.o [1]
  .bss               zero     0x20005c14    0xdc  param_common.o [1]
  .bss               zero     0x20005cf0    0xc8  core_uart.o [1]
  .bss               zero     0x20005db8    0xb8  os_var.o [1]
  .bss               zero     0x20005e70    0xb8  os_var.o [1]
  .bss               zero     0x20005f28    0xb8  os_var.o [1]
  .bss               zero     0x20005fe0    0xb8  os_var.o [1]
  .bss               zero     0x20006098    0xb8  os_var.o [1]
  .bss               zero     0x20006150    0xb8  TM4C.o [1]
  .bss               zero     0x20006208    0xb8  TM4C.o [1]
  .bss               zero     0x200062c0    0xb8  TM4C.o [1]
  .bss               zero     0x20006378    0xb8  TM4C.o [1]
  .bss               zero     0x20006430    0xb8  TM4C.o [1]
  .bss               zero     0x200064e8    0xb8  TM4C.o [1]
  .bss               zero     0x200065a0    0xb8  TM4C.o [1]
  .bss               zero     0x20006658    0xb8  TM4C.o [1]
  .bss               zero     0x20006710    0xb8  TM4C.o [1]
  .bss               zero     0x200067c8    0xb8  TM4C.o [1]
  .bss               zero     0x20006880    0x70  param_common.o [1]
  .bss               zero     0x200068f0    0x48  lib_mem.o [1]
  .bss               zero     0x20006938    0x2c  os_var.o [1]
  .bss               zero     0x20006968    0x30  Flow_B.o [1]
  .bss               zero     0x20006998    0x30  Flow_B.o [1]
  .bss               zero     0x200069c8    0x2c  TM4C.o [1]
  .bss               zero     0x200069f4    0x2c  TM4C.o [1]
  .bss               zero     0x20006a20    0x2c  TM4C.o [1]
  .bss               zero     0x20006a4c    0x28  data_common.o [1]
  .bss               zero     0x20006a74    0x28  param_common.o [1]
  .bss               zero     0x20006a9c    0x24  attitudesolving_B.o [1]
  .bss               zero     0x20006ac0    0x24  core_ppm.o [1]
  .bss               zero     0x20006ae4    0x20  data_common.o [1]
  .bss               zero     0x20006b04    0x20  data_transfer.o [1]
  .bss               zero     0x20006b24    0x20  param_common.o [1]
  .bss               zero     0x20006b44    0x1c  data_common.o [1]
  .bss               zero     0x20006b60    0x1c  data_common.o [1]
  .bss               zero     0x20006b7c    0x1c  Flow_B.o [1]
  .bss               zero     0x20006b98    0x18  data_common.o [1]
  .bss               zero     0x20006bb0    0x18  data_common.o [1]
  .bss               zero     0x20006bc8    0x18  data_common.o [1]
  .bss               zero     0x20006be0    0x18  data_common.o [1]
  .bss               zero     0x20006bf8    0x18  data_common.o [1]
  .bss               zero     0x20006c10    0x14  eepromqsj.o [1]
  .bss               zero     0x20006c24    0x10  cpu_core.o [1]
  .bss               zero     0x20006c34    0x10  data_common.o [1]
  .bss               zero     0x20006c44    0x10  data_common.o [1]
  .bss               zero     0x20006c54    0x10  param_common.o [1]
  .bss               zero     0x20006c64     0xc  attitudesolving_B.o [1]
  .bss               zero     0x20006c70     0xc  attitudesolving_B.o [1]
  .bss               zero     0x20006c7c     0xc  attitudesolving_B.o [1]
  .bss               zero     0x20006c88     0xc  attitudesolving_B.o [1]
  .bss               zero     0x20006c94     0xc  data_common.o [1]
  .bss               zero     0x20006ca0     0xc  data_common.o [1]
  .bss               zero     0x20006cac     0xc  os_var.o [1]
  .bss               zero     0x20006cb8     0xc  stabilization_B.o [1]
  .bss               zero     0x20006cc4     0xc  stabilization_B.o [1]
  .bss               zero     0x20006cd0     0xc  virtualflybar.o [1]
  .bss               zero     0x20006cdc     0x8  data_common.o [1]
  .bss               zero     0x20006ce4     0x8  os_var.o [1]
  .bss               zero     0x20006cec     0x8  os_var.o [1]
  .bss               zero     0x20006cf4     0x4  attitudesolving_B.o [1]
  .bss               zero     0x20006cf8     0x4  attitudesolving_B.o [1]
  .bss               zero     0x20006cfc     0x4  attitudesolving_B.o [1]
  .bss               zero     0x20006d00     0x4  attitudesolving_B.o [1]
  .bss               zero     0x20006d04     0x4  attitudesolving_B.o [1]
  .bss               zero     0x20006d08     0x4  attitudesolving_B.o [1]
  .bss               zero     0x20006d0c     0x4  control_command.o [1]
  .bss               zero     0x20006d10     0x4  control_command.o [1]
  .bss               zero     0x20006d14     0x4  core_autopilot.o [1]
  .bss               zero     0x20006d18     0x4  core_ppm.o [1]
  .bss               zero     0x20006d1c     0x4  core_t_timer.o [1]
  .bss               zero     0x20006d20     0x4  core_uartstdio.o [1]
  .bss               zero     0x20006d24     0x4  cpu_core.o [1]
  .bss               zero     0x20006d28     0x4  data_common.o [1]
  .bss               zero     0x20006d2c     0x4  data_transfer.o [1]
  .bss               zero     0x20006d30     0x4  Flow_B.o [1]
  .bss               zero     0x20006d34     0x4  Flow_B.o [1]
  .bss               zero     0x20006d38     0x4  Flow_B.o [1]
  .bss               zero     0x20006d3c     0x4  Flow_B.o [1]
  .bss               zero     0x20006d40     0x4  Flow_B.o [1]
  .bss               zero     0x20006d44     0x4  Flow_B.o [1]
  .bss               zero     0x20006d48     0x4  Flow_B.o [1]
  .bss               zero     0x20006d4c     0x4  Flow_B.o [1]
  .bss               zero     0x20006d50     0x4  Flow_B.o [1]
  .bss               zero     0x20006d54     0x4  Flow_B.o [1]
  .bss               zero     0x20006d58     0x4  Flow_B.o [1]
  .bss               zero     0x20006d5c     0x4  Flow_B.o [1]
  .bss               zero     0x20006d60     0x4  hold.o [1]
  .bss               zero     0x20006d64     0x4  KS103.o [1]
  .bss               zero     0x20006d68     0x4  KS103.o [1]
  .bss               zero     0x20006d6c     0x4  KS103.o [1]
  .bss               zero     0x20006d70     0x4  lib_mem.o [1]
  .bss               zero     0x20006d74     0x4  os_cpu_c.o [1]
  .bss               zero     0x20006d78     0x4  os_prio.o [1]
  .bss               zero     0x20006d7c     0x4  os_var.o [1]
  .bss               zero     0x20006d80     0x4  os_var.o [1]
  .bss               zero     0x20006d84     0x4  os_var.o [1]
  .bss               zero     0x20006d88     0x4  os_var.o [1]
  .bss               zero     0x20006d8c     0x4  os_var.o [1]
  .bss               zero     0x20006d90     0x4  os_var.o [1]
  .bss               zero     0x20006d94     0x4  os_var.o [1]
  .bss               zero     0x20006d98     0x4  os_var.o [1]
  .bss               zero     0x20006d9c     0x4  os_var.o [1]
  .bss               zero     0x20006da0     0x4  os_var.o [1]
  .bss               zero     0x20006da4     0x4  os_var.o [1]
  .bss               zero     0x20006da8     0x4  os_var.o [1]
  .bss               zero     0x20006dac     0x4  os_var.o [1]
  .bss               zero     0x20006db0     0x4  os_var.o [1]
  .bss               zero     0x20006db4     0x4  os_var.o [1]
  .bss               zero     0x20006db8     0x4  os_var.o [1]
  .bss               zero     0x20006dbc     0x4  os_var.o [1]
  .bss               zero     0x20006dc0     0x4  os_var.o [1]
  .bss               zero     0x20006dc4     0x4  os_var.o [1]
  .bss               zero     0x20006dc8     0x4  os_var.o [1]
  .bss               zero     0x20006dcc     0x4  os_var.o [1]
  .bss               zero     0x20006dd0     0x4  os_var.o [1]
  .bss               zero     0x20006dd4     0x4  os_var.o [1]
  .bss               zero     0x20006dd8     0x4  os_var.o [1]
  .bss               zero     0x20006ddc     0x4  os_var.o [1]
  .bss               zero     0x20006de0     0x4  os_var.o [1]
  .bss               zero     0x20006de4     0x4  os_var.o [1]
  .bss               zero     0x20006de8     0x4  os_var.o [1]
  .bss               zero     0x20006dec     0x4  os_var.o [1]
  .bss               zero     0x20006df0     0x4  os_var.o [1]
  .bss               zero     0x20006df4     0x4  os_var.o [1]
  .bss               zero     0x20006df8     0x4  os_var.o [1]
  .bss               zero     0x20006dfc     0x4  os_var.o [1]
  .bss               zero     0x20006e00     0x4  os_var.o [1]
  .bss               zero     0x20006e04     0x4  os_var.o [1]
  .bss               zero     0x20006e08     0x4  Postion_Hold.o [1]
  .bss               zero     0x20006e0c     0x4  Postion_Hold.o [1]
  .bss               zero     0x20006e10     0x4  Postion_Hold.o [1]
  .bss               zero     0x20006e14     0x4  Postion_Hold.o [1]
  .bss               zero     0x20006e18     0x4  Postion_Hold.o [1]
  .bss               zero     0x20006e1c     0x4  Postion_Hold.o [1]
  .bss               zero     0x20006e20     0x4  Postion_Hold.o [1]
  .bss               zero     0x20006e24     0x4  Postion_Hold.o [1]
  .bss               zero     0x20006e28     0x4  Postion_Hold.o [1]
  .bss               zero     0x20006e2c     0x4  Postion_Hold.o [1]
  .bss               zero     0x20006e30     0x4  Postion_Hold.o [1]
  .bss               zero     0x20006e34     0x4  Postion_Hold.o [1]
  .bss               zero     0x20006e38     0x4  relay_tuning.o [1]
  .bss               zero     0x20006e3c     0x4  relay_tuning.o [1]
  .bss               zero     0x20006e40     0x4  relay_tuning.o [1]
  .bss               zero     0x20006e44     0x4  relay_tuning.o [1]
  .bss               zero     0x20006e48     0x4  relay_tuning.o [1]
  .bss               zero     0x20006e4c     0x4  relay_tuning.o [1]
  .bss               zero     0x20006e50     0x4  relay_tuning.o [1]
  .bss               zero     0x20006e54     0x4  stabilization_B.o [1]
  .bss               zero     0x20006e58     0x4  stabilization_B.o [1]
  .bss               zero     0x20006e5c     0x4  stabilization_B.o [1]
  .bss               zero     0x20006e60     0x4  YRK_NRF24L0.o [1]
  .bss               zero     0x20006e64     0x4  YRK_NRF24L0.o [1]
  .bss               zero     0x20006e68     0x4  strtok.o [3]
  .bss               zero     0x20006e6c     0x4  xfail_s.o [3]
  .bss               zero     0x20006e70     0x2  control_command.o [1]
  .bss               zero     0x20006e72     0x2  core_uart.o [1]
  .bss               zero     0x20006e74     0x2  data_transfer.o [1]
  .bss               zero     0x20006e76     0x2  data_transfer.o [1]
  .bss               zero     0x20006e78     0x2  flight_routine.o [1]
  .bss               zero     0x20006e7a     0x2  os_var.o [1]
  .bss               zero     0x20006e7c     0x2  os_var.o [1]
  .bss               zero     0x20006e7e     0x2  os_var.o [1]
  .bss               zero     0x20006e80     0x2  os_var.o [1]
  .bss               zero     0x20006e82     0x2  os_var.o [1]
  .bss               zero     0x20006e84     0x2  os_var.o [1]
  .bss               zero     0x20006e86     0x2  os_var.o [1]
  .bss               zero     0x20006e88     0x2  os_var.o [1]
  .bss               zero     0x20006e8a     0x2  os_var.o [1]
  .bss               zero     0x20006e8c     0x2  os_var.o [1]
  .bss               zero     0x20006e8e     0x2  os_var.o [1]
  .bss               zero     0x20006e90     0x2  os_var.o [1]
  .bss               zero     0x20006e92     0x1  attitudesolving_B.o [1]
  .bss               zero     0x20006e93     0x1  attitudesolving_B.o [1]
  .bss               zero     0x20006e94     0x1  attitudesolving_B.o [1]
  .bss               zero     0x20006e95     0x1  attitudesolving_B.o [1]
  .bss               zero     0x20006e96     0x1  attitudesolving_B.o [1]
  .bss               zero     0x20006e97     0x1  Flow_B.o [1]
  .bss               zero     0x20006e98     0x1  Flow_B.o [1]
  .bss               zero     0x20006e99     0x1  hold.o [1]
  .bss               zero     0x20006e9a     0x1  os_var.o [1]
  .bss               zero     0x20006e9b     0x1  os_var.o [1]
  .bss               zero     0x20006e9c     0x1  os_var.o [1]
  .bss               zero     0x20006e9d     0x1  os_var.o [1]
  .bss               zero     0x20006e9e     0x1  os_var.o [1]
  .bss               zero     0x20006e9f     0x1  os_var.o [1]
  .bss               zero     0x20006ea0     0x1  os_var.o [1]
  .bss               zero     0x20006ea1     0x1  os_var.o [1]
  .bss               zero     0x20006ea2     0x1  os_var.o [1]
  .bss               zero     0x20006ea3     0x1  relay_tuning.o [1]
  .bss               zero     0x20006ea4     0x1  stabilization_B.o [1]
  .bss               zero     0x20006ea5     0x1  stabilization_B.o [1]
  .bss               zero     0x20006ea6     0x1  stabilization_B.o [1]
  .bss               zero     0x20006ea7     0x1  stabilization_B.o [1]
  .bss               zero     0x20006ea8     0x1  YRK_NRF24L0.o [1]
  .bss               zero     0x20006ea9     0x1  YRK_NRF24L0.o [1]
  .bss               zero     0x20006eaa     0x1  YRK_NRF24L0.o [1]
  .bss               zero     0x20006eab     0x1  YRK_NRF24L0.o [1]
  .bss               zero     0x20006eac     0x1  YRK_NRF24L0.o [1]
                            - 0x20006ead  0x6641


*******************************************************************************
*** INIT TABLE
***

          Address     Size
          -------     ----
Zero (__iar_zero_init3)
    1 destination range, total size 0x6641:
          0x2000086c  0x6641

Copy/packbits (__iar_packbits_init_single3)
    1 source range, total size 0x79 (87% of destination):
          0x0000f428    0x79
    1 destination range, total size 0x8a:
          0x20000000    0x8a



*******************************************************************************
*** MODULE SUMMARY
***

    Module                    ro code  ro data  rw data
    ------                    -------  -------  -------
C:\Users\victo\Documents\GitHub\SHU_FlightControl_TM4C\Project_Files\Debug\Obj: [1]
    Flow_B.o                    1 716       12      174
    KS103.o                       700                12
    Postion_Hold.o                612                48
    TM4C.o                        832      212   14 260
    YRK_AK8975_SOFT.o             544
    YRK_LED.o                      56
    YRK_MPU6050_SOFT.o            674
    YRK_NRF24L0.o               1 856       22    2 589
    YRK_init.o                    104
    attitudesolving_B.o         4 460       52      131
    bsp.o                          12
    bsp_int.o                      68               448
    bsp_sys.o                      36
    control_command.o           1 000                10
    coordinate_conversions.o    1 252
    core_autopilot.o                                  4
    core_camera.o                 228
    core_common.o                  26
    core_ppm.o                    248                40
    core_t_timer.o                 56                 4
    core_uart.o                 1 576      177      274
    core_uartstdio.o              124       64        4
    cpu.o                          16
    cpu_a.o                        52
    cpu_bsp.o                      68
    cpu_core.o                     76                20
    data_common.o                  52               316
    data_transfer.o               716                40
    eeprom.o                      488
    eepromqsj.o                   216                20
    flight_routine.o              644                 2
    gpio.o                        576      120
    hold.o                        268                 5
    interrupt.o                   316      208      620
    lib_mem.o                     236             1 100
    misc_math.o                   208
    mixer.o                       216
    motor_control.o               724       16
    os_cfg_app.o                  224      135    4 432
    os_core.o                   2 764       40
    os_cpu_a.o                    268
    os_cpu_c.o                    924                 4
    os_dbg.o                      564      347
    os_flag.o                     534
    os_int.o                    1 076       28
    os_mem.o                       28
    os_msg.o                      448
    os_mutex.o                  1 340
    os_prio.o                     164                 4
    os_q.o                        312
    os_sem.o                      244
    os_stat.o                   1 480       20
    os_task.o                   3 736        8
    os_tick.o                   1 376       20
    os_time.o                     800
    os_tmr.o                      552       40
    os_var.o                                      1 549
    param_common.o                764               420
    pid.o                         534        7        8
    pwm.o                         200
    relay_tuning.o                756       10       29
    sensorfetch.o                 244
    sin_lookup.o                   76      720
    stabilization_B.o           4 736       17      340
    startup_ewarm.o                54      620      512
    sysctl.o                      416      108
    timer.o                       218
    uart.o                        310
    virtualflybar.o               428        4       16
    ---------------------------------------------------
    Total:                     46 622    3 007   27 435

command line: [2]
    ---------------------------------------------------
    Total:

dl7M_tln.a: [3]
    abort.o                         6
    abs.o                           8
    exit.o                          4
    iar_Stoflt.o                  452
    iar_Stopfx.o                  290
    iar_Stoxflt.o                 564
    low_level_init.o                4
    sprintf.o                      64
    strcspn.o                      34
    strspn.o                       34
    strtok.o                       72                 4
    xfail_s.o                      68                 4
    xprintffull_nomb.o          3 546
    xsprout.o                      10
    ---------------------------------------------------
    Total:                      5 156                 8

m7M_tls.a: [4]
    DblAdd.o                      376
    DblCmpGe.o                     46
    DblCmpLe.o                     46
    DblDiv.o                      582
    DblMul.o                      402
    DblSub.o                      226
    DblToFlt.o                    104
    DblToS32.o                     58
    DblToU32.o                     40
    FltToDbl.o                     72
    S32ToDbl.o                     34
    U32ToDbl.o                     26
    asinf.o                        92
    atan2f.o                      106
    atanf.o                        72
    cos_sin32.o                   480
    exp32.o                        60
    fmodf.o                       204
    fpinit_M.o                     34
    frexp.o                       112
    frexpf.o                       72
    iar_Exp32.o                   632
    ldexp.o                       314
    ldexpf.o                      196
    math_wrappers64.o              14
    pow32.o                       988
    sqrtf.o                        30
    strto64.o                   1 424
    xatanf.o                      164
    ---------------------------------------------------
    Total:                      7 006

rt7M_tl.a: [5]
    ABImemcpy.o                   166
    I64DivMod.o                   238
    I64DivZer.o                     2
    cexit.o                        10
    cmain.o                        26
    cstartup_M.o                   12
    data_init.o                    40
    memchr.o                       88
    packbits_init_single.o         56
    strchr.o                       22
    strlen.o                       54
    zero_init3.o                   64
    ---------------------------------------------------
    Total:                        778

shb_l.a: [6]
    exit.o                         20
    ---------------------------------------------------
    Total:                         20

    Gaps                            4                 4
    Linker created                          32
-------------------------------------------------------
    Grand Total:               59 586    3 039   27 447


*******************************************************************************
*** ENTRY LIST
***

Entry                      Address    Size  Type      Object
-----                      -------    ----  ----      ------
.iar.init_table$$Base   0x0000f0b8           --   Gb  - Linker created -
.iar.init_table$$Limit  0x0000f0d8           --   Gb  - Linker created -
?main                   0x0000ef61          Code  Gb  cmain.o [5]
AMPLITUDE_ALPHA         0x0000f3fc     0x4  Data  Gb  relay_tuning.o [1]
AUTOtestflight          0x20006710    0xb8  Data  Gb  TM4C.o [1]
AttitudeInitialize      0x00006b5d   0x3e0  Code  Gb  attitudesolving_B.o [1]
BSP_Init                0x0000d0d5     0xc  Code  Gb  bsp.o [1]
BSP_IntHandlerDummy     0x0000de79     0x2  Code  Lc  bsp_int.o [1]
BSP_IntInit             0x0000de5d    0x1c  Code  Gb  bsp_int.o [1]
BSP_IntVectSet          0x0000de3d    0x20  Code  Gb  bsp_int.o [1]
BSP_IntVectTbl          0x20004eac   0x1c0  Data  Lc  bsp_int.o [1]
BSP_SysClkFreqGet       0x000069db     0xc  Code  Gb  bsp_sys.o [1]
BSP_SysInit             0x000069cd     0xe  Code  Gb  bsp_sys.o [1]
ByteToFloat             0x0000af25     0x6  Code  Lc  Flow_B.o [1]
CAP_count               0x20006d18     0x4  Data  Gb  core_ppm.o [1]
CAP_value               0x20006ac0    0x24  Data  Gb  core_ppm.o [1]
CPU_CntLeadZeros        0x00006a5b          Code  Gb  cpu_a.o [1]
CPU_CntTrailZeros       0x00006a61          Code  Gb  cpu_a.o [1]
CPU_Init                0x000069f1     0xc  Code  Gb  cpu_core.o [1]
CPU_IntDis              0x00006a3d          Code  Gb  cpu_a.o [1]
CPU_IntEn               0x00006a41          Code  Gb  cpu_a.o [1]
CPU_Name                0x20006c24    0x10  Data  Gb  cpu_core.o [1]
CPU_NameClr             0x000069fd    0x1a  Code  Gb  cpu_core.o [1]
CPU_NameInit            0x00006a1d     0x8  Code  Lc  cpu_core.o [1]
CPU_RevBits             0x00006a6b          Code  Gb  cpu_a.o [1]
CPU_SR_Restore          0x00006a4d          Code  Gb  cpu_a.o [1]
CPU_SR_Save             0x00006a45          Code  Gb  cpu_a.o [1]
CPU_TS_Init             0x00006a25     0xe  Code  Lc  cpu_core.o [1]
CPU_TS_TmrFreqSet       0x00006a17     0x6  Code  Gb  cpu_core.o [1]
CPU_TS_TmrFreq_Hz       0x20006d24     0x4  Data  Gb  cpu_core.o [1]
CPU_TS_TmrInit          0x00003ead    0x2e  Code  Gb  cpu_bsp.o [1]
CPU_TS_TmrRd            0x00003edb     0x8  Code  Gb  cpu_bsp.o [1]
CPU_WaitForExcept       0x00006a57          Code  Gb  cpu_a.o [1]
CPU_WaitForInt          0x00006a53          Code  Gb  cpu_a.o [1]
CPUcpsid                0x0000af15     0x8  Code  Gb  cpu.o [1]
CPUcpsie                0x0000af1d     0x8  Code  Gb  cpu.o [1]
CameraTCB               0x200064e8    0xb8  Data  Gb  TM4C.o [1]
Camera_init             0x0000d755    0xc0  Code  Gb  core_camera.o [1]
Control                 0x0000eb01   0x264  Code  Gb  Postion_Hold.o [1]
CrossProduct            0x000080f3    0x56  Code  Gb  coordinate_conversions.o [1]
DEGLITCH_TIME           0x0000ef3a     0x2  Data  Gb  relay_tuning.o [1]
Dtentox                 0x0000c0b5   0x196  Code  Lc  strto64.o [4]
EEPROMInit              0x0000d199    0x46  Code  Gb  eeprom.o [1]
EEPROMProgram           0x0000d21f    0xb4  Code  Gb  eeprom.o [1]
EEPROMRead              0x0000d1df    0x40  Code  Gb  eeprom.o [1]
FLIGHT_INIT_TASK_STK    0x2000326c   0x800  Data  Lc  TM4C.o [1]
FLIGHT_ROUTINE_CONTROL_TASK_STK
                        0x200046ac   0x200  Data  Gb  TM4C.o [1]
FLIGHT_ROUTINE_KS103_TASK_STK
                        0x200048ac   0x200  Data  Gb  TM4C.o [1]
FLIGHT_ROUTINE_TASK_STK
                        0x2000086c  0x1800  Data  Gb  TM4C.o [1]
FLOW_MAVLINK            0x0000af9d   0x420  Code  Gb  Flow_B.o [1]
FLOW_MAVLINK::data_cnt  0x20006e98     0x1  Data  Lc  Flow_B.o [1]
FLOW_MAVLINK::s_flow    0x20006e97     0x1  Data  Lc  Flow_B.o [1]
FLOW_MUTEX              0x200069c8    0x2c  Data  Gb  TM4C.o [1]
FLOW_STATE              0x20006d38     0x4  Data  Lc  Flow_B.o [1]
FaultISR                0x0000ef2b     0x2  Code  Lc  startup_ewarm.o [1]
FlightAPPInit           0x0000cf87    0xae  Code  Lc  TM4C.o [1]
FlightINITTCB           0x20006208    0xb8  Data  Lc  TM4C.o [1]
FlightRoutineControlTCB
                        0x20006378    0xb8  Data  Gb  TM4C.o [1]
FlightRoutineKS103TCB   0x20006430    0xb8  Data  Gb  TM4C.o [1]
FlightRoutineTCB        0x200062c0    0xb8  Data  Gb  TM4C.o [1]
GPIODirModeSet          0x00008c95    0x46  Code  Gb  gpio.o [1]
GPIOIntClear            0x00008e27     0x8  Code  Gb  gpio.o [1]
GPIOIntEnable           0x00008e01    0x10  Code  Gb  gpio.o [1]
GPIOIntStatus           0x00008e11    0x16  Code  Gb  gpio.o [1]
GPIOPadConfigSet        0x00008cdb   0x126  Code  Gb  gpio.o [1]
GPIOPinConfigure        0x00008e7f    0x4a  Code  Gb  gpio.o [1]
GPIOPinTypeTimer        0x00008e3b    0x22  Code  Gb  gpio.o [1]
GPIOPinTypeUART         0x00008e5d    0x22  Code  Gb  gpio.o [1]
GPIOPinWrite            0x00008e2f     0xc  Code  Gb  gpio.o [1]
GPIO_PINB7init          0x0000b815    0x36  Code  Gb  core_uart.o [1]
IMU_ext_flag            0x20006e78     0x2  Data  Gb  flight_routine.o [1]
IntDefaultHandler       0x0000ef2d     0x2  Code  Lc  startup_ewarm.o [1]
IntEnable               0x0000ae89    0x68  Code  Gb  interrupt.o [1]
IntMasterDisable        0x0000aded    0x14  Code  Gb  interrupt.o [1]
IntMasterEnable         0x0000add9    0x14  Code  Gb  interrupt.o [1]
IntPriorityGroupingSet  0x0000ae3b    0x10  Code  Gb  interrupt.o [1]
IntPrioritySet          0x0000ae4b    0x3e  Code  Gb  interrupt.o [1]
IntRegister             0x0000ae01    0x3a  Code  Gb  interrupt.o [1]
KS103_I2C_RecvACK       0x0000d3af    0x46  Code  Gb  KS103.o [1]
KS103_I2C_RecvByte      0x0000d435    0x60  Code  Gb  KS103.o [1]
KS103_I2C_SendACK       0x0000d381    0x2e  Code  Gb  KS103.o [1]
KS103_I2C_SendByte      0x0000d3f5    0x40  Code  Gb  KS103.o [1]
KS103_I2C_Start         0x0000d33f    0x24  Code  Gb  KS103.o [1]
KS103_I2C_Stop          0x0000d363    0x1e  Code  Gb  KS103.o [1]
KS103_MUTEX             0x200069f4    0x2c  Data  Gb  TM4C.o [1]
KS103_get_distance      0x0000d5b1     0xc  Code  Gb  KS103.o [1]
KS103_init              0x0000d581    0x30  Code  Gb  KS103.o [1]
KS103_soft_OPEN         0x0000d30f    0x30  Code  Gb  KS103.o [1]
KS103_soft_delay        0x0000d301     0xe  Code  Gb  KS103.o [1]
KS103_soft_read_reg     0x0000d4bb    0x3e  Code  Gb  KS103.o [1]
KS103_soft_write_reg    0x0000d495    0x26  Code  Gb  KS103.o [1]
LoadInt                 0x0000922f    0x7a  Code  Lc  xprintffull_nomb.o [3]
MAX_TRIM_FLIGHT_SAMPLES
                        0x0000f360     0x4  Data  Lc  attitudesolving_B.o [1]
Mem_Clr                 0x00006acf    0x12  Code  Gb  lib_mem.o [1]
Mem_Heap                0x200040ac   0x400  Data  Gb  lib_mem.o [1]
Mem_Init                0x00006a71    0x5e  Code  Gb  lib_mem.o [1]
Mem_PoolHeap            0x200068f0    0x48  Data  Gb  lib_mem.o [1]
Mem_PoolTbl             0x20006d70     0x4  Data  Gb  lib_mem.o [1]
Mem_Set                 0x00006ae1    0x6c  Code  Gb  lib_mem.o [1]
NRF_ISR_RX_FIFO         0x2000206c   0xa00  Data  Gb  YRK_NRF24L0.o [1]
NmiSR                   0x0000ef29     0x2  Code  Lc  startup_ewarm.o [1]
Nrf_Buf_In              0x20006be0    0x18  Data  Gb  data_common.o [1]
Nrf_Buf_Out             0x20006bf8    0x18  Data  Gb  data_common.o [1]
Nrf_in_switch           0x20006b04    0x20  Data  Gb  data_transfer.o [1]
OSCfg_DataSizeRAM       0x0000f3ec     0x4  Data  Gb  os_cfg_app.o [1]
OSCfg_ISRStk            0x200051fc   0x190  Data  Gb  os_cfg_app.o [1]
OSCfg_ISRStkBasePtr     0x0000f398     0x4  Data  Gb  os_cfg_app.o [1]
OSCfg_ISRStkSize        0x0000f39c     0x4  Data  Gb  os_cfg_app.o [1]
OSCfg_ISRStkSizeRAM     0x0000f3a0     0x4  Data  Gb  os_cfg_app.o [1]
OSCfg_IdleTaskStk       0x200044ac   0x200  Data  Gb  os_cfg_app.o [1]
OSCfg_IdleTaskStkBasePtr
                        0x0000f370     0x4  Data  Gb  os_cfg_app.o [1]
OSCfg_IdleTaskStkLimit  0x0000f374     0x4  Data  Gb  os_cfg_app.o [1]
OSCfg_IdleTaskStkSize   0x0000f378     0x4  Data  Gb  os_cfg_app.o [1]
OSCfg_IdleTaskStkSizeRAM
                        0x0000f37c     0x4  Data  Gb  os_cfg_app.o [1]
OSCfg_Init              0x000067e1    0xe0  Code  Gb  os_cfg_app.o [1]
OSCfg_IntQ              0x200059bc   0x140  Data  Gb  os_cfg_app.o [1]
OSCfg_IntQBasePtr       0x0000f380     0x4  Data  Gb  os_cfg_app.o [1]
OSCfg_IntQSize          0x00001aa2     0x2  Data  Gb  os_cfg_app.o [1]
OSCfg_IntQSizeRAM       0x0000f384     0x4  Data  Gb  os_cfg_app.o [1]
OSCfg_IntQTaskStk       0x2000506c   0x190  Data  Gb  os_cfg_app.o [1]
OSCfg_IntQTaskStkBasePtr
                        0x0000f388     0x4  Data  Gb  os_cfg_app.o [1]
OSCfg_IntQTaskStkLimit  0x0000f38c     0x4  Data  Gb  os_cfg_app.o [1]
OSCfg_IntQTaskStkSize   0x0000f390     0x4  Data  Gb  os_cfg_app.o [1]
OSCfg_IntQTaskStkSizeRAM
                        0x0000f394     0x4  Data  Gb  os_cfg_app.o [1]
OSCfg_MsgPool           0x20003a6c   0x640  Data  Gb  os_cfg_app.o [1]
OSCfg_MsgPoolBasePtr    0x0000f3a8     0x4  Data  Gb  os_cfg_app.o [1]
OSCfg_MsgPoolSize       0x000029d6     0x2  Data  Gb  os_cfg_app.o [1]
OSCfg_MsgPoolSizeRAM    0x0000f3a4     0x4  Data  Gb  os_cfg_app.o [1]
OSCfg_StatTaskPrio      0x0000ef5e     0x1  Data  Gb  os_cfg_app.o [1]
OSCfg_StatTaskRate_Hz   0x0000f3ac     0x4  Data  Gb  os_cfg_app.o [1]
OSCfg_StatTaskStk       0x2000538c   0x190  Data  Gb  os_cfg_app.o [1]
OSCfg_StatTaskStkBasePtr
                        0x0000f3b0     0x4  Data  Gb  os_cfg_app.o [1]
OSCfg_StatTaskStkLimit  0x0000f3b4     0x4  Data  Gb  os_cfg_app.o [1]
OSCfg_StatTaskStkSize   0x0000f3b8     0x4  Data  Gb  os_cfg_app.o [1]
OSCfg_StatTaskStkSizeRAM
                        0x0000f3bc     0x4  Data  Gb  os_cfg_app.o [1]
OSCfg_StkSizeMin        0x0000f3c0     0x4  Data  Gb  os_cfg_app.o [1]
OSCfg_TickRate_Hz       0x0000f3c4     0x4  Data  Gb  os_cfg_app.o [1]
OSCfg_TickTaskPrio      0x0000ef5f     0x1  Data  Gb  os_cfg_app.o [1]
OSCfg_TickTaskStk       0x2000551c   0x190  Data  Gb  os_cfg_app.o [1]
OSCfg_TickTaskStkBasePtr
                        0x0000f3c8     0x4  Data  Gb  os_cfg_app.o [1]
OSCfg_TickTaskStkLimit  0x0000f3cc     0x4  Data  Gb  os_cfg_app.o [1]
OSCfg_TickTaskStkSize   0x0000f3d0     0x4  Data  Gb  os_cfg_app.o [1]
OSCfg_TickTaskStkSizeRAM
                        0x0000f3d4     0x4  Data  Gb  os_cfg_app.o [1]
OSCfg_TmrTaskPrio       0x0000ef7e     0x1  Data  Gb  os_cfg_app.o [1]
OSCfg_TmrTaskRate_Hz    0x0000f3d8     0x4  Data  Gb  os_cfg_app.o [1]
OSCfg_TmrTaskStk        0x200056ac   0x190  Data  Gb  os_cfg_app.o [1]
OSCfg_TmrTaskStkBasePtr
                        0x0000f3dc     0x4  Data  Gb  os_cfg_app.o [1]
OSCfg_TmrTaskStkLimit   0x0000f3e0     0x4  Data  Gb  os_cfg_app.o [1]
OSCfg_TmrTaskStkSize    0x0000f3e4     0x4  Data  Gb  os_cfg_app.o [1]
OSCfg_TmrTaskStkSizeRAM
                        0x0000f3e8     0x4  Data  Gb  os_cfg_app.o [1]
OSCtxSw                 0x0000695d          Code  Gb  os_cpu_a.o [1]
OSDbg_AppHooksEn        0x0000efb7     0x1  Data  Gb  os_dbg.o [1]
OSDbg_ArgChkEn          0x0000efb6     0x1  Data  Gb  os_dbg.o [1]
OSDbg_CalledFromISRChkEn
                        0x0000f404     0x1  Data  Gb  os_dbg.o [1]
OSDbg_DataSize          0x0000f3f8     0x4  Data  Gb  os_dbg.o [1]
OSDbg_DbgEn             0x0000ef7f     0x1  Data  Gb  os_dbg.o [1]
OSDbg_EndiannessTest    0x0000f3f0     0x4  Data  Gb  os_dbg.o [1]
OSDbg_FlagDelEn         0x0000f406     0x1  Data  Gb  os_dbg.o [1]
OSDbg_FlagEn            0x0000f405     0x1  Data  Gb  os_dbg.o [1]
OSDbg_FlagGrp           0x0000f044    0x28  Data  Gb  os_dbg.o [1]
OSDbg_FlagGrpSize       0x00005476     0x2  Data  Gb  os_dbg.o [1]
OSDbg_FlagModeClrEn     0x0000f407     0x1  Data  Gb  os_dbg.o [1]
OSDbg_FlagPendAbortEn   0x0000f408     0x1  Data  Gb  os_dbg.o [1]
OSDbg_FlagWidth         0x00007d6e     0x2  Data  Gb  os_dbg.o [1]
OSDbg_ISRPostDeferredEn
                        0x0000f409     0x1  Data  Gb  os_dbg.o [1]
OSDbg_IntQ              0x00008306     0x2  Data  Gb  os_dbg.o [1]
OSDbg_Mem               0x0000f138    0x20  Data  Gb  os_dbg.o [1]
OSDbg_MemEn             0x0000f40a     0x1  Data  Gb  os_dbg.o [1]
OSDbg_MemSize           0x000089be     0x2  Data  Gb  os_dbg.o [1]
OSDbg_MsgEn             0x0000f40b     0x1  Data  Gb  os_dbg.o [1]
OSDbg_MsgPoolSize       0x00008c2a     0x2  Data  Gb  os_dbg.o [1]
OSDbg_MsgQSize          0x00008eee     0x2  Data  Gb  os_dbg.o [1]
OSDbg_MsgSize           0x000089e2     0x2  Data  Gb  os_dbg.o [1]
OSDbg_Mutex             0x0000f018    0x2c  Data  Gb  os_dbg.o [1]
OSDbg_MutexDelEn        0x0000f40d     0x1  Data  Gb  os_dbg.o [1]
OSDbg_MutexEn           0x0000f40c     0x1  Data  Gb  os_dbg.o [1]
OSDbg_MutexPendAbortEn  0x0000f40e     0x1  Data  Gb  os_dbg.o [1]
OSDbg_MutexSize         0x00009e6a     0x2  Data  Gb  os_dbg.o [1]
OSDbg_ObjTypeChkEn      0x0000f40f     0x1  Data  Gb  os_dbg.o [1]
OSDbg_PendDataSize      0x00009e82     0x2  Data  Gb  os_dbg.o [1]
OSDbg_PendListSize      0x00009efe     0x2  Data  Gb  os_dbg.o [1]
OSDbg_PendMultiEn       0x0000f410     0x1  Data  Gb  os_dbg.o [1]
OSDbg_PendObjSize       0x0000a046     0x2  Data  Gb  os_dbg.o [1]
OSDbg_PrioMax           0x0000a1da     0x2  Data  Gb  os_dbg.o [1]
OSDbg_PrioTblSize       0x0000a27a     0x2  Data  Gb  os_dbg.o [1]
OSDbg_PtrSize           0x0000a3b6     0x2  Data  Gb  os_dbg.o [1]
OSDbg_Q                 0x0000efb8    0x30  Data  Gb  os_dbg.o [1]
OSDbg_QDelEn            0x0000f412     0x1  Data  Gb  os_dbg.o [1]
OSDbg_QEn               0x0000f411     0x1  Data  Gb  os_dbg.o [1]
OSDbg_QFlushEn          0x0000f413     0x1  Data  Gb  os_dbg.o [1]
OSDbg_QPendAbortEn      0x0000f414     0x1  Data  Gb  os_dbg.o [1]
OSDbg_QSize             0x0000a3f2     0x2  Data  Gb  os_dbg.o [1]
OSDbg_RdyList           0x0000a506     0x2  Data  Gb  os_dbg.o [1]
OSDbg_RdyListSize       0x0000f3f4     0x4  Data  Gb  os_dbg.o [1]
OSDbg_SchedRoundRobinEn
                        0x0000f415     0x1  Data  Gb  os_dbg.o [1]
OSDbg_Sem               0x0000f06c    0x28  Data  Gb  os_dbg.o [1]
OSDbg_SemDelEn          0x0000f417     0x1  Data  Gb  os_dbg.o [1]
OSDbg_SemEn             0x0000f416     0x1  Data  Gb  os_dbg.o [1]
OSDbg_SemPendAbortEn    0x0000f418     0x1  Data  Gb  os_dbg.o [1]
OSDbg_SemSetEn          0x0000f419     0x1  Data  Gb  os_dbg.o [1]
OSDbg_SemSize           0x0000a4d6     0x2  Data  Gb  os_dbg.o [1]
OSDbg_StatTaskEn        0x0000f41b     0x1  Data  Gb  os_dbg.o [1]
OSDbg_StatTaskStkChkEn  0x0000f41c     0x1  Data  Gb  os_dbg.o [1]
OSDbg_StkWidth          0x0000f41a     0x1  Data  Gb  os_dbg.o [1]
OSDbg_TCBSize           0x0000b70e     0x2  Data  Gb  os_dbg.o [1]
OSDbg_TaskChangePrioEn  0x0000f41d     0x1  Data  Gb  os_dbg.o [1]
OSDbg_TaskDelEn         0x0000f41e     0x1  Data  Gb  os_dbg.o [1]
OSDbg_TaskProfileEn     0x0000f421     0x1  Data  Gb  os_dbg.o [1]
OSDbg_TaskQEn           0x0000f41f     0x1  Data  Gb  os_dbg.o [1]
OSDbg_TaskQPendAbortEn  0x0000f420     0x1  Data  Gb  os_dbg.o [1]
OSDbg_TaskRegTblSize    0x0000a50a     0x2  Data  Gb  os_dbg.o [1]
OSDbg_TaskSemPendAbortEn
                        0x0000f422     0x1  Data  Gb  os_dbg.o [1]
OSDbg_TaskSuspendEn     0x0000f423     0x1  Data  Gb  os_dbg.o [1]
OSDbg_TickListSize      0x0000be0a     0x2  Data  Gb  os_dbg.o [1]
OSDbg_TimeDlyHMSMEn     0x0000f424     0x1  Data  Gb  os_dbg.o [1]
OSDbg_TimeDlyResumeEn   0x0000f425     0x1  Data  Gb  os_dbg.o [1]
OSDbg_Tmr               0x0000efe8    0x30  Data  Gb  os_dbg.o [1]
OSDbg_TmrDelEn          0x0000f427     0x1  Data  Gb  os_dbg.o [1]
OSDbg_TmrEn             0x0000f426     0x1  Data  Gb  os_dbg.o [1]
OSDbg_TmrSize           0x0000c5b2     0x2  Data  Gb  os_dbg.o [1]
OSDbg_VersionNbr        0x0000df5a     0x2  Data  Gb  os_dbg.o [1]
OSFlagDbgListPtr        0x20006da8     0x4  Data  Gb  os_var.o [1]
OSFlagQty               0x20006e80     0x2  Data  Gb  os_var.o [1]
OSIdleTaskCtr           0x20006d98     0x4  Data  Gb  os_var.o [1]
OSIdleTaskHook          0x00003b11    0x12  Code  Gb  os_cpu_c.o [1]
OSIdleTaskTCB           0x20005db8    0xb8  Data  Gb  os_var.o [1]
OSInit                  0x00003045   0x16e  Code  Gb  os_core.o [1]
OSInitHook              0x00003b23    0x1e  Code  Gb  os_cpu_c.o [1]
OSIntCtxSw              0x00006965          Code  Gb  os_cpu_a.o [1]
OSIntEnter              0x000031b3    0x24  Code  Gb  os_core.o [1]
OSIntExit               0x000031d7    0xb8  Code  Gb  os_core.o [1]
OSIntNestingCtr         0x20006e9a     0x1  Data  Gb  os_var.o [1]
OSIntQInPtr             0x20006d9c     0x4  Data  Gb  os_var.o [1]
OSIntQNbrEntries        0x20006e7a     0x2  Data  Gb  os_var.o [1]
OSIntQNbrEntriesMax     0x20006e7c     0x2  Data  Gb  os_var.o [1]
OSIntQOutPtr            0x20006da0     0x4  Data  Gb  os_var.o [1]
OSIntQOvfCtr            0x20006e7e     0x2  Data  Gb  os_var.o [1]
OSIntQTaskTCB           0x20005e70    0xb8  Data  Gb  os_var.o [1]
OSIntQTaskTimeMax       0x20006da4     0x4  Data  Gb  os_var.o [1]
OSMemDbgListPtr         0x20006dac     0x4  Data  Gb  os_var.o [1]
OSMemQty                0x20006e82     0x2  Data  Gb  os_var.o [1]
OSMsgPool               0x20006cac     0xc  Data  Gb  os_var.o [1]
OSMutexCreate           0x00005655    0x9a  Code  Gb  os_mutex.o [1]
OSMutexDbgListPtr       0x20006db0     0x4  Data  Gb  os_var.o [1]
OSMutexPend             0x000056ef   0x284  Code  Gb  os_mutex.o [1]
OSMutexPost             0x00005973   0x1be  Code  Gb  os_mutex.o [1]
OSMutexQty              0x20006e84     0x2  Data  Gb  os_var.o [1]
OSPrioCur               0x20006e9c     0x1  Data  Gb  os_var.o [1]
OSPrioHighRdy           0x20006e9d     0x1  Data  Gb  os_var.o [1]
OSPrioSaved             0x20006e9e     0x1  Data  Gb  os_var.o [1]
OSPrioTbl               0x20006d78     0x4  Data  Gb  os_prio.o [1]
OSQDbgListPtr           0x20006db4     0x4  Data  Gb  os_var.o [1]
OSQQty                  0x20006e86     0x2  Data  Gb  os_var.o [1]
OSRdyList               0x2000583c   0x180  Data  Gb  os_var.o [1]
OSRunning               0x20006e9b     0x1  Data  Gb  os_var.o [1]
OSSched                 0x0000328f    0x84  Code  Gb  os_core.o [1]
OSSchedLock             0x00003313    0x60  Code  Gb  os_core.o [1]
OSSchedLockNestingCtr   0x20006e9f     0x1  Data  Gb  os_var.o [1]
OSSchedLockTimeBegin    0x20006db8     0x4  Data  Gb  os_var.o [1]
OSSchedLockTimeMax      0x20006dbc     0x4  Data  Gb  os_var.o [1]
OSSchedLockTimeMaxCur   0x20006dc0     0x4  Data  Gb  os_var.o [1]
OSSchedUnlock           0x00003373    0x7a  Code  Gb  os_core.o [1]
OSSemDbgListPtr         0x20006dc4     0x4  Data  Gb  os_var.o [1]
OSSemQty                0x20006e88     0x2  Data  Gb  os_var.o [1]
OSStart                 0x000033ed    0x62  Code  Gb  os_core.o [1]
OSStartHighRdy          0x000068ed          Code  Gb  os_cpu_a.o [1]
OSStatReset             0x00005dbd   0x102  Code  Gb  os_stat.o [1]
OSStatResetFlag         0x20006ea0     0x1  Data  Gb  os_var.o [1]
OSStatTaskCPUUsage      0x20006e8a     0x2  Data  Gb  os_var.o [1]
OSStatTaskCPUUsageInit  0x00005ebf    0xda  Code  Gb  os_stat.o [1]
OSStatTaskCPUUsageMax   0x20006e8c     0x2  Data  Gb  os_var.o [1]
OSStatTaskCtr           0x20006dc8     0x4  Data  Gb  os_var.o [1]
OSStatTaskCtrMax        0x20006dcc     0x4  Data  Gb  os_var.o [1]
OSStatTaskCtrRun        0x20006dd0     0x4  Data  Gb  os_var.o [1]
OSStatTaskHook          0x00003b41    0x12  Code  Gb  os_cpu_c.o [1]
OSStatTaskRdy           0x20006ea1     0x1  Data  Gb  os_var.o [1]
OSStatTaskTCB           0x20005f28    0xb8  Data  Gb  os_var.o [1]
OSStatTaskTimeMax       0x20006dd4     0x4  Data  Gb  os_var.o [1]
OSTCBCurPtr             0x20006e00     0x4  Data  Gb  os_var.o [1]
OSTCBHighRdyPtr         0x20006e04     0x4  Data  Gb  os_var.o [1]
OSTaskCreate            0x00004325   0x212  Code  Gb  os_task.o [1]
OSTaskCreateHook        0x00003b53    0x16  Code  Gb  os_cpu_c.o [1]
OSTaskCtxSwCtr          0x20006dd8     0x4  Data  Gb  os_var.o [1]
OSTaskDbgListPtr        0x20006ddc     0x4  Data  Gb  os_var.o [1]
OSTaskDel               0x00004537   0x172  Code  Gb  os_task.o [1]
OSTaskDelHook           0x00003b69    0x16  Code  Gb  os_cpu_c.o [1]
OSTaskQty               0x20006e8e     0x2  Data  Gb  os_var.o [1]
OSTaskRegNextAvailID    0x20006ea2     0x1  Data  Gb  os_var.o [1]
OSTaskResume            0x000046a9    0x5c  Code  Gb  os_task.o [1]
OSTaskReturnHook        0x00003b7f    0x16  Code  Gb  os_cpu_c.o [1]
OSTaskSemPend           0x00004705   0x1e6  Code  Gb  os_task.o [1]
OSTaskSemPost           0x000048f5    0x6c  Code  Gb  os_task.o [1]
OSTaskStkChk            0x00004969    0xa2  Code  Gb  os_task.o [1]
OSTaskStkInit           0x00003b95   0x15e  Code  Gb  os_cpu_c.o [1]
OSTaskSuspend           0x00004a0b    0x58  Code  Gb  os_task.o [1]
OSTaskSwHook            0x00003cf3    0xa6  Code  Gb  os_cpu_c.o [1]
OSTickCtr               0x20006de0     0x4  Data  Gb  os_var.o [1]
OSTickListDly           0x20006ce4     0x8  Data  Gb  os_var.o [1]
OSTickListTimeout       0x20006cec     0x8  Data  Gb  os_var.o [1]
OSTickTaskTCB           0x20005fe0    0xb8  Data  Gb  os_var.o [1]
OSTickTaskTimeMax       0x20006de4     0x4  Data  Gb  os_var.o [1]
OSTimeDly               0x00002699    0xc2  Code  Gb  os_time.o [1]
OSTimeDlyHMSM           0x0000275b   0x1ec  Code  Gb  os_time.o [1]
OSTimeGet               0x00002947    0x1c  Code  Gb  os_time.o [1]
OSTimeTick              0x00002963    0x36  Code  Gb  os_time.o [1]
OSTimeTickHook          0x00003d99    0x12  Code  Gb  os_cpu_c.o [1]
OSTmrDbgListPtr         0x20006de8     0x4  Data  Gb  os_var.o [1]
OSTmrListEntries        0x20006e90     0x2  Data  Gb  os_var.o [1]
OSTmrListPtr            0x20006dec     0x4  Data  Gb  os_var.o [1]
OSTmrMutex              0x20006938    0x2c  Data  Gb  os_var.o [1]
OSTmrTaskTCB            0x20006098    0xb8  Data  Gb  os_var.o [1]
OSTmrTaskTimeMax        0x20006df0     0x4  Data  Gb  os_var.o [1]
OSTmrTickCtr            0x20006df4     0x4  Data  Gb  os_var.o [1]
OSTmrUpdateCnt          0x20006df8     0x4  Data  Gb  os_var.o [1]
OSTmrUpdateCtr          0x20006dfc     0x4  Data  Gb  os_var.o [1]
OS_AppIdleTaskHookPtr   0x20006d88     0x4  Data  Gb  os_var.o [1]
OS_AppStatTaskHookPtr   0x20006d8c     0x4  Data  Gb  os_var.o [1]
OS_AppTaskCreateHookPtr
                        0x20006d7c     0x4  Data  Gb  os_var.o [1]
OS_AppTaskDelHookPtr    0x20006d80     0x4  Data  Gb  os_var.o [1]
OS_AppTaskReturnHookPtr
                        0x20006d84     0x4  Data  Gb  os_var.o [1]
OS_AppTaskSwHookPtr     0x20006d90     0x4  Data  Gb  os_var.o [1]
OS_AppTimeTickHookPtr   0x20006d94     0x4  Data  Gb  os_var.o [1]
OS_CPU_ExceptStkBase    0x20006d74     0x4  Data  Gb  os_cpu_c.o [1]
OS_CPU_FP_Reg_Pop       0x000068db          Code  Gb  os_cpu_a.o [1]
OS_CPU_FP_Reg_Push      0x000068c1          Code  Gb  os_cpu_a.o [1]
OS_CPU_PendSVHandler    0x0000696d          Code  Gb  os_cpu_a.o [1]
OS_CPU_SysTickHandler   0x00003dab    0x24  Code  Gb  os_cpu_c.o [1]
OS_CPU_SysTickInit      0x00003dcf    0x2e  Code  Gb  os_cpu_c.o [1]
OS_Dbg_Init             0x000065ad   0x234  Code  Gb  os_dbg.o [1]
OS_FlagInit             0x00005261    0x12  Code  Gb  os_flag.o [1]
OS_FlagPost             0x00005273   0x18a  Code  Gb  os_flag.o [1]
OS_FlagTaskRdy          0x00005411    0x66  Code  Gb  os_flag.o [1]
OS_IdleTask             0x0000344f    0x36  Code  Gb  os_core.o [1]
OS_IdleTaskInit         0x00003485    0x52  Code  Gb  os_core.o [1]
OS_IntQPost             0x00003ef1   0x104  Code  Gb  os_int.o [1]
OS_IntQRePost           0x00003ff5   0x142  Code  Gb  os_int.o [1]
OS_IntQTask             0x00004137    0x8a  Code  Gb  os_int.o [1]
OS_IntQTaskInit         0x000041c1    0xe8  Code  Gb  os_int.o [1]
OS_MemInit              0x00005479    0x12  Code  Gb  os_mem.o [1]
OS_MsgPoolInit          0x00005495    0x92  Code  Gb  os_msg.o [1]
OS_MsgQFreeAll          0x00005527    0x4c  Code  Gb  os_msg.o [1]
OS_MsgQInit             0x00005573    0x14  Code  Gb  os_msg.o [1]
OS_MsgQPut              0x00005587    0xbe  Code  Gb  os_msg.o [1]
OS_MutexDbgListAdd      0x00005b31    0x28  Code  Gb  os_mutex.o [1]
OS_MutexInit            0x00005b59    0x12  Code  Gb  os_mutex.o [1]
OS_Pend                 0x000034d7    0x76  Code  Gb  os_core.o [1]
OS_PendDataInit         0x0000354d    0x3a  Code  Gb  os_core.o [1]
OS_PendDbgNameAdd       0x00003587    0x4c  Code  Gb  os_core.o [1]
OS_PendDbgNameRemove    0x000035d3    0x28  Code  Gb  os_core.o [1]
OS_PendListChangePrio   0x00003601    0x46  Code  Gb  os_core.o [1]
OS_PendListInit         0x00003647     0xe  Code  Gb  os_core.o [1]
OS_PendListInsertPrio   0x00003655    0x7e  Code  Gb  os_core.o [1]
OS_PendListRemove       0x000036d3    0x38  Code  Gb  os_core.o [1]
OS_PendListRemove1      0x0000370b    0x54  Code  Gb  os_core.o [1]
OS_Post                 0x0000375f    0xf2  Code  Gb  os_core.o [1]
OS_Post1                0x00003851    0x2c  Code  Gb  os_core.o [1]
OS_PrioGetHighest       0x000051d3    0x26  Code  Gb  os_prio.o [1]
OS_PrioInit             0x000051bd    0x16  Code  Gb  os_prio.o [1]
OS_PrioInsert           0x000051f9    0x32  Code  Gb  os_prio.o [1]
OS_PrioRemove           0x0000522b    0x32  Code  Gb  os_prio.o [1]
OS_QInit                0x00005b91    0x12  Code  Gb  os_q.o [1]
OS_QPost                0x00005ba3   0x114  Code  Gb  os_q.o [1]
OS_RdyListInit          0x0000387d    0x2a  Code  Gb  os_core.o [1]
OS_RdyListInsert        0x000038a7    0x28  Code  Gb  os_core.o [1]
OS_RdyListInsertHead    0x000038cf    0x44  Code  Gb  os_core.o [1]
OS_RdyListInsertTail    0x00003913    0x42  Code  Gb  os_core.o [1]
OS_RdyListRemove        0x00003989    0x64  Code  Gb  os_core.o [1]
OS_Sched0               0x00003a05    0x3e  Code  Gb  os_core.o [1]
OS_SchedLockTimeMeasStart
                        0x00003a4d    0x14  Code  Gb  os_core.o [1]
OS_SchedLockTimeMeasStop
                        0x00003a61    0x30  Code  Gb  os_core.o [1]
OS_SemInit              0x00005cc9    0x12  Code  Gb  os_sem.o [1]
OS_SemPost              0x00005cdb    0xd6  Code  Gb  os_sem.o [1]
OS_StatTask             0x00005f99   0x2d6  Code  Gb  os_stat.o [1]
OS_StatTaskInit         0x0000626f    0x92  Code  Gb  os_stat.o [1]
OS_TaskBlock            0x00003a91    0x2a  Code  Gb  os_core.o [1]
OS_TaskDbgListAdd       0x00004a69    0x34  Code  Gb  os_task.o [1]
OS_TaskDbgListRemove    0x00004aa5    0x50  Code  Gb  os_task.o [1]
OS_TaskInit             0x00004af5    0x1c  Code  Gb  os_task.o [1]
OS_TaskInitTCB          0x00004b19   0x110  Code  Gb  os_task.o [1]
OS_TaskQPost            0x00004c29   0x186  Code  Gb  os_task.o [1]
OS_TaskResume           0x00004db5    0xf4  Code  Gb  os_task.o [1]
OS_TaskReturn           0x00004ea9    0x14  Code  Gb  os_task.o [1]
OS_TaskSemPost          0x00004ec1   0x1ea  Code  Gb  os_task.o [1]
OS_TaskSuspend          0x000050ad    0xe6  Code  Gb  os_task.o [1]
OS_TickListInsert       0x00002c55    0x92  Code  Gb  os_tick.o [1]
OS_TickListInsertDly    0x00002ce7    0xc4  Code  Gb  os_tick.o [1]
OS_TickListRemove       0x00002dab    0x76  Code  Gb  os_tick.o [1]
OS_TickListResetPeak    0x00002e21     0x2  Code  Gb  os_tick.o [1]
OS_TickListUpdateDly    0x00002e23    0xce  Code  Lc  os_tick.o [1]
OS_TickListUpdateTimeout
                        0x00002ef1   0x112  Code  Lc  os_tick.o [1]
OS_TickTask             0x00002ae5    0xae  Code  Gb  os_tick.o [1]
[...]
__iar_pow_medium32      0x000024b5     0x4  Code  Gb  pow32.o [4]
__iar_pow_mediumf       0x000024b5     0x4  Code  Gb  pow32.o [4]
__iar_program_start     0x0000ef2f          Code  Gb  cstartup_M.o [5]
__iar_scalbln32         0x000029d9          Code  Gb  ldexpf.o [4]
__iar_scalbln64         0x0000a27d          Code  Gb  ldexp.o [4]
__iar_scalbn32          0x000029d9          Code  Gb  ldexpf.o [4]
__iar_scalbn64          0x0000a27d          Code  Gb  ldexp.o [4]
__iar_sin32             0x00002695     0x4  Code  Gb  cos_sin32.o [4]
__iar_sin_medium32      0x00002695     0x4  Code  Gb  cos_sin32.o [4]
__iar_sin_mediumf       0x00002695     0x4  Code  Gb  cos_sin32.o [4]
__iar_softfp___iar_frexp64
                        0x0000a1dd          Code  Gb  frexp.o [4]
__iar_softfp_frexp      0x0000a1dd          Code  Gb  frexp.o [4]
__iar_softfp_frexpl     0x0000a1dd          Code  Gb  frexp.o [4]
__iar_sqrt32            0x000029b9          Code  Gb  sqrtf.o [4]
__iar_systems$$module {Abs}
                        0x00000001          Data  Gb  command line/config [2]
__iar_vfp___iar_fmod32  0x00002011          Code  Gb  fmodf.o [4]
__iar_vfp_atof          0x0000be03     0x8  Code  Gb  math_wrappers64.o [4]
__iar_vfp_fmodf         0x00002011          Code  Gb  fmodf.o [4]
__iar_xatanf            0x00008459          Code  Gb  xatanf.o [4]
__iar_zero_init3        0x0000ee81    0x40  Code  Gb  zero_init3.o [5]
__low_level_init        0x0000ef7b     0x4  Code  Gb  low_level_init.o [3]
__vector_table          0x00000000   0x26c  Data  Gb  startup_ewarm.o [1]
_call_main              0x0000ef6d          Code  Gb  cmain.o [5]
_exit                   0x0000efad          Code  Gb  cexit.o [5]
_main                   0x0000ef77          Code  Gb  cmain.o [5]
abort                   0x0000a501     0x6  Code  Gb  abort.o [3]
abs                     0x0000ed65     0x8  Code  Gb  abs.o [3]
accelKi                 0x20006cf4     0x4  Data  Lc  attitudesolving_B.o [1]
accelKp                 0x20006cf8     0x4  Data  Lc  attitudesolving_B.o [1]
accel_alpha             0x20006cfc     0x4  Data  Lc  attitudesolving_B.o [1]
accel_filter_enabled    0x20006e92     0x1  Data  Lc  attitudesolving_B.o [1]
accelsData              0x20006c44    0x10  Data  Gb  data_common.o [1]
accum_cos               0x20006e48     0x4  Data  Gb  relay_tuning.o [1]
accum_sin               0x20006e44     0x4  Data  Gb  relay_tuning.o [1]
accumulate_gyro         0x00007455    0x62  Code  Lc  attitudesolving_B.o [1]
accumulate_gyro_compute
                        0x000073b5    0x7e  Code  Lc  attitudesolving_B.o [1]
accumulate_gyro_zero    0x00007433    0x22  Code  Lc  attitudesolving_B.o [1]
accumulated             0x20006e4c     0x4  Data  Gb  relay_tuning.o [1]
accumulated_gyro        0x20006c70     0xc  Data  Lc  attitudesolving_B.o [1]
accumulated_gyro_samples
                        0x20006d04     0x4  Data  Lc  attitudesolving_B.o [1]
accumulating_gyro       0x20006e94     0x1  Data  Lc  attitudesolving_B.o [1]
actuatorDesired         0x20006bb0    0x18  Data  Gb  data_common.o [1]
actuatorDesiredAxis     0x2000006c     0x4  Data  Gb  stabilization_B.o [1]
ak8975_soft_I2C_RecvACK
                        0x000085a9    0x46  Code  Gb  YRK_AK8975_SOFT.o [1]
ak8975_soft_I2C_RecvByte
                        0x0000862f    0x60  Code  Gb  YRK_AK8975_SOFT.o [1]
ak8975_soft_I2C_SendACK
                        0x00008577    0x2e  Code  Gb  YRK_AK8975_SOFT.o [1]
ak8975_soft_I2C_SendByte
                        0x000085ef    0x40  Code  Gb  YRK_AK8975_SOFT.o [1]
ak8975_soft_I2C_Start   0x00008535    0x24  Code  Gb  YRK_AK8975_SOFT.o [1]
ak8975_soft_I2C_Stop    0x00008559    0x1e  Code  Gb  YRK_AK8975_SOFT.o [1]
ak8975_soft_delay       0x000084fd    0x38  Code  Gb  YRK_AK8975_SOFT.o [1]
ak8975_soft_getdata     0x000086f9    0x24  Code  Gb  YRK_AK8975_SOFT.o [1]
ak8975_soft_read_reg    0x000086c3    0x36  Code  Gb  YRK_AK8975_SOFT.o [1]
ak8975_soft_write_reg   0x0000869d    0x26  Code  Gb  YRK_AK8975_SOFT.o [1]
angle_x_out             0x20006e18     0x4  Data  Gb  Postion_Hold.o [1]
angle_y_out             0x20006e1c     0x4  Data  Gb  Postion_Hold.o [1]
apply_accel_filter      0x0000754d    0x90  Code  Lc  attitudesolving_B.o [1]
arming                  0x20006e70     0x2  Data  Gb  control_command.o [1]
asinf                   0x000083fd          Code  Gb  asinf.o [4]
atan2f                  0x0000829d          Code  Gb  atan2f.o [4]
atanf                   0x00008255          Code  Gb  atanf.o [4]
atof                    0x0000c441     0x8  Code  Gb  strto64.o [4]
attitudeActual          0x20006b44    0x1c  Data  Gb  data_common.o [1]
attitudeSettings        0x20006a74    0x28  Data  Gb  param_common.o [1]
attsolving              0x00006f51   0x248  Code  Gb  attitudesolving_B.o [1]
auto_throttle           0x20006d14     0x4  Data  Gb  core_autopilot.o [1]
axis_lock_accum         0x20006cc4     0xc  Data  Gb  stabilization_B.o [1]
bias_correct_gyro       0x20000089     0x1  Data  Lc  attitudesolving_B.o [1]
bound                   0x000019e9    0x28  Code  Lc  virtualflybar.o [1]
bound_min_max           0x00001795    0x2a  Code  Gb  misc_math.o [1]
bound_sym               0x000017bf    0x10  Code  Gb  misc_math.o [1]
bzero                   0x0000a8f3    0x10  Code  Gb  YRK_NRF24L0.o [1]
circular_modulus_deg    0x000017d1    0x3c  Code  Gb  misc_math.o [1]
command_handler         0x0000c9ad   0x3e8  Code  Gb  control_command.o [1]
complimentary_filter_status
                        0x20006e96     0x1  Data  Lc  attitudesolving_B.o [1]
config_spi              0x0000a771    0x3a  Code  Gb  YRK_NRF24L0.o [1]
config_ssi_gpio         0x0000a699    0xd8  Code  Gb  YRK_NRF24L0.o [1]
conv_factor             0x0000f36c     0x4  Data  Lc  Flow_B.o [1]
cosf                    0x00002691     0x4  Code  Gb  cos_sin32.o [4]
data_common_init        0x0000d839    0x34  Code  Gb  data_common.o [1]
ddiv                    0x0000bfd5    0xd0  Code  Lc  strto64.o [4]
delta_sumx              0x20006e30     0x4  Data  Gb  Postion_Hold.o [1]
delta_sumy              0x20006e34     0x4  Data  Gb  Postion_Hold.o [1]
deriv_gamma             0x2000005c     0x4  Data  Lc  pid.o [1]
deriv_tau               0x20000058     0x4  Data  Lc  pid.o [1]
dmul                    0x0000bf01    0xd2  Code  Lc  strto64.o [4]
eeprom_read             0x0000e5c1    0x5e  Code  Gb  eepromqsj.o [1]
eeprom_readdate         0x20006c10    0x14  Data  Gb  eepromqsj.o [1]
eeprom_write            0x0000e61f    0x70  Code  Gb  eepromqsj.o [1]
exit                    0x0000efa9     0x4  Code  Gb  exit.o [3]
expf                    0x00001759    0x3c  Code  Gb  exp32.o [4]
expo3                   0x0000180d    0x46  Code  Gb  misc_math.o [1]
flag_nrf                0x20006d2c     0x4  Data  Gb  data_transfer.o [1]
flightStatus            0x20006d28     0x4  Data  Gb  data_common.o [1]
flight_init_task        0x0000ce65   0x122  Code  Lc  TM4C.o [1]
flight_routine_control_task
                        0x0000e84f    0x3c  Code  Gb  flight_routine.o [1]
flight_routine_ks103_task
                        0x0000e88b    0x50  Code  Gb  flight_routine.o [1]
flight_routine_task     0x0000e729   0x126  Code  Gb  flight_routine.o [1]
flow_buf                0x20006b7c    0x1c  Data  Lc  Flow_B.o [1]
flow_buf_rad            0x20006998    0x30  Data  Lc  Flow_B.o [1]
flow_rad                0x20006968    0x30  Data  Lc  Flow_B.o [1]
fmodf                   0x00002021          Code  Gb  fmodf.o [4]
frexpf                  0x00002a9d          Code  Gb  frexpf.o [4]
g_pfnRAMVectors         0x20000400   0x26c  Data  Lc  interrupt.o [1]
g_pui32EnRegs           0x0000f24c    0x14  Data  Lc  interrupt.o [1]
g_pui32GPIOBaseAddrs    0x0000ee08    0x78  Data  Lc  gpio.o [1]
g_pui32Priority         0x0000f118    0x20  Data  Lc  interrupt.o [1]
g_pui32Regs             0x0000ed6c    0x9c  Data  Lc  interrupt.o [1]
g_pui32Xtals            0x0000be90    0x6c  Data  Lc  sysctl.o [1]
g_ui32Base              0x20006d20     0x4  Data  Lc  core_uartstdio.o [1]
g_ui32UARTBase          0x0000f0d8    0x20  Data  Lc  core_uartstdio.o [1]
g_ui32UARTPeriph        0x0000f0f8    0x20  Data  Lc  core_uartstdio.o [1]
getattdata              0x00008309    0xec  Code  Gb  sensorfetch.o [1]
gyro_alpha              0x20006e54     0x4  Data  Gb  stabilization_B.o [1]
gyro_correct_int        0x20006c64     0xc  Data  Lc  attitudesolving_B.o [1]
gyro_filtered           0x20006cb8     0xc  Data  Gb  stabilization_B.o [1]
gyro_temp_bias          0x20006c88     0xc  Data  Lc  attitudesolving_B.o [1]
gyrosBias               0x20006c94     0xc  Data  Gb  data_common.o [1]
gyrosData               0x20006c34    0x10  Data  Gb  data_common.o [1]
high                    0x20006ea3     0x1  Data  Lc  relay_tuning.o [1]
hold                    0x0000e91d   0x10c  Code  Gb  hold.o [1]
horizonRateFraction     0x20006e5c     0x4  Data  Gb  stabilization_B.o [1]
ks103_delta_distance    0x20006d6c     0x4  Data  Gb  KS103.o [1]
ks103_distance          0x20006d64     0x4  Data  Gb  KS103.o [1]
ks103_handler           0x0000d4f9    0x60  Code  Gb  KS103.o [1]
ks103_last_distance     0x20006d68     0x4  Data  Gb  KS103.o [1]
lastHighTime            0x20006e38     0x4  Data  Gb  relay_tuning.o [1]
lastLowTime             0x20006e3c     0x4  Data  Gb  relay_tuning.o [1]
last_pitch              0x20006d58     0x4  Data  Lc  Flow_B.o [1]
last_roll               0x20006d54     0x4  Data  Lc  Flow_B.o [1]
last_tot_x_cm           0x20006e10     0x4  Data  Gb  Postion_Hold.o [1]
last_tot_y_cm           0x20006e14     0x4  Data  Gb  Postion_Hold.o [1]
lasts                   0x20006d60     0x4  Data  Gb  hold.o [1]
ldexp                   0x0000a27d          Code  Gb  ldexp.o [4]
ldexpf                  0x000029d9          Code  Gb  ldexpf.o [4]
ldexpl                  0x0000a27d          Code  Gb  ldexp.o [4]
led_init                0x0000d0e1    0x38  Code  Gb  YRK_LED.o [1]
lowThrottleZeroIntegral
                        0x20006ea7     0x1  Data  Gb  stabilization_B.o [1]
lowthrottle             0x20006e99     0x1  Data  Gb  hold.o [1]
main                    0x0000cd95    0x5a  Code  Gb  TM4C.o [1]
max_axis_lock           0x20006ea4     0x1  Data  Gb  stabilization_B.o [1]
max_axislock_rate       0x20006ea5     0x1  Data  Gb  stabilization_B.o [1]
memchr                  0x00009f01          Code  Gb  memchr.o [5]
mixing                  0x0000ea29    0xd8  Code  Gb  mixer.o [1]
motorSettings           0x20006b24    0x20  Data  Gb  param_common.o [1]
motor_reset             0x0000dd89    0x7c  Code  Gb  motor_control.o [1]
motorcontrol_init       0x0000db69   0x12e  Code  Gb  motor_control.o [1]
motorspeed_set          0x0000dc97    0xf2  Code  Gb  motor_control.o [1]
mpu6050_I2C_RecvACK     0x000087c5    0x46  Code  Gb  YRK_MPU6050_SOFT.o [1]
mpu6050_I2C_RecvByte    0x0000884b    0x60  Code  Gb  YRK_MPU6050_SOFT.o [1]
mpu6050_I2C_SendACK     0x00008797    0x2e  Code  Gb  YRK_MPU6050_SOFT.o [1]
mpu6050_I2C_SendByte    0x0000880b    0x40  Code  Gb  YRK_MPU6050_SOFT.o [1]
mpu6050_I2C_Start       0x00008755    0x24  Code  Gb  YRK_MPU6050_SOFT.o [1]
mpu6050_I2C_Stop        0x00008779    0x1e  Code  Gb  YRK_MPU6050_SOFT.o [1]
mpu6050_soft_OPEN       0x0000871f    0x36  Code  Gb  YRK_MPU6050_SOFT.o [1]
mpu6050_soft_delay      0x0000871d     0x2  Code  Gb  YRK_MPU6050_SOFT.o [1]
mpu6050_soft_getdata    0x00008921    0x24  Code  Gb  YRK_MPU6050_SOFT.o [1]
mpu6050_soft_init       0x00008945    0x7a  Code  Gb  YRK_MPU6050_SOFT.o [1]
mpu6050_soft_read_reg   0x000088eb    0x36  Code  Gb  YRK_MPU6050_SOFT.o [1]
mpu6050_soft_write_reg  0x000088c5    0x26  Code  Gb  YRK_MPU6050_SOFT.o [1]
nrf_flag                0x20006e74     0x2  Data  Gb  data_transfer.o [1]
nrf_getcmd              0x0000e4a3    0x48  Code  Gb  data_transfer.o [1]
nrf_handler             0x0000ac5f   0x12a  Code  Gb  YRK_NRF24L0.o [1]
nrf_init                0x0000a7bb    0xc0  Code  Gb  YRK_NRF24L0.o [1]
nrf_irq_flag            0x20006e76     0x2  Data  Gb  data_transfer.o [1]
nrf_irq_tx_addr         0x20006e60     0x4  Data  Gb  YRK_NRF24L0.o [1]
nrf_irq_tx_flag         0x20006eac     0x1  Data  Gb  YRK_NRF24L0.o [1]
nrf_irq_tx_pnum         0x20006e64     0x4  Data  Gb  YRK_NRF24L0.o [1]
nrf_link_check          0x0000a9c7    0x52  Code  Gb  YRK_NRF24L0.o [1]
nrf_mode                0x20006ea8     0x1  Data  Gb  YRK_NRF24L0.o [1]
nrf_readbuf             0x0000a983    0x44  Code  Lc  YRK_NRF24L0.o [1]
nrf_readreg             0x0000a925    0x24  Code  Lc  YRK_NRF24L0.o [1]
nrf_rx                  0x0000aadd   0x11c  Code  Gb  YRK_NRF24L0.o [1]
nrf_rx_flag             0x20006eab     0x1  Data  Gb  YRK_NRF24L0.o [1]
nrf_rx_front            0x20006ea9     0x1  Data  Gb  YRK_NRF24L0.o [1]
nrf_rx_mode             0x0000aa19    0x64  Code  Lc  YRK_NRF24L0.o [1]
nrf_rx_rear             0x20006eaa     0x1  Data  Gb  YRK_NRF24L0.o [1]
nrf_sendstate           0x0000e4ed    0x96  Code  Gb  data_transfer.o [1]
nrf_tx                  0x0000abf9    0x66  Code  Gb  YRK_NRF24L0.o [1]
nrf_tx_mode             0x0000aa7d    0x60  Code  Lc  YRK_NRF24L0.o [1]
nrf_writebuf            0x0000a949    0x3a  Code  Lc  YRK_NRF24L0.o [1]
nrf_writereg            0x0000a903    0x22  Code  Lc  YRK_NRF24L0.o [1]
nrfspiinit              0x0000a7ab    0x10  Code  Gb  YRK_NRF24L0.o [1]
param_common_init       0x0000d86d   0x2fc  Code  Gb  param_common.o [1]
pid_apply               0x00001539    0xca  Code  Gb  pid.o [1]
pid_apply_setpoint      0x00001605    0xee  Code  Gb  pid.o [1]
pid_configure           0x00001739    0x16  Code  Gb  pid.o [1]
pid_configure_derivative
                        0x00001705    0x1e  Code  Gb  pid.o [1]
pid_zero                0x000016f3    0x12  Code  Gb  pid.o [1]
pids                    0x20005afc   0x118  Data  Gb  stabilization_B.o [1]
pos_x_i                 0x20006e20     0x4  Data  Gb  Postion_Hold.o [1]
pos_y_i                 0x20006e24     0x4  Data  Gb  Postion_Hold.o [1]
powf                    0x000024b5     0x4  Code  Gb  pow32.o [4]
pows                    0x0000c448    0x48  Data  Lc  strto64.o [4]
previous_mode           0x20000060     0x4  Data  Gb  stabilization_B.o [1]
pui32Stack              0x2000066c   0x200  Data  Lc  startup_ewarm.o [1]
px4_data_fix            0x0000b3bd   0x190  Code  Gb  Flow_B.o [1]
px4_data_fix::High_Now_before
                        0x20006d5c     0x4  Data  Lc  Flow_B.o [1]
px4_sumx                0x20006d30     0x4  Data  Lc  Flow_B.o [1]
px4_sumy                0x20006d34     0x4  Data  Lc  Flow_B.o [1]
q                       0x20000000    0x10  Data  Lc  attitudesolving_B.o [1]
quat_copy               0x00008149    0x12  Code  Gb  coordinate_conversions.o [1]
radians_to_pixels_x     0x0000f364     0x4  Data  Gb  Flow_B.o [1]
radians_to_pixels_y     0x0000f368     0x4  Data  Gb  Flow_B.o [1]
rateDesired             0x20006ca0     0xc  Data  Gb  data_common.o [1]
rateDesiredAxis         0x20000070     0x4  Data  Gb  stabilization_B.o [1]
rateRelayRunning        0x20006e50     0x4  Data  Lc  relay_tuning.o [1]
receive_date_check      0x0000e2f5   0x1ae  Code  Gb  data_transfer.o [1]
relay                   0x20006b98    0x18  Data  Gb  data_common.o [1]
relaySettings           0x20006c54    0x10  Data  Gb  param_common.o [1]
remote_controller_task  0x0000d703    0x2c  Code  Gb  core_ppm.o [1]
rot_mult                0x0000815b    0xfa  Code  Gb  coordinate_conversions.o [1]
rotate                  0x20000088     0x1  Data  Lc  attitudesolving_B.o [1]
scalbln                 0x0000a27d          Code  Gb  ldexp.o [4]
scalblnf                0x000029d9          Code  Gb  ldexpf.o [4]
scalblnl                0x0000a27d          Code  Gb  ldexp.o [4]
scalbn                  0x0000a27d          Code  Gb  ldexp.o [4]
scalbnf                 0x000029d9          Code  Gb  ldexpf.o [4]
scalbnl                 0x0000a27d          Code  Gb  ldexp.o [4]
scale                   0x00009725    0x46  Code  Lc  xprintffull_nomb.o [3]
sec_hand                0x20006e6c     0x4  Data  Lc  xfail_s.o [3]
sensorData              0x20006a4c    0x28  Data  Gb  data_common.o [1]
sensorSettings          0x20006880    0x70  Data  Gb  param_common.o [1]
sin_lookup_deg          0x000014f1    0x44  Code  Gb  sin_lookup.o [1]
sin_lookup_initialize   0x000014ed     0x4  Code  Gb  sin_lookup.o [1]
sin_table               0x0000e024   0x2d0  Data  Gb  sin_lookup.o [1]
sinf                    0x00002695     0x4  Code  Gb  cos_sin32.o [4]
sprintf                 0x0000be0d    0x40  Code  Gb  sprintf.o [3]
sqrtf                   0x000029b9          Code  Gb  sqrtf.o [4]
ssi_cmd                 0x0000a87b    0x78  Code  Gb  YRK_NRF24L0.o [1]
stabDesired             0x20006bc8    0x18  Data  Gb  data_common.o [1]
stabDesiredAxis         0x20000068     0x4  Data  Gb  stabilization_B.o [1]
stabilizationSettings   0x20005c14    0xdc  Data  Gb  param_common.o [1]
stabilization_relay_rate
                        0x00001aa5   0x2f4  Code  Gb  relay_tuning.o [1]
stabilization_virtual_flybar
                        0x00001865    0xfe  Code  Gb  virtualflybar.o [1]
stabilization_virtual_flybar_pirocomp
                        0x00001965    0x6e  Code  Gb  virtualflybar.o [1]
stabilize               0x0000049d   0xfba  Code  Gb  stabilization_B.o [1]
start_task              0x0000cdf1    0x74  Code  Lc  TM4C.o [1]
strchr                  0x00009e6d          Code  Gb  strchr.o [5]
strcspn                 0x0000be6f    0x22  Code  Gb  strcspn.o [3]
strlen                  0x00009ec9          Code  Gb  strlen.o [5]
strspn                  0x0000be4d    0x22  Code  Gb  strspn.o [3]
strtok                  0x0000bdb5    0x48  Code  Gb  strtok.o [3]
t_tim0_cnt              0x20006d1c     0x4  Data  Gb  core_t_timer.o [1]
testpurpose_tim0_init   0x0000d625    0x38  Code  Gb  core_t_timer.o [1]
thisTime                0x20006e40     0x4  Data  Gb  relay_tuning.o [1]
tim1_init               0x0000d5bd    0x5a  Code  Gb  YRK_init.o [1]
timer                   0x20006b60    0x1c  Data  Gb  data_common.o [1]
tot_x_cm                0x20006e08     0x4  Data  Gb  Postion_Hold.o [1]
tot_y_cm                0x20006e0c     0x4  Data  Gb  Postion_Hold.o [1]
trimAngles              0x20006cdc     0x8  Data  Gb  data_common.o [1]
trim_accels             0x20006c7c     0xc  Data  Lc  attitudesolving_B.o [1]
trim_requested          0x20006e95     0x1  Data  Lc  attitudesolving_B.o [1]
trim_samples            0x20006d08     0x4  Data  Lc  attitudesolving_B.o [1]
uart_adjust_task        0x0000b929   0x42a  Code  Gb  core_uart.o [1]
updateAttitude          0x00007631   0x50a  Code  Lc  attitudesolving_B.o [1]
updateSensorsCC3D       0x000071a1    0x20  Code  Lc  attitudesolving_B.o [1]
updateTemperatureComp   0x00007b41   0x122  Code  Lc  attitudesolving_B.o [1]
update_accels           0x000071c1    0xb2  Code  Lc  attitudesolving_B.o [1]
update_gyros            0x0000727d   0x138  Code  Lc  attitudesolving_B.o [1]
update_trimming         0x000074b9    0x94  Code  Lc  attitudesolving_B.o [1]
vbar_decay              0x20000064     0x4  Data  Gb  stabilization_B.o [1]
vbar_decay              0x20000074     0x4  Data  Lc  virtualflybar.o [1]
vbar_integral           0x20006cd0     0xc  Data  Lc  virtualflybar.o [1]
weak_leveling_kp        0x20006e58     0x4  Data  Gb  stabilization_B.o [1]
weak_leveling_max       0x20006ea6     0x1  Data  Gb  stabilization_B.o [1]
yawBiasRate             0x20006d00     0x4  Data  Lc  attitudesolving_B.o [1]
zero_during_arming      0x20006e93     0x1  Data  Lc  attitudesolving_B.o [1]


[1] = C:\Users\victo\Documents\GitHub\SHU_FlightControl_TM4C\Project_Files\Debug\Obj
[2] = command line
[3] = dl7M_tln.a
[4] = m7M_tls.a
[5] = rt7M_tl.a
[6] = shb_l.a

  59 586 bytes of readonly  code memory
   3 039 bytes of readonly  data memory
  27 447 bytes of readwrite data memory

Errors: none
Warnings: none
