###############################################################################
#
# IAR ELF Linker V8.11.1.13263/W32 for ARM                07/Aug/2017  23:46:16
# Copyright 2007-2017 IAR Systems AB.
#
#    Output file  =  
#        C:\Users\victo\Documents\GitHub\SHU_FlightControl_TM4C\Project_Files\Debug\Exe\Project.out
#    Map file     =  
#        C:\Users\victo\Documents\GitHub\SHU_FlightControl_TM4C\Project_Files\Debug\List\Project.map
#    Command line =  
#        -f C:\Users\victo\AppData\Local\Temp\EW314B.tmp
#        (C:\Users\victo\Documents\GitHub\SHU_FlightControl_TM4C\Project_Files\Debug\Obj\adc.o
#        C:\Users\victo\Documents\GitHub\SHU_FlightControl_TM4C\Project_Files\Debug\Obj\atmospheric_math.o
#        C:\Users\victo\Documents\GitHub\SHU_FlightControl_TM4C\Project_Files\Debug\Obj\attitudesolving_B.o
#        C:\Users\victo\Documents\GitHub\SHU_FlightControl_TM4C\Project_Files\Debug\Obj\bsp.o
#        C:\Users\victo\Documents\GitHub\SHU_FlightControl_TM4C\Project_Files\Debug\Obj\bsp_int.o
#        C:\Users\victo\Documents\GitHub\SHU_FlightControl_TM4C\Project_Files\Debug\Obj\bsp_sys.o
#        C:\Users\victo\Documents\GitHub\SHU_FlightControl_TM4C\Project_Files\Debug\Obj\can.o
#        C:\Users\victo\Documents\GitHub\SHU_FlightControl_TM4C\Project_Files\Debug\Obj\comp.o
#        C:\Users\victo\Documents\GitHub\SHU_FlightControl_TM4C\Project_Files\Debug\Obj\control_command_B.o
#        C:\Users\victo\Documents\GitHub\SHU_FlightControl_TM4C\Project_Files\Debug\Obj\coordinate_conversions.o
#        C:\Users\victo\Documents\GitHub\SHU_FlightControl_TM4C\Project_Files\Debug\Obj\core_autopilot.o
#        C:\Users\victo\Documents\GitHub\SHU_FlightControl_TM4C\Project_Files\Debug\Obj\core_camera.o
#        C:\Users\victo\Documents\GitHub\SHU_FlightControl_TM4C\Project_Files\Debug\Obj\core_common.o
#        C:\Users\victo\Documents\GitHub\SHU_FlightControl_TM4C\Project_Files\Debug\Obj\core_ppm.o
#        C:\Users\victo\Documents\GitHub\SHU_FlightControl_TM4C\Project_Files\Debug\Obj\core_t_timer.o
#        C:\Users\victo\Documents\GitHub\SHU_FlightControl_TM4C\Project_Files\Debug\Obj\core_uart.o
#        C:\Users\victo\Documents\GitHub\SHU_FlightControl_TM4C\Project_Files\Debug\Obj\core_uartstdio.o
#        C:\Users\victo\Documents\GitHub\SHU_FlightControl_TM4C\Project_Files\Debug\Obj\cpu.o
#        C:\Users\victo\Documents\GitHub\SHU_FlightControl_TM4C\Project_Files\Debug\Obj\cpu_a.o
#        C:\Users\victo\Documents\GitHub\SHU_FlightControl_TM4C\Project_Files\Debug\Obj\cpu_bsp.o
#        C:\Users\victo\Documents\GitHub\SHU_FlightControl_TM4C\Project_Files\Debug\Obj\cpu_c.o
#        C:\Users\victo\Documents\GitHub\SHU_FlightControl_TM4C\Project_Files\Debug\Obj\cpu_core.o
#        C:\Users\victo\Documents\GitHub\SHU_FlightControl_TM4C\Project_Files\Debug\Obj\data_common.o
#        C:\Users\victo\Documents\GitHub\SHU_FlightControl_TM4C\Project_Files\Debug\Obj\data_transfer.o
#        C:\Users\victo\Documents\GitHub\SHU_FlightControl_TM4C\Project_Files\Debug\Obj\eeprom.o
#        C:\Users\victo\Documents\GitHub\SHU_FlightControl_TM4C\Project_Files\Debug\Obj\eepromqsj.o
#        C:\Users\victo\Documents\GitHub\SHU_FlightControl_TM4C\Project_Files\Debug\Obj\flash.o
#        C:\Users\victo\Documents\GitHub\SHU_FlightControl_TM4C\Project_Files\Debug\Obj\flight_routine.o
#        C:\Users\victo\Documents\GitHub\SHU_FlightControl_TM4C\Project_Files\Debug\Obj\Flow_B.o
#        C:\Users\victo\Documents\GitHub\SHU_FlightControl_TM4C\Project_Files\Debug\Obj\fpu.o
#        C:\Users\victo\Documents\GitHub\SHU_FlightControl_TM4C\Project_Files\Debug\Obj\gpio.o
#        C:\Users\victo\Documents\GitHub\SHU_FlightControl_TM4C\Project_Files\Debug\Obj\hibernate.o
#        C:\Users\victo\Documents\GitHub\SHU_FlightControl_TM4C\Project_Files\Debug\Obj\hold.o
#        C:\Users\victo\Documents\GitHub\SHU_FlightControl_TM4C\Project_Files\Debug\Obj\i2c.o
#        C:\Users\victo\Documents\GitHub\SHU_FlightControl_TM4C\Project_Files\Debug\Obj\interrupt.o
#        C:\Users\victo\Documents\GitHub\SHU_FlightControl_TM4C\Project_Files\Debug\Obj\KS103.o
#        C:\Users\victo\Documents\GitHub\SHU_FlightControl_TM4C\Project_Files\Debug\Obj\lib_ascii.o
#        C:\Users\victo\Documents\GitHub\SHU_FlightControl_TM4C\Project_Files\Debug\Obj\lib_math.o
#        C:\Users\victo\Documents\GitHub\SHU_FlightControl_TM4C\Project_Files\Debug\Obj\lib_mem.o
#        C:\Users\victo\Documents\GitHub\SHU_FlightControl_TM4C\Project_Files\Debug\Obj\lib_mem_a.o
#        C:\Users\victo\Documents\GitHub\SHU_FlightControl_TM4C\Project_Files\Debug\Obj\lib_str.o
#        C:\Users\victo\Documents\GitHub\SHU_FlightControl_TM4C\Project_Files\Debug\Obj\misc_math.o
#        C:\Users\victo\Documents\GitHub\SHU_FlightControl_TM4C\Project_Files\Debug\Obj\mixer.o
#        C:\Users\victo\Documents\GitHub\SHU_FlightControl_TM4C\Project_Files\Debug\Obj\motor_control.o
#        C:\Users\victo\Documents\GitHub\SHU_FlightControl_TM4C\Project_Files\Debug\Obj\mpu.o
#        C:\Users\victo\Documents\GitHub\SHU_FlightControl_TM4C\Project_Files\Debug\Obj\os_app_hooks.o
#        C:\Users\victo\Documents\GitHub\SHU_FlightControl_TM4C\Project_Files\Debug\Obj\os_cfg_app.o
#        C:\Users\victo\Documents\GitHub\SHU_FlightControl_TM4C\Project_Files\Debug\Obj\os_core.o
#        C:\Users\victo\Documents\GitHub\SHU_FlightControl_TM4C\Project_Files\Debug\Obj\os_cpu_a.o
#        C:\Users\victo\Documents\GitHub\SHU_FlightControl_TM4C\Project_Files\Debug\Obj\os_cpu_c.o
#        C:\Users\victo\Documents\GitHub\SHU_FlightControl_TM4C\Project_Files\Debug\Obj\os_dbg.o
#        C:\Users\victo\Documents\GitHub\SHU_FlightControl_TM4C\Project_Files\Debug\Obj\os_flag.o
#        C:\Users\victo\Documents\GitHub\SHU_FlightControl_TM4C\Project_Files\Debug\Obj\os_int.o
#        C:\Users\victo\Documents\GitHub\SHU_FlightControl_TM4C\Project_Files\Debug\Obj\os_mem.o
#        C:\Users\victo\Documents\GitHub\SHU_FlightControl_TM4C\Project_Files\Debug\Obj\os_msg.o
#        C:\Users\victo\Documents\GitHub\SHU_FlightControl_TM4C\Project_Files\Debug\Obj\os_mutex.o
#        C:\Users\victo\Documents\GitHub\SHU_FlightControl_TM4C\Project_Files\Debug\Obj\os_pend_multi.o
#        C:\Users\victo\Documents\GitHub\SHU_FlightControl_TM4C\Project_Files\Debug\Obj\os_prio.o
#        C:\Users\victo\Documents\GitHub\SHU_FlightControl_TM4C\Project_Files\Debug\Obj\os_q.o
#        C:\Users\victo\Documents\GitHub\SHU_FlightControl_TM4C\Project_Files\Debug\Obj\os_sem.o
#        C:\Users\victo\Documents\GitHub\SHU_FlightControl_TM4C\Project_Files\Debug\Obj\os_stat.o
#        C:\Users\victo\Documents\GitHub\SHU_FlightControl_TM4C\Project_Files\Debug\Obj\os_task.o
#        C:\Users\victo\Documents\GitHub\SHU_FlightControl_TM4C\Project_Files\Debug\Obj\os_tick.o
#        C:\Users\victo\Documents\GitHub\SHU_FlightControl_TM4C\Project_Files\Debug\Obj\os_time.o
#        C:\Users\victo\Documents\GitHub\SHU_FlightControl_TM4C\Project_Files\Debug\Obj\os_tmr.o
#        C:\Users\victo\Documents\GitHub\SHU_FlightControl_TM4C\Project_Files\Debug\Obj\os_var.o
#        C:\Users\victo\Documents\GitHub\SHU_FlightControl_TM4C\Project_Files\Debug\Obj\param_common.o
#        C:\Users\victo\Documents\GitHub\SHU_FlightControl_TM4C\Project_Files\Debug\Obj\pid.o
#        C:\Users\victo\Documents\GitHub\SHU_FlightControl_TM4C\Project_Files\Debug\Obj\Postion_Hold.o
#        C:\Users\victo\Documents\GitHub\SHU_FlightControl_TM4C\Project_Files\Debug\Obj\pwm.o
#        C:\Users\victo\Documents\GitHub\SHU_FlightControl_TM4C\Project_Files\Debug\Obj\qei.o
#        C:\Users\victo\Documents\GitHub\SHU_FlightControl_TM4C\Project_Files\Debug\Obj\relay_tuning.o
#        C:\Users\victo\Documents\GitHub\SHU_FlightControl_TM4C\Project_Files\Debug\Obj\sensorfetch.o
#        C:\Users\victo\Documents\GitHub\SHU_FlightControl_TM4C\Project_Files\Debug\Obj\sin_lookup.o
#        C:\Users\victo\Documents\GitHub\SHU_FlightControl_TM4C\Project_Files\Debug\Obj\ssi.o
#        C:\Users\victo\Documents\GitHub\SHU_FlightControl_TM4C\Project_Files\Debug\Obj\stabilization_B.o
#        C:\Users\victo\Documents\GitHub\SHU_FlightControl_TM4C\Project_Files\Debug\Obj\startup_ewarm.o
#        C:\Users\victo\Documents\GitHub\SHU_FlightControl_TM4C\Project_Files\Debug\Obj\sw_crc.o
#        C:\Users\victo\Documents\GitHub\SHU_FlightControl_TM4C\Project_Files\Debug\Obj\sysctl.o
#        C:\Users\victo\Documents\GitHub\SHU_FlightControl_TM4C\Project_Files\Debug\Obj\sysexc.o
#        C:\Users\victo\Documents\GitHub\SHU_FlightControl_TM4C\Project_Files\Debug\Obj\systick.o
#        C:\Users\victo\Documents\GitHub\SHU_FlightControl_TM4C\Project_Files\Debug\Obj\timer.o
#        C:\Users\victo\Documents\GitHub\SHU_FlightControl_TM4C\Project_Files\Debug\Obj\TM4C.o
#        C:\Users\victo\Documents\GitHub\SHU_FlightControl_TM4C\Project_Files\Debug\Obj\uart.o
#        C:\Users\victo\Documents\GitHub\SHU_FlightControl_TM4C\Project_Files\Debug\Obj\udma.o
#        C:\Users\victo\Documents\GitHub\SHU_FlightControl_TM4C\Project_Files\Debug\Obj\usb.o
#        C:\Users\victo\Documents\GitHub\SHU_FlightControl_TM4C\Project_Files\Debug\Obj\virtualflybar.o
#        C:\Users\victo\Documents\GitHub\SHU_FlightControl_TM4C\Project_Files\Debug\Obj\watchdog.o
#        C:\Users\victo\Documents\GitHub\SHU_FlightControl_TM4C\Project_Files\Debug\Obj\YRK_AK8975_SOFT.o
#        C:\Users\victo\Documents\GitHub\SHU_FlightControl_TM4C\Project_Files\Debug\Obj\YRK_init.o
#        C:\Users\victo\Documents\GitHub\SHU_FlightControl_TM4C\Project_Files\Debug\Obj\YRK_LED.o
#        C:\Users\victo\Documents\GitHub\SHU_FlightControl_TM4C\Project_Files\Debug\Obj\YRK_MPU6050_SOFT.o
#        C:\Users\victo\Documents\GitHub\SHU_FlightControl_TM4C\Project_Files\Debug\Obj\YRK_NRF24L0.o
#        C:\Users\victo\Documents\GitHub\SHU_FlightControl_TM4C\Project_Files\Debug\Obj\YRK_SONAR.o
#        -o
#        C:\Users\victo\Documents\GitHub\SHU_FlightControl_TM4C\Project_Files\Debug\Exe\Project.out
#        --redirect _Printf=_PrintfFullNoMb --redirect _Scanf=_ScanfFullNoMb
#        --map
#        C:\Users\victo\Documents\GitHub\SHU_FlightControl_TM4C\Project_Files\Debug\List\Project.map
#        --config "C:\Program Files (x86)\IAR Systems\Embedded Workbench
#        8.0\arm\config\linker\TexasInstruments\TM4C123GH6.icf" --semihosting
#        --entry __iar_program_start --vfe --text_out locale)
#
###############################################################################

*******************************************************************************
*** RUNTIME MODEL ATTRIBUTES
***

CppFlavor       = *
__SystemLibrary = DLib
__dlib_version  = 6


*******************************************************************************
*** HEAP SELECTION
***

The basic heap was selected because no calls to memory allocation
functions were found in the application outside of system library
functions, and there are calls to deallocation functions in the
application.


*******************************************************************************
*** PLACEMENT SUMMARY
***

"A0":  place at 0x00000000 { ro section .intvec };
"P1":  place in [from 0x00000000 to 0x0003ffff] { ro };
"P2":  place in [from 0x20000000 to 0x20007fff] { rw, block CSTACK, block HEAP };
do not initialize { section .noinit };
initialize by copy { rw };

  Section            Kind        Address    Size  Object
  -------            ----        -------    ----  ------
"A0":                                      0x26c
  .intvec            const    0x00000000   0x26c  startup_ewarm.o [1]
                            - 0x0000026c   0x26c

"P1":                                     0xede1
  .text              ro code  0x0000026c  0x1268  stabilization_B.o [1]
  .text              ro code  0x000014d4    0x4c  sin_lookup.o [1]
  .text              ro code  0x00001520   0x216  pid.o [1]
  .text              ro code  0x00001736     0xa  xsprout.o [3]
  .text              ro code  0x00001740    0x3c  exp32.o [4]
  .text              ro code  0x0000177c    0xd0  misc_math.o [1]
  .text              ro code  0x0000184c   0x1ac  virtualflybar.o [1]
  .text              ro code  0x000019f8    0x48  FltToDbl.o [4]
  .text              ro code  0x00001a40    0x1a  U32ToDbl.o [4]
  .rodata            const    0x00001a5a     0x2  core_uart.o [1]
  .text              ro code  0x00001a5c    0x2e  DblCmpLe.o [4]
  .rodata            const    0x00001a8a     0x2  os_cfg_app.o [1]
  .text              ro code  0x00001a8c   0x2f4  relay_tuning.o [1]
  .text              ro code  0x00001d80   0x278  iar_Exp32.o [4]
  .text              ro code  0x00001ff8    0xcc  fmodf.o [4]
  .text              ro code  0x000020c4   0x3dc  pow32.o [4]
  .text              ro code  0x000024a0   0x1e0  cos_sin32.o [4]
  .text              ro code  0x00002680   0x130  os_time.o [1]
  .text              ro code  0x000027b0    0x1e  sqrtf.o [4]
  .rodata            const    0x000027ce     0x2  os_cfg_app.o [1]
  .text              ro code  0x000027d0    0xc4  ldexpf.o [4]
  .text              ro code  0x00002894    0x48  frexpf.o [4]
  .text              ro code  0x000028dc   0x560  os_tick.o [1]
  .text              ro code  0x00002e3c   0xacc  os_core.o [1]
  .text              ro code  0x00003908   0x39c  os_cpu_c.o [1]
  .text              ro code  0x00003ca4    0x44  cpu_bsp.o [1]
  .text              ro code  0x00003ce8   0x434  os_int.o [1]
  .text              ro code  0x0000411c   0xe98  os_task.o [1]
  .text              ro code  0x00004fb4    0xa4  os_prio.o [1]
  .text              ro code  0x00005058   0x216  os_flag.o [1]
  .rodata            const    0x0000526e     0x2  os_dbg.o [1]
  .text              ro code  0x00005270    0x1c  os_mem.o [1]
  .text              ro code  0x0000528c   0x1c0  os_msg.o [1]
  .text              ro code  0x0000544c   0x53c  os_mutex.o [1]
  .text              ro code  0x00005988   0x138  os_q.o [1]
  .text              ro code  0x00005ac0    0xf4  os_sem.o [1]
  .text              ro code  0x00005bb4   0x5c8  os_stat.o [1]
  .text              ro code  0x0000617c   0x228  os_tmr.o [1]
  .text              ro code  0x000063a4   0x234  os_dbg.o [1]
  .text              ro code  0x000065d8    0xe0  os_cfg_app.o [1]
  CODE               ro code  0x000066b8   0x10c  os_cpu_a.o [1]
  .text              ro code  0x000067c4    0x24  bsp_sys.o [1]
  .text              ro code  0x000067e8    0x4c  cpu_core.o [1]
  CODE               ro code  0x00006834    0x34  cpu_a.o [1]
  .text              ro code  0x00006868    0xec  lib_mem.o [1]
  .text              ro code  0x00006954  0x116c  attitudesolving_B.o [1]
  .text              ro code  0x00007ac0    0xa6  ABImemcpy.o [5]
  .rodata            const    0x00007b66     0x2  os_dbg.o [1]
  .text              ro code  0x00007b68   0x4e4  coordinate_conversions.o [1]
  .text              ro code  0x0000804c    0x48  atanf.o [4]
  .text              ro code  0x00008094    0x6a  atan2f.o [4]
  .rodata            const    0x000080fe     0x2  os_dbg.o [1]
  .text              ro code  0x00008100    0xf4  sensorfetch.o [1]
  .text              ro code  0x000081f4    0x5c  asinf.o [4]
  .text              ro code  0x00008250    0xa4  xatanf.o [4]
  .text              ro code  0x000082f4   0x220  YRK_AK8975_SOFT.o [1]
  .text              ro code  0x00008514   0x2a2  YRK_MPU6050_SOFT.o [1]
  .rodata            const    0x000087b6     0x2  os_dbg.o [1]
  .text              ro code  0x000087b8    0x22  S32ToDbl.o [4]
  .rodata            const    0x000087da     0x2  os_dbg.o [1]
  .text              ro code  0x000087dc   0x246  DblDiv.o [4]
  .rodata            const    0x00008a22     0x2  os_dbg.o [1]
  .text              ro code  0x00008a24    0x68  DblToFlt.o [4]
  .text              ro code  0x00008a8c   0x21c  gpio.o [1]
  .text              ro code  0x00008ca8    0x1a  core_common.o [1]
  .rodata            const    0x00008cc2     0x2  os_dbg.o [1]
  .text              ro code  0x00008cc4   0x1a0  sysctl.o [1]
  .text              ro code  0x00008e64   0xdda  xprintffull_nomb.o [3]
  .rodata            const    0x00009c3e     0x2  os_dbg.o [1]
  .text              ro code  0x00009c40    0x16  strchr.o [5]
  .rodata            const    0x00009c56     0x2  os_dbg.o [1]
  .text              ro code  0x00009c58    0x44  xfail_s.o [3]
  .text              ro code  0x00009c9c    0x36  strlen.o [5]
  .rodata            const    0x00009cd2     0x2  os_dbg.o [1]
  .text              ro code  0x00009cd4    0x58  memchr.o [5]
  .text              ro code  0x00009d2c    0xee  I64DivMod.o [5]
  .rodata            const    0x00009e1a     0x2  os_dbg.o [1]
  .text              ro code  0x00009e1c   0x192  DblMul.o [4]
  .rodata            const    0x00009fae     0x2  os_dbg.o [1]
  .text              ro code  0x00009fb0    0x70  frexp.o [4]
  .text              ro code  0x0000a020    0x2e  DblCmpGe.o [4]
  .rodata            const    0x0000a04e     0x2  os_dbg.o [1]
  .text              ro code  0x0000a050   0x13a  ldexp.o [4]
  .rodata            const    0x0000a18a     0x2  os_dbg.o [1]
  .text              ro code  0x0000a18c    0x3a  DblToS32.o [4]
  .rodata            const    0x0000a1c6     0x2  os_dbg.o [1]
  .text              ro code  0x0000a1c8    0xe2  DblSub.o [4]
  .rodata            const    0x0000a2aa     0x2  os_dbg.o [1]
  .text              ro code  0x0000a2ac    0x28  DblToU32.o [4]
  .text              ro code  0x0000a2d4     0x6  abort.o [3]
  .rodata            const    0x0000a2da     0x2  os_dbg.o [1]
  .text              ro code  0x0000a2dc     0x2  I64DivZer.o [5]
  .rodata            const    0x0000a2de     0x2  os_dbg.o [1]
  .text              ro code  0x0000a2e0   0x178  DblAdd.o [4]
  .text              ro code  0x0000a458    0x14  exit.o [6]
  .text              ro code  0x0000a46c   0x740  YRK_NRF24L0.o [1]
  .text              ro code  0x0000abac   0x13c  interrupt.o [1]
  .text              ro code  0x0000ace8    0x10  cpu.o [1]
  .text              ro code  0x0000acf8   0x6fc  Flow_B.o [1]
  .text              ro code  0x0000b3f4   0x136  uart.o [1]
  .rodata            const    0x0000b52a     0x2  os_dbg.o [1]
  .text              ro code  0x0000b52c    0x7c  core_uartstdio.o [1]
  .text              ro code  0x0000b5a8   0x6f8  core_uart.o [1]
  .text              ro code  0x0000bca0    0x40  sprintf.o [3]
  .text              ro code  0x0000bce0    0x48  strtok.o [3]
  .text              ro code  0x0000bd28     0xe  math_wrappers64.o [4]
  .text              ro code  0x0000bd36    0x22  strspn.o [3]
  .text              ro code  0x0000bd58    0x22  strcspn.o [3]
  .rodata            const    0x0000bd7a     0x2  os_dbg.o [1]
  .text              ro code  0x0000bd80   0x590  strto64.o [4]
  .text              ro code  0x0000c310   0x122  iar_Stopfx.o [3]
  .rodata            const    0x0000c432     0x2  os_dbg.o [1]
  .text              ro code  0x0000c434   0x1c4  iar_Stoflt.o [3]
  .text              ro code  0x0000c5f8   0x234  iar_Stoxflt.o [3]
  .text              ro code  0x0000c82c   0x2fc  param_common.o [1]
  .text              ro code  0x0000cb28   0x2dc  control_command_B.o [1]
  .text              ro code  0x0000ce04   0x2d4  motor_control.o [1]
  .text              ro code  0x0000d0d8    0xc8  pwm.o [1]
  .rodata            const    0x0000d1a0   0x2d0  sin_lookup.o [1]
  .text              ro code  0x0000d470   0x2bc  KS103.o [1]
  .text              ro code  0x0000d72c   0x2b0  TM4C.o [1]
  .text              ro code  0x0000d9dc     0xc  bsp.o [1]
  .text              ro code  0x0000d9e8    0x38  YRK_LED.o [1]
  .text              ro code  0x0000da20   0x1e8  eeprom.o [1]
  .text              ro code  0x0000dc08    0x68  YRK_init.o [1]
  .text              ro code  0x0000dc70    0xa0  core_t_timer.o [1]
  .text              ro code  0x0000dd10    0xe4  core_camera.o [1]
  .text              ro code  0x0000ddf4    0x34  data_common.o [1]
  .text              ro code  0x0000de28    0x44  bsp_int.o [1]
  .text              ro code  0x0000de6c    0xba  timer.o [1]
  .rodata            const    0x0000df26     0x2  os_dbg.o [1]
  .text              ro code  0x0000df28   0x26c  data_transfer.o [1]
  .text              ro code  0x0000e194    0xd8  eepromqsj.o [1]
  .text              ro code  0x0000e26c   0x264  Postion_Hold.o [1]
  .text              ro code  0x0000e4d0   0x230  flight_routine.o [1]
  .text              ro code  0x0000e700    0xfc  hold.o [1]
  .text              ro code  0x0000e7fc    0xd8  mixer.o [1]
  .text              ro code  0x0000e8d4     0x8  abs.o [3]
  .rodata            const    0x0000e8dc    0x9c  interrupt.o [1]
  .rodata            const    0x0000e978    0x78  gpio.o [1]
  .rodata            const    0x0000e9f0    0x6c  sysctl.o [1]
  .text              ro code  0x0000ea5c    0x40  zero_init3.o [5]
  .text              ro code  0x0000ea9c    0x38  packbits_init_single.o [5]
  .text              ro code  0x0000ead4    0x36  startup_ewarm.o [1]
  .text              ro code  0x0000eb0a     0xc  cstartup_M.o [5]
  .rodata            const    0x0000eb16     0x2  relay_tuning.o [1]
  .text              ro code  0x0000eb18    0x22  fpinit_M.o [4]
  .rodata            const    0x0000eb3a     0x1  os_cfg_app.o [1]
  .rodata            const    0x0000eb3b     0x1  os_cfg_app.o [1]
  .text              ro code  0x0000eb3c    0x1a  cmain.o [5]
  .text              ro code  0x0000eb56     0x4  low_level_init.o [3]
  .rodata            const    0x0000eb5a     0x1  os_cfg_app.o [1]
  .rodata            const    0x0000eb5b     0x1  os_dbg.o [1]
  .text              ro code  0x0000eb5c    0x28  data_init.o [5]
  .text              ro code  0x0000eb84     0x4  exit.o [3]
  .text              ro code  0x0000eb88     0xa  cexit.o [5]
  .rodata            const    0x0000eb92     0x1  os_dbg.o [1]
  .rodata            const    0x0000eb93     0x1  os_dbg.o [1]
  .rodata            const    0x0000eb94    0x30  os_dbg.o [1]
  .rodata            const    0x0000ebc4    0x30  os_dbg.o [1]
  .rodata            const    0x0000ebf4    0x2c  os_dbg.o [1]
  .rodata            const    0x0000ec20    0x28  os_dbg.o [1]
  .rodata            const    0x0000ec48    0x28  os_dbg.o [1]
  .rodata            const    0x0000ec70    0x24  core_uart.o [1]
  .rodata            const    0x0000ec94    0x24  TM4C.o [1]
  .iar.init_table    const    0x0000ecb8    0x20  - Linker created -
  .rodata            const    0x0000ecd8    0x20  core_uartstdio.o [1]
  .rodata            const    0x0000ecf8    0x20  core_uartstdio.o [1]
  .rodata            const    0x0000ed18    0x20  interrupt.o [1]
  .rodata            const    0x0000ed38    0x20  os_dbg.o [1]
  .rodata            const    0x0000ed58    0x1c  core_uart.o [1]
  .rodata            const    0x0000ed74    0x1c  os_int.o [1]
  .rodata            const    0x0000ed90    0x18  core_uart.o [1]
  .rodata            const    0x0000eda8    0x18  os_tmr.o [1]
  .rodata            const    0x0000edc0    0x14  core_uart.o [1]
  .rodata            const    0x0000edd4    0x14  core_uart.o [1]
  .rodata            const    0x0000ede8    0x14  core_uart.o [1]
  .rodata            const    0x0000edfc    0x14  interrupt.o [1]
  .rodata            const    0x0000ee10    0x14  os_core.o [1]
  .rodata            const    0x0000ee24    0x14  os_stat.o [1]
  .rodata            const    0x0000ee38    0x14  os_tick.o [1]
  .rodata            const    0x0000ee4c    0x14  TM4C.o [1]
  .rodata            const    0x0000ee60    0x14  TM4C.o [1]
  .rodata            const    0x0000ee74    0x14  TM4C.o [1]
  .rodata            const    0x0000ee88    0x10  attitudesolving_B.o [1]
  .rodata            const    0x0000ee98    0x10  attitudesolving_B.o [1]
  .rodata            const    0x0000eea8    0x10  motor_control.o [1]
  .rodata            const    0x0000eeb8    0x10  os_tmr.o [1]
  .rodata            const    0x0000eec8     0xc  os_core.o [1]
  .rodata            const    0x0000eed4     0xc  TM4C.o [1]
  .rodata            const    0x0000eee0     0xc  TM4C.o [1]
  .rodata            const    0x0000eeec     0xc  TM4C.o [1]
  .rodata            const    0x0000eef8     0x8  os_core.o [1]
  .rodata            const    0x0000ef00     0x8  os_task.o [1]
  .rodata            const    0x0000ef08     0x8  YRK_NRF24L0.o [1]
  .rodata            const    0x0000ef10     0x4  attitudesolving_B.o [1]
  .rodata            const    0x0000ef14     0x4  Flow_B.o [1]
  .rodata            const    0x0000ef18     0x4  Flow_B.o [1]
  .rodata            const    0x0000ef1c     0x4  Flow_B.o [1]
  .rodata            const    0x0000ef20     0x4  os_cfg_app.o [1]
  .rodata            const    0x0000ef24     0x4  os_cfg_app.o [1]
  .rodata            const    0x0000ef28     0x4  os_cfg_app.o [1]
  .rodata            const    0x0000ef2c     0x4  os_cfg_app.o [1]
  .rodata            const    0x0000ef30     0x4  os_cfg_app.o [1]
  .rodata            const    0x0000ef34     0x4  os_cfg_app.o [1]
  .rodata            const    0x0000ef38     0x4  os_cfg_app.o [1]
  .rodata            const    0x0000ef3c     0x4  os_cfg_app.o [1]
  .rodata            const    0x0000ef40     0x4  os_cfg_app.o [1]
  .rodata            const    0x0000ef44     0x4  os_cfg_app.o [1]
  .rodata            const    0x0000ef48     0x4  os_cfg_app.o [1]
  .rodata            const    0x0000ef4c     0x4  os_cfg_app.o [1]
  .rodata            const    0x0000ef50     0x4  os_cfg_app.o [1]
  .rodata            const    0x0000ef54     0x4  os_cfg_app.o [1]
  .rodata            const    0x0000ef58     0x4  os_cfg_app.o [1]
  .rodata            const    0x0000ef5c     0x4  os_cfg_app.o [1]
  .rodata            const    0x0000ef60     0x4  os_cfg_app.o [1]
  .rodata            const    0x0000ef64     0x4  os_cfg_app.o [1]
  .rodata            const    0x0000ef68     0x4  os_cfg_app.o [1]
  .rodata            const    0x0000ef6c     0x4  os_cfg_app.o [1]
  .rodata            const    0x0000ef70     0x4  os_cfg_app.o [1]
  .rodata            const    0x0000ef74     0x4  os_cfg_app.o [1]
  .rodata            const    0x0000ef78     0x4  os_cfg_app.o [1]
  .rodata            const    0x0000ef7c     0x4  os_cfg_app.o [1]
  .rodata            const    0x0000ef80     0x4  os_cfg_app.o [1]
  .rodata            const    0x0000ef84     0x4  os_cfg_app.o [1]
  .rodata            const    0x0000ef88     0x4  os_cfg_app.o [1]
  .rodata            const    0x0000ef8c     0x4  os_cfg_app.o [1]
  .rodata            const    0x0000ef90     0x4  os_cfg_app.o [1]
  .rodata            const    0x0000ef94     0x4  os_cfg_app.o [1]
  .rodata            const    0x0000ef98     0x4  os_cfg_app.o [1]
  .rodata            const    0x0000ef9c     0x4  os_cfg_app.o [1]
  .rodata            const    0x0000efa0     0x4  os_dbg.o [1]
  .rodata            const    0x0000efa4     0x4  os_dbg.o [1]
  .rodata            const    0x0000efa8     0x4  os_dbg.o [1]
  .rodata            const    0x0000efac     0x4  relay_tuning.o [1]
  .rodata            const    0x0000efb0     0x4  relay_tuning.o [1]
  .rodata            const    0x0000efb4     0x1  os_dbg.o [1]
  .rodata            const    0x0000efb5     0x1  os_dbg.o [1]
  .rodata            const    0x0000efb6     0x1  os_dbg.o [1]
  .rodata            const    0x0000efb7     0x1  os_dbg.o [1]
  .rodata            const    0x0000efb8     0x1  os_dbg.o [1]
  .rodata            const    0x0000efb9     0x1  os_dbg.o [1]
  .rodata            const    0x0000efba     0x1  os_dbg.o [1]
  .rodata            const    0x0000efbb     0x1  os_dbg.o [1]
  .rodata            const    0x0000efbc     0x1  os_dbg.o [1]
  .rodata            const    0x0000efbd     0x1  os_dbg.o [1]
  .rodata            const    0x0000efbe     0x1  os_dbg.o [1]
  .rodata            const    0x0000efbf     0x1  os_dbg.o [1]
  .rodata            const    0x0000efc0     0x1  os_dbg.o [1]
  .rodata            const    0x0000efc1     0x1  os_dbg.o [1]
  .rodata            const    0x0000efc2     0x1  os_dbg.o [1]
  .rodata            const    0x0000efc3     0x1  os_dbg.o [1]
  .rodata            const    0x0000efc4     0x1  os_dbg.o [1]
  .rodata            const    0x0000efc5     0x1  os_dbg.o [1]
  .rodata            const    0x0000efc6     0x1  os_dbg.o [1]
  .rodata            const    0x0000efc7     0x1  os_dbg.o [1]
  .rodata            const    0x0000efc8     0x1  os_dbg.o [1]
  .rodata            const    0x0000efc9     0x1  os_dbg.o [1]
  .rodata            const    0x0000efca     0x1  os_dbg.o [1]
  .rodata            const    0x0000efcb     0x1  os_dbg.o [1]
  .rodata            const    0x0000efcc     0x1  os_dbg.o [1]
  .rodata            const    0x0000efcd     0x1  os_dbg.o [1]
  .rodata            const    0x0000efce     0x1  os_dbg.o [1]
  .rodata            const    0x0000efcf     0x1  os_dbg.o [1]
  .rodata            const    0x0000efd0     0x1  os_dbg.o [1]
  .rodata            const    0x0000efd1     0x1  os_dbg.o [1]
  .rodata            const    0x0000efd2     0x1  os_dbg.o [1]
  .rodata            const    0x0000efd3     0x1  os_dbg.o [1]
  .rodata            const    0x0000efd4     0x1  os_dbg.o [1]
  .rodata            const    0x0000efd5     0x1  os_dbg.o [1]
  .rodata            const    0x0000efd6     0x1  os_dbg.o [1]
  .rodata            const    0x0000efd7     0x1  os_dbg.o [1]
  .rodata            const    0x0000efd8     0x0  zero_init3.o [5]
  .rodata            const    0x0000efd8     0x0  packbits_init_single.o [5]
  Initializer bytes  const    0x0000efd8    0x75  <for P2-1>
                            - 0x0000f04d  0xede1

"P2", part 1 of 3:                          0x86
  P2-1                        0x20000000    0x86  <Init block>
    .data            inited   0x20000000    0x10  attitudesolving_B.o [1]
    .data            inited   0x20000010    0x48  core_uart.o [1]
    .data            inited   0x20000058     0x4  pid.o [1]
    .data            inited   0x2000005c     0x4  pid.o [1]
    .data            inited   0x20000060     0x4  stabilization_B.o [1]
    .data            inited   0x20000064     0x4  stabilization_B.o [1]
    .data            inited   0x20000068     0x4  stabilization_B.o [1]
    .data            inited   0x2000006c     0x4  stabilization_B.o [1]
    .data            inited   0x20000070     0x4  virtualflybar.o [1]
    .data            inited   0x20000074     0x8  YRK_NRF24L0.o [1]
    .data            inited   0x2000007c     0x8  YRK_NRF24L0.o [1]
    .data            inited   0x20000084     0x1  attitudesolving_B.o [1]
    .data            inited   0x20000085     0x1  attitudesolving_B.o [1]
                            - 0x20000086    0x86

"P2", part 2 of 3:                         0x46c
  VTABLE             uninit   0x20000400   0x26c  interrupt.o [1]
  .noinit            uninit   0x2000066c   0x200  startup_ewarm.o [1]
                            - 0x2000086c   0x46c

"P2", part 3 of 3:                        0x5fb0
  .bss               zero     0x2000086c  0x1800  TM4C.o [1]
  .bss               zero     0x2000206c   0xa00  YRK_NRF24L0.o [1]
  .bss               zero     0x20002a6c   0x800  TM4C.o [1]
  .bss               zero     0x2000326c   0x800  TM4C.o [1]
  .bss               zero     0x20003a6c   0x640  os_cfg_app.o [1]
  .bss               zero     0x200040ac   0x400  lib_mem.o [1]
  .bss               zero     0x200044ac   0x200  os_cfg_app.o [1]
  .bss               zero     0x200046ac   0x200  TM4C.o [1]
  .bss               zero     0x200048ac   0x200  TM4C.o [1]
  .bss               zero     0x20004aac   0x1c0  bsp_int.o [1]
  .bss               zero     0x20004c6c   0x190  os_cfg_app.o [1]
  .bss               zero     0x20004dfc   0x190  os_cfg_app.o [1]
  .bss               zero     0x20004f8c   0x190  os_cfg_app.o [1]
  .bss               zero     0x2000511c   0x190  os_cfg_app.o [1]
  .bss               zero     0x200052ac   0x190  os_cfg_app.o [1]
  .bss               zero     0x2000543c   0x180  os_var.o [1]
  .bss               zero     0x200055bc   0x140  os_cfg_app.o [1]
  .bss               zero     0x200056fc   0x118  stabilization_B.o [1]
  .bss               zero     0x20005814    0xdc  param_common.o [1]
  .bss               zero     0x200058f0    0xc8  core_uart.o [1]
  .bss               zero     0x200059b8    0xb8  os_var.o [1]
  .bss               zero     0x20005a70    0xb8  os_var.o [1]
  .bss               zero     0x20005b28    0xb8  os_var.o [1]
  .bss               zero     0x20005be0    0xb8  os_var.o [1]
  .bss               zero     0x20005c98    0xb8  os_var.o [1]
  .bss               zero     0x20005d50    0xb8  TM4C.o [1]
  .bss               zero     0x20005e08    0xb8  TM4C.o [1]
  .bss               zero     0x20005ec0    0xb8  TM4C.o [1]
  .bss               zero     0x20005f78    0xb8  TM4C.o [1]
  .bss               zero     0x20006030    0xb8  TM4C.o [1]
  .bss               zero     0x200060e8    0xb8  TM4C.o [1]
  .bss               zero     0x200061a0    0xb8  TM4C.o [1]
  .bss               zero     0x20006258    0x70  param_common.o [1]
  .bss               zero     0x200062c8    0x48  lib_mem.o [1]
  .bss               zero     0x20006310    0x2c  os_var.o [1]
  .bss               zero     0x20006340    0x30  Flow_B.o [1]
  .bss               zero     0x20006370    0x30  Flow_B.o [1]
  .bss               zero     0x200063a0    0x2c  TM4C.o [1]
  .bss               zero     0x200063cc    0x2c  TM4C.o [1]
  .bss               zero     0x200063f8    0x28  data_common.o [1]
  .bss               zero     0x20006420    0x28  param_common.o [1]
  .bss               zero     0x20006448    0x24  attitudesolving_B.o [1]
  .bss               zero     0x2000646c    0x20  data_transfer.o [1]
  .bss               zero     0x2000648c    0x20  param_common.o [1]
  .bss               zero     0x200064ac    0x1c  data_common.o [1]
  .bss               zero     0x200064c8    0x1c  data_common.o [1]
  .bss               zero     0x200064e4    0x1c  Flow_B.o [1]
  .bss               zero     0x20006500    0x18  data_common.o [1]
  .bss               zero     0x20006518    0x18  data_common.o [1]
  .bss               zero     0x20006530    0x18  data_common.o [1]
  .bss               zero     0x20006548    0x18  data_common.o [1]
  .bss               zero     0x20006560    0x18  data_common.o [1]
  .bss               zero     0x20006578    0x14  eepromqsj.o [1]
  .bss               zero     0x2000658c    0x10  cpu_core.o [1]
  .bss               zero     0x2000659c    0x10  data_common.o [1]
  .bss               zero     0x200065ac    0x10  data_common.o [1]
  .bss               zero     0x200065bc    0x10  param_common.o [1]
  .bss               zero     0x200065cc     0xc  attitudesolving_B.o [1]
  .bss               zero     0x200065d8     0xc  attitudesolving_B.o [1]
  .bss               zero     0x200065e4     0xc  attitudesolving_B.o [1]
  .bss               zero     0x200065f0     0xc  attitudesolving_B.o [1]
  .bss               zero     0x200065fc     0xc  data_common.o [1]
  .bss               zero     0x20006608     0xc  data_common.o [1]
  .bss               zero     0x20006614     0xc  os_var.o [1]
  .bss               zero     0x20006620     0xc  stabilization_B.o [1]
  .bss               zero     0x2000662c     0xc  stabilization_B.o [1]
  .bss               zero     0x20006638     0xc  virtualflybar.o [1]
  .bss               zero     0x20006644     0x8  data_common.o [1]
  .bss               zero     0x2000664c     0x8  os_var.o [1]
  .bss               zero     0x20006654     0x8  os_var.o [1]
  .bss               zero     0x2000665c     0x4  attitudesolving_B.o [1]
  .bss               zero     0x20006660     0x4  attitudesolving_B.o [1]
  .bss               zero     0x20006664     0x4  attitudesolving_B.o [1]
  .bss               zero     0x20006668     0x4  attitudesolving_B.o [1]
  .bss               zero     0x2000666c     0x4  attitudesolving_B.o [1]
  .bss               zero     0x20006670     0x4  attitudesolving_B.o [1]
  .bss               zero     0x20006674     0x4  control_command_B.o [1]
  .bss               zero     0x20006678     0x4  control_command_B.o [1]
  .bss               zero     0x2000667c     0x4  core_autopilot.o [1]
  .bss               zero     0x20006680     0x4  core_t_timer.o [1]
  .bss               zero     0x20006684     0x4  core_uartstdio.o [1]
  .bss               zero     0x20006688     0x4  cpu_core.o [1]
  .bss               zero     0x2000668c     0x4  data_common.o [1]
  .bss               zero     0x20006690     0x4  Flow_B.o [1]
  .bss               zero     0x20006694     0x4  Flow_B.o [1]
  .bss               zero     0x20006698     0x4  Flow_B.o [1]
  .bss               zero     0x2000669c     0x4  Flow_B.o [1]
  .bss               zero     0x200066a0     0x4  Flow_B.o [1]
  .bss               zero     0x200066a4     0x4  Flow_B.o [1]
  .bss               zero     0x200066a8     0x4  Flow_B.o [1]
  .bss               zero     0x200066ac     0x4  Flow_B.o [1]
  .bss               zero     0x200066b0     0x4  Flow_B.o [1]
  .bss               zero     0x200066b4     0x4  Flow_B.o [1]
  .bss               zero     0x200066b8     0x4  Flow_B.o [1]
  .bss               zero     0x200066bc     0x4  Flow_B.o [1]
  .bss               zero     0x200066c0     0x4  Flow_B.o [1]
  .bss               zero     0x200066c4     0x4  Flow_B.o [1]
  .bss               zero     0x200066c8     0x4  Flow_B.o [1]
  .bss               zero     0x200066cc     0x4  hold.o [1]
  .bss               zero     0x200066d0     0x4  KS103.o [1]
  .bss               zero     0x200066d4     0x4  KS103.o [1]
  .bss               zero     0x200066d8     0x4  KS103.o [1]
  .bss               zero     0x200066dc     0x4  lib_mem.o [1]
  .bss               zero     0x200066e0     0x4  os_cpu_c.o [1]
  .bss               zero     0x200066e4     0x4  os_prio.o [1]
  .bss               zero     0x200066e8     0x4  os_var.o [1]
  .bss               zero     0x200066ec     0x4  os_var.o [1]
  .bss               zero     0x200066f0     0x4  os_var.o [1]
  .bss               zero     0x200066f4     0x4  os_var.o [1]
  .bss               zero     0x200066f8     0x4  os_var.o [1]
  .bss               zero     0x200066fc     0x4  os_var.o [1]
  .bss               zero     0x20006700     0x4  os_var.o [1]
  .bss               zero     0x20006704     0x4  os_var.o [1]
  .bss               zero     0x20006708     0x4  os_var.o [1]
  .bss               zero     0x2000670c     0x4  os_var.o [1]
  .bss               zero     0x20006710     0x4  os_var.o [1]
  .bss               zero     0x20006714     0x4  os_var.o [1]
  .bss               zero     0x20006718     0x4  os_var.o [1]
  .bss               zero     0x2000671c     0x4  os_var.o [1]
  .bss               zero     0x20006720     0x4  os_var.o [1]
  .bss               zero     0x20006724     0x4  os_var.o [1]
  .bss               zero     0x20006728     0x4  os_var.o [1]
  .bss               zero     0x2000672c     0x4  os_var.o [1]
  .bss               zero     0x20006730     0x4  os_var.o [1]
  .bss               zero     0x20006734     0x4  os_var.o [1]
  .bss               zero     0x20006738     0x4  os_var.o [1]
  .bss               zero     0x2000673c     0x4  os_var.o [1]
  .bss               zero     0x20006740     0x4  os_var.o [1]
  .bss               zero     0x20006744     0x4  os_var.o [1]
  .bss               zero     0x20006748     0x4  os_var.o [1]
  .bss               zero     0x2000674c     0x4  os_var.o [1]
  .bss               zero     0x20006750     0x4  os_var.o [1]
  .bss               zero     0x20006754     0x4  os_var.o [1]
  .bss               zero     0x20006758     0x4  os_var.o [1]
  .bss               zero     0x2000675c     0x4  os_var.o [1]
  .bss               zero     0x20006760     0x4  os_var.o [1]
  .bss               zero     0x20006764     0x4  os_var.o [1]
  .bss               zero     0x20006768     0x4  os_var.o [1]
  .bss               zero     0x2000676c     0x4  os_var.o [1]
  .bss               zero     0x20006770     0x4  os_var.o [1]
  .bss               zero     0x20006774     0x4  Postion_Hold.o [1]
  .bss               zero     0x20006778     0x4  Postion_Hold.o [1]
  .bss               zero     0x2000677c     0x4  Postion_Hold.o [1]
  .bss               zero     0x20006780     0x4  Postion_Hold.o [1]
  .bss               zero     0x20006784     0x4  Postion_Hold.o [1]
  .bss               zero     0x20006788     0x4  Postion_Hold.o [1]
  .bss               zero     0x2000678c     0x4  Postion_Hold.o [1]
  .bss               zero     0x20006790     0x4  Postion_Hold.o [1]
  .bss               zero     0x20006794     0x4  Postion_Hold.o [1]
  .bss               zero     0x20006798     0x4  Postion_Hold.o [1]
  .bss               zero     0x2000679c     0x4  Postion_Hold.o [1]
  .bss               zero     0x200067a0     0x4  Postion_Hold.o [1]
  .bss               zero     0x200067a4     0x4  relay_tuning.o [1]
  .bss               zero     0x200067a8     0x4  relay_tuning.o [1]
  .bss               zero     0x200067ac     0x4  relay_tuning.o [1]
  .bss               zero     0x200067b0     0x4  relay_tuning.o [1]
  .bss               zero     0x200067b4     0x4  relay_tuning.o [1]
  .bss               zero     0x200067b8     0x4  relay_tuning.o [1]
  .bss               zero     0x200067bc     0x4  relay_tuning.o [1]
  .bss               zero     0x200067c0     0x4  stabilization_B.o [1]
  .bss               zero     0x200067c4     0x4  stabilization_B.o [1]
  .bss               zero     0x200067c8     0x4  stabilization_B.o [1]
  .bss               zero     0x200067cc     0x4  YRK_NRF24L0.o [1]
  .bss               zero     0x200067d0     0x4  YRK_NRF24L0.o [1]
  .bss               zero     0x200067d4     0x4  strtok.o [3]
  .bss               zero     0x200067d8     0x4  xfail_s.o [3]
  .bss               zero     0x200067dc     0x2  control_command_B.o [1]
  .bss               zero     0x200067de     0x2  core_uart.o [1]
  .bss               zero     0x200067e0     0x2  data_transfer.o [1]
  .bss               zero     0x200067e2     0x2  data_transfer.o [1]
  .bss               zero     0x200067e4     0x2  data_transfer.o [1]
  .bss               zero     0x200067e6     0x2  flight_routine.o [1]
  .bss               zero     0x200067e8     0x2  os_var.o [1]
  .bss               zero     0x200067ea     0x2  os_var.o [1]
  .bss               zero     0x200067ec     0x2  os_var.o [1]
  .bss               zero     0x200067ee     0x2  os_var.o [1]
  .bss               zero     0x200067f0     0x2  os_var.o [1]
  .bss               zero     0x200067f2     0x2  os_var.o [1]
  .bss               zero     0x200067f4     0x2  os_var.o [1]
  .bss               zero     0x200067f6     0x2  os_var.o [1]
  .bss               zero     0x200067f8     0x2  os_var.o [1]
  .bss               zero     0x200067fa     0x2  os_var.o [1]
  .bss               zero     0x200067fc     0x2  os_var.o [1]
  .bss               zero     0x200067fe     0x2  os_var.o [1]
  .bss               zero     0x20006800     0x1  attitudesolving_B.o [1]
  .bss               zero     0x20006801     0x1  attitudesolving_B.o [1]
  .bss               zero     0x20006802     0x1  attitudesolving_B.o [1]
  .bss               zero     0x20006803     0x1  attitudesolving_B.o [1]
  .bss               zero     0x20006804     0x1  attitudesolving_B.o [1]
  .bss               zero     0x20006805     0x1  Flow_B.o [1]
  .bss               zero     0x20006806     0x1  Flow_B.o [1]
  .bss               zero     0x20006807     0x1  os_var.o [1]
  .bss               zero     0x20006808     0x1  os_var.o [1]
  .bss               zero     0x20006809     0x1  os_var.o [1]
  .bss               zero     0x2000680a     0x1  os_var.o [1]
  .bss               zero     0x2000680b     0x1  os_var.o [1]
  .bss               zero     0x2000680c     0x1  os_var.o [1]
  .bss               zero     0x2000680d     0x1  os_var.o [1]
  .bss               zero     0x2000680e     0x1  os_var.o [1]
  .bss               zero     0x2000680f     0x1  os_var.o [1]
  .bss               zero     0x20006810     0x1  relay_tuning.o [1]
  .bss               zero     0x20006811     0x1  stabilization_B.o [1]
  .bss               zero     0x20006812     0x1  stabilization_B.o [1]
  .bss               zero     0x20006813     0x1  stabilization_B.o [1]
  .bss               zero     0x20006814     0x1  stabilization_B.o [1]
  .bss               zero     0x20006815     0x1  YRK_NRF24L0.o [1]
  .bss               zero     0x20006816     0x1  YRK_NRF24L0.o [1]
  .bss               zero     0x20006817     0x1  YRK_NRF24L0.o [1]
  .bss               zero     0x20006818     0x1  YRK_NRF24L0.o [1]
  .bss               zero     0x20006819     0x1  YRK_NRF24L0.o [1]
                            - 0x2000681a  0x5fae


*******************************************************************************
*** INIT TABLE
***

          Address     Size
          -------     ----
Zero (__iar_zero_init3)
    1 destination range, total size 0x5fae:
          0x2000086c  0x5fae

Copy/packbits (__iar_packbits_init_single3)
    1 source range, total size 0x75 (87% of destination):
          0x0000efd8    0x75
    1 destination range, total size 0x86:
          0x20000000    0x86



*******************************************************************************
*** MODULE SUMMARY
***

    Module                    ro code  ro data  rw data
    ------                    -------  -------  -------
C:\Users\victo\Documents\GitHub\SHU_FlightControl_TM4C\Project_Files\Debug\Obj: [1]
    Flow_B.o                    1 788       12      186
    KS103.o                       700                12
    Postion_Hold.o                612                48
    TM4C.o                        688      132   12 640
    YRK_AK8975_SOFT.o             544
    YRK_LED.o                      56
    YRK_MPU6050_SOFT.o            674
    YRK_NRF24L0.o               1 856       22    2 589
    YRK_init.o                    104
    attitudesolving_B.o         4 460       51      131
    bsp.o                          12
    bsp_int.o                      68               448
    bsp_sys.o                      36
    control_command_B.o           732                10
    coordinate_conversions.o    1 252
    core_autopilot.o                                  4
    core_camera.o                 228
    core_common.o                  26
    core_t_timer.o                160                 4
    core_uart.o                 1 784      213      274
    core_uartstdio.o              124       64        4
    cpu.o                          16
    cpu_a.o                        52
    cpu_bsp.o                      68
    cpu_core.o                     76                20
    data_common.o                  52               284
    data_transfer.o               620                38
    eeprom.o                      488
    eepromqsj.o                   216                20
    flight_routine.o              560                 2
    gpio.o                        540      120
    hold.o                        252                 4
    interrupt.o                   316      208      620
    lib_mem.o                     236             1 100
    misc_math.o                   208
    mixer.o                       216
    motor_control.o               724       16
    os_cfg_app.o                  224      135    4 432
    os_core.o                   2 764       40
    os_cpu_a.o                    268
    os_cpu_c.o                    924                 4
    os_dbg.o                      564      347
    os_flag.o                     534
    os_int.o                    1 076       28
    os_mem.o                       28
    os_msg.o                      448
    os_mutex.o                  1 340
    os_prio.o                     164                 4
    os_q.o                        312
    os_sem.o                      244
    os_stat.o                   1 480       20
    os_task.o                   3 736        8
    os_tick.o                   1 376       20
    os_time.o                     304
    os_tmr.o                      552       40
    os_var.o                                      1 549
    param_common.o                764               420
    pid.o                         534        7        8
    pwm.o                         200
    relay_tuning.o                756       10       29
    sensorfetch.o                 244
    sin_lookup.o                   76      720
    stabilization_B.o           4 712       14      336
    startup_ewarm.o                54      620      512
    sysctl.o                      416      108
    timer.o                       186
    uart.o                        310
    virtualflybar.o               428        4       16
    ---------------------------------------------------
    Total:                     45 562    2 959   25 748

command line: [2]
    ---------------------------------------------------
    Total:

dl7M_tln.a: [3]
    abort.o                         6
    abs.o                           8
    exit.o                          4
    iar_Stoflt.o                  452
    iar_Stopfx.o                  290
    iar_Stoxflt.o                 564
    low_level_init.o                4
    sprintf.o                      64
    strcspn.o                      34
    strspn.o                       34
    strtok.o                       72                 4
    xfail_s.o                      68                 4
    xprintffull_nomb.o          3 546
    xsprout.o                      10
    ---------------------------------------------------
    Total:                      5 156                 8

m7M_tls.a: [4]
    DblAdd.o                      376
    DblCmpGe.o                     46
    DblCmpLe.o                     46
    DblDiv.o                      582
    DblMul.o                      402
    DblSub.o                      226
    DblToFlt.o                    104
    DblToS32.o                     58
    DblToU32.o                     40
    FltToDbl.o                     72
    S32ToDbl.o                     34
    U32ToDbl.o                     26
    asinf.o                        92
    atan2f.o                      106
    atanf.o                        72
    cos_sin32.o                   480
    exp32.o                        60
    fmodf.o                       204
    fpinit_M.o                     34
    frexp.o                       112
    frexpf.o                       72
    iar_Exp32.o                   632
    ldexp.o                       314
    ldexpf.o                      196
    math_wrappers64.o              14
    pow32.o                       988
    sqrtf.o                        30
    strto64.o                   1 424
    xatanf.o                      164
    ---------------------------------------------------
    Total:                      7 006

rt7M_tl.a: [5]
    ABImemcpy.o                   166
    I64DivMod.o                   238
    I64DivZer.o                     2
    cexit.o                        10
    cmain.o                        26
    cstartup_M.o                   12
    data_init.o                    40
    memchr.o                       88
    packbits_init_single.o         56
    strchr.o                       22
    strlen.o                       54
    zero_init3.o                   64
    ---------------------------------------------------
    Total:                        778

shb_l.a: [6]
    exit.o                         20
    ---------------------------------------------------
    Total:                         20

    Gaps                            4                 4
    Linker created                          32
-------------------------------------------------------
    Grand Total:               58 526    2 991   25 760


*******************************************************************************
*** ENTRY LIST
***

Entry                      Address    Size  Type      Object
-----                      -------    ----  ----      ------
.iar.init_table$$Base   0x0000ecb8           --   Gb  - Linker created -
.iar.init_table$$Limit  0x0000ecd8           --   Gb  - Linker created -
?main                   0x0000eb3d          Code  Gb  cmain.o [5]
AMPLITUDE_ALPHA         0x0000efac     0x4  Data  Gb  relay_tuning.o [1]
AUTOtestflight          0x200061a0    0xb8  Data  Gb  TM4C.o [1]
AttitudeInitialize      0x00006955   0x3e0  Code  Gb  attitudesolving_B.o [1]
BSP_Init                0x0000d9dd     0xc  Code  Gb  bsp.o [1]
BSP_IntHandlerDummy     0x0000de65     0x2  Code  Lc  bsp_int.o [1]
BSP_IntInit             0x0000de49    0x1c  Code  Gb  bsp_int.o [1]
BSP_IntVectSet          0x0000de29    0x20  Code  Gb  bsp_int.o [1]
BSP_IntVectTbl          0x20004aac   0x1c0  Data  Lc  bsp_int.o [1]
BSP_SysClkFreqGet       0x000067d3     0xc  Code  Gb  bsp_sys.o [1]
BSP_SysInit             0x000067c5     0xe  Code  Gb  bsp_sys.o [1]
ByteToFloat             0x0000acf9     0x6  Code  Lc  Flow_B.o [1]
CPU_CntLeadZeros        0x00006853          Code  Gb  cpu_a.o [1]
CPU_CntTrailZeros       0x00006859          Code  Gb  cpu_a.o [1]
CPU_Init                0x000067e9     0xc  Code  Gb  cpu_core.o [1]
CPU_IntDis              0x00006835          Code  Gb  cpu_a.o [1]
CPU_IntEn               0x00006839          Code  Gb  cpu_a.o [1]
CPU_Name                0x2000658c    0x10  Data  Gb  cpu_core.o [1]
CPU_NameClr             0x000067f5    0x1a  Code  Gb  cpu_core.o [1]
CPU_NameInit            0x00006815     0x8  Code  Lc  cpu_core.o [1]
CPU_RevBits             0x00006863          Code  Gb  cpu_a.o [1]
CPU_SR_Restore          0x00006845          Code  Gb  cpu_a.o [1]
CPU_SR_Save             0x0000683d          Code  Gb  cpu_a.o [1]
CPU_TS_Init             0x0000681d     0xe  Code  Lc  cpu_core.o [1]
CPU_TS_TmrFreqSet       0x0000680f     0x6  Code  Gb  cpu_core.o [1]
CPU_TS_TmrFreq_Hz       0x20006688     0x4  Data  Gb  cpu_core.o [1]
CPU_TS_TmrInit          0x00003ca5    0x2e  Code  Gb  cpu_bsp.o [1]
CPU_TS_TmrRd            0x00003cd3     0x8  Code  Gb  cpu_bsp.o [1]
CPU_WaitForExcept       0x0000684f          Code  Gb  cpu_a.o [1]
CPU_WaitForInt          0x0000684b          Code  Gb  cpu_a.o [1]
CPUcpsid                0x0000ace9     0x8  Code  Gb  cpu.o [1]
CPUcpsie                0x0000acf1     0x8  Code  Gb  cpu.o [1]
CameraTCB               0x20005f78    0xb8  Data  Gb  TM4C.o [1]
Camera_init             0x0000dd11    0xc0  Code  Gb  core_camera.o [1]
Control                 0x0000e26d   0x264  Code  Gb  Postion_Hold.o [1]
CrossProduct            0x00007eeb    0x56  Code  Gb  coordinate_conversions.o [1]
DEGLITCH_TIME           0x0000eb16     0x2  Data  Gb  relay_tuning.o [1]
Dtentox                 0x0000bf35   0x196  Code  Lc  strto64.o [4]
EEPROMInit              0x0000daa1    0x46  Code  Gb  eeprom.o [1]
EEPROMProgram           0x0000db27    0xb4  Code  Gb  eeprom.o [1]
EEPROMRead              0x0000dae7    0x40  Code  Gb  eeprom.o [1]
FLIGHT_INIT_TASK_STK    0x2000326c   0x800  Data  Lc  TM4C.o [1]
FLIGHT_ROUTINE_TASK_STK
                        0x2000086c  0x1800  Data  Gb  TM4C.o [1]
FLOW_MAVLINK            0x0000ad71   0x45c  Code  Gb  Flow_B.o [1]
FLOW_MAVLINK::data_cnt  0x20006806     0x1  Data  Lc  Flow_B.o [1]
FLOW_MAVLINK::s_flow    0x20006805     0x1  Data  Lc  Flow_B.o [1]
FLOW_MUTEX              0x200063a0    0x2c  Data  Gb  TM4C.o [1]
FLOW_STATE              0x20006698     0x4  Data  Lc  Flow_B.o [1]
FaultISR                0x0000eb07     0x2  Code  Lc  startup_ewarm.o [1]
FlightAPPInit           0x0000d8b5    0xae  Code  Lc  TM4C.o [1]
FlightINITTCB           0x20005e08    0xb8  Data  Lc  TM4C.o [1]
FlightRoutineTCB        0x20005ec0    0xb8  Data  Gb  TM4C.o [1]
GPIODirModeSet          0x00008a8d    0x46  Code  Gb  gpio.o [1]
GPIOIntClear            0x00008c1f     0x8  Code  Gb  gpio.o [1]
GPIOIntEnable           0x00008bf9    0x10  Code  Gb  gpio.o [1]
GPIOIntStatus           0x00008c09    0x16  Code  Gb  gpio.o [1]
GPIOPadConfigSet        0x00008ad3   0x126  Code  Gb  gpio.o [1]
GPIOPinConfigure        0x00008c55    0x4a  Code  Gb  gpio.o [1]
GPIOPinTypeUART         0x00008c33    0x22  Code  Gb  gpio.o [1]
GPIOPinWrite            0x00008c27     0xc  Code  Gb  gpio.o [1]
GPIO_PINB7init          0x0000b631    0x36  Code  Gb  core_uart.o [1]
IMU_ext_flag            0x200067e6     0x2  Data  Gb  flight_routine.o [1]
IntDefaultHandler       0x0000eb09     0x2  Code  Lc  startup_ewarm.o [1]
IntEnable               0x0000ac5d    0x68  Code  Gb  interrupt.o [1]
IntMasterDisable        0x0000abc1    0x14  Code  Gb  interrupt.o [1]
IntMasterEnable         0x0000abad    0x14  Code  Gb  interrupt.o [1]
IntPriorityGroupingSet  0x0000ac0f    0x10  Code  Gb  interrupt.o [1]
IntPrioritySet          0x0000ac1f    0x3e  Code  Gb  interrupt.o [1]
IntRegister             0x0000abd5    0x3a  Code  Gb  interrupt.o [1]
KS103_I2C_RecvACK       0x0000d51f    0x46  Code  Gb  KS103.o [1]
KS103_I2C_RecvByte      0x0000d5a5    0x60  Code  Gb  KS103.o [1]
KS103_I2C_SendACK       0x0000d4f1    0x2e  Code  Gb  KS103.o [1]
KS103_I2C_SendByte      0x0000d565    0x40  Code  Gb  KS103.o [1]
KS103_I2C_Start         0x0000d4af    0x24  Code  Gb  KS103.o [1]
KS103_I2C_Stop          0x0000d4d3    0x1e  Code  Gb  KS103.o [1]
KS103_MUTEX             0x200063cc    0x2c  Data  Gb  TM4C.o [1]
KS103_get_distance      0x0000d721     0xc  Code  Gb  KS103.o [1]
KS103_init              0x0000d6f1    0x30  Code  Gb  KS103.o [1]
KS103_soft_OPEN         0x0000d47f    0x30  Code  Gb  KS103.o [1]
KS103_soft_delay        0x0000d471     0xe  Code  Gb  KS103.o [1]
KS103_soft_read_reg     0x0000d62b    0x3e  Code  Gb  KS103.o [1]
KS103_soft_write_reg    0x0000d605    0x26  Code  Gb  KS103.o [1]
LoadInt                 0x00009003    0x7a  Code  Lc  xprintffull_nomb.o [3]
MAX_TRIM_FLIGHT_SAMPLES
                        0x0000ef10     0x4  Data  Lc  attitudesolving_B.o [1]
Mem_Clr                 0x000068c7    0x12  Code  Gb  lib_mem.o [1]
Mem_Heap                0x200040ac   0x400  Data  Gb  lib_mem.o [1]
Mem_Init                0x00006869    0x5e  Code  Gb  lib_mem.o [1]
Mem_PoolHeap            0x200062c8    0x48  Data  Gb  lib_mem.o [1]
Mem_PoolTbl             0x200066dc     0x4  Data  Gb  lib_mem.o [1]
Mem_Set                 0x000068d9    0x6c  Code  Gb  lib_mem.o [1]
NRF_ISR_RX_FIFO         0x2000206c   0xa00  Data  Gb  YRK_NRF24L0.o [1]
NmiSR                   0x0000eb05     0x2  Code  Lc  startup_ewarm.o [1]
Nrf_Buf_In              0x20006548    0x18  Data  Gb  data_common.o [1]
Nrf_Buf_Out             0x20006560    0x18  Data  Gb  data_common.o [1]
Nrf_in_switch           0x2000646c    0x20  Data  Gb  data_transfer.o [1]
OSCfg_DataSizeRAM       0x0000ef9c     0x4  Data  Gb  os_cfg_app.o [1]
OSCfg_ISRStk            0x20004dfc   0x190  Data  Gb  os_cfg_app.o [1]
OSCfg_ISRStkBasePtr     0x0000ef48     0x4  Data  Gb  os_cfg_app.o [1]
OSCfg_ISRStkSize        0x0000ef4c     0x4  Data  Gb  os_cfg_app.o [1]
OSCfg_ISRStkSizeRAM     0x0000ef50     0x4  Data  Gb  os_cfg_app.o [1]
OSCfg_IdleTaskStk       0x200044ac   0x200  Data  Gb  os_cfg_app.o [1]
OSCfg_IdleTaskStkBasePtr
                        0x0000ef20     0x4  Data  Gb  os_cfg_app.o [1]
OSCfg_IdleTaskStkLimit  0x0000ef24     0x4  Data  Gb  os_cfg_app.o [1]
OSCfg_IdleTaskStkSize   0x0000ef28     0x4  Data  Gb  os_cfg_app.o [1]
OSCfg_IdleTaskStkSizeRAM
                        0x0000ef2c     0x4  Data  Gb  os_cfg_app.o [1]
OSCfg_Init              0x000065d9    0xe0  Code  Gb  os_cfg_app.o [1]
OSCfg_IntQ              0x200055bc   0x140  Data  Gb  os_cfg_app.o [1]
OSCfg_IntQBasePtr       0x0000ef30     0x4  Data  Gb  os_cfg_app.o [1]
OSCfg_IntQSize          0x00001a8a     0x2  Data  Gb  os_cfg_app.o [1]
OSCfg_IntQSizeRAM       0x0000ef34     0x4  Data  Gb  os_cfg_app.o [1]
OSCfg_IntQTaskStk       0x20004c6c   0x190  Data  Gb  os_cfg_app.o [1]
OSCfg_IntQTaskStkBasePtr
                        0x0000ef38     0x4  Data  Gb  os_cfg_app.o [1]
OSCfg_IntQTaskStkLimit  0x0000ef3c     0x4  Data  Gb  os_cfg_app.o [1]
OSCfg_IntQTaskStkSize   0x0000ef40     0x4  Data  Gb  os_cfg_app.o [1]
OSCfg_IntQTaskStkSizeRAM
                        0x0000ef44     0x4  Data  Gb  os_cfg_app.o [1]
OSCfg_MsgPool           0x20003a6c   0x640  Data  Gb  os_cfg_app.o [1]
OSCfg_MsgPoolBasePtr    0x0000ef58     0x4  Data  Gb  os_cfg_app.o [1]
OSCfg_MsgPoolSize       0x000027ce     0x2  Data  Gb  os_cfg_app.o [1]
OSCfg_MsgPoolSizeRAM    0x0000ef54     0x4  Data  Gb  os_cfg_app.o [1]
OSCfg_StatTaskPrio      0x0000eb3a     0x1  Data  Gb  os_cfg_app.o [1]
OSCfg_StatTaskRate_Hz   0x0000ef5c     0x4  Data  Gb  os_cfg_app.o [1]
OSCfg_StatTaskStk       0x20004f8c   0x190  Data  Gb  os_cfg_app.o [1]
OSCfg_StatTaskStkBasePtr
                        0x0000ef60     0x4  Data  Gb  os_cfg_app.o [1]
OSCfg_StatTaskStkLimit  0x0000ef64     0x4  Data  Gb  os_cfg_app.o [1]
OSCfg_StatTaskStkSize   0x0000ef68     0x4  Data  Gb  os_cfg_app.o [1]
OSCfg_StatTaskStkSizeRAM
                        0x0000ef6c     0x4  Data  Gb  os_cfg_app.o [1]
OSCfg_StkSizeMin        0x0000ef70     0x4  Data  Gb  os_cfg_app.o [1]
OSCfg_TickRate_Hz       0x0000ef74     0x4  Data  Gb  os_cfg_app.o [1]
OSCfg_TickTaskPrio      0x0000eb3b     0x1  Data  Gb  os_cfg_app.o [1]
OSCfg_TickTaskStk       0x2000511c   0x190  Data  Gb  os_cfg_app.o [1]
OSCfg_TickTaskStkBasePtr
                        0x0000ef78     0x4  Data  Gb  os_cfg_app.o [1]
OSCfg_TickTaskStkLimit  0x0000ef7c     0x4  Data  Gb  os_cfg_app.o [1]
OSCfg_TickTaskStkSize   0x0000ef80     0x4  Data  Gb  os_cfg_app.o [1]
OSCfg_TickTaskStkSizeRAM
                        0x0000ef84     0x4  Data  Gb  os_cfg_app.o [1]
OSCfg_TmrTaskPrio       0x0000eb5a     0x1  Data  Gb  os_cfg_app.o [1]
OSCfg_TmrTaskRate_Hz    0x0000ef88     0x4  Data  Gb  os_cfg_app.o [1]
OSCfg_TmrTaskStk        0x200052ac   0x190  Data  Gb  os_cfg_app.o [1]
OSCfg_TmrTaskStkBasePtr
                        0x0000ef8c     0x4  Data  Gb  os_cfg_app.o [1]
OSCfg_TmrTaskStkLimit   0x0000ef90     0x4  Data  Gb  os_cfg_app.o [1]
OSCfg_TmrTaskStkSize    0x0000ef94     0x4  Data  Gb  os_cfg_app.o [1]
OSCfg_TmrTaskStkSizeRAM
                        0x0000ef98     0x4  Data  Gb  os_cfg_app.o [1]
OSCtxSw                 0x00006755          Code  Gb  os_cpu_a.o [1]
OSDbg_AppHooksEn        0x0000eb93     0x1  Data  Gb  os_dbg.o [1]
OSDbg_ArgChkEn          0x0000eb92     0x1  Data  Gb  os_dbg.o [1]
OSDbg_CalledFromISRChkEn
                        0x0000efb4     0x1  Data  Gb  os_dbg.o [1]
OSDbg_DataSize          0x0000efa8     0x4  Data  Gb  os_dbg.o [1]
OSDbg_DbgEn             0x0000eb5b     0x1  Data  Gb  os_dbg.o [1]
OSDbg_EndiannessTest    0x0000efa0     0x4  Data  Gb  os_dbg.o [1]
OSDbg_FlagDelEn         0x0000efb6     0x1  Data  Gb  os_dbg.o [1]
OSDbg_FlagEn            0x0000efb5     0x1  Data  Gb  os_dbg.o [1]
OSDbg_FlagGrp           0x0000ec20    0x28  Data  Gb  os_dbg.o [1]
OSDbg_FlagGrpSize       0x0000526e     0x2  Data  Gb  os_dbg.o [1]
OSDbg_FlagModeClrEn     0x0000efb7     0x1  Data  Gb  os_dbg.o [1]
OSDbg_FlagPendAbortEn   0x0000efb8     0x1  Data  Gb  os_dbg.o [1]
OSDbg_FlagWidth         0x00007b66     0x2  Data  Gb  os_dbg.o [1]
OSDbg_ISRPostDeferredEn
                        0x0000efb9     0x1  Data  Gb  os_dbg.o [1]
OSDbg_IntQ              0x000080fe     0x2  Data  Gb  os_dbg.o [1]
OSDbg_Mem               0x0000ed38    0x20  Data  Gb  os_dbg.o [1]
OSDbg_MemEn             0x0000efba     0x1  Data  Gb  os_dbg.o [1]
OSDbg_MemSize           0x000087b6     0x2  Data  Gb  os_dbg.o [1]
OSDbg_MsgEn             0x0000efbb     0x1  Data  Gb  os_dbg.o [1]
OSDbg_MsgPoolSize       0x00008a22     0x2  Data  Gb  os_dbg.o [1]
OSDbg_MsgQSize          0x00008cc2     0x2  Data  Gb  os_dbg.o [1]
OSDbg_MsgSize           0x000087da     0x2  Data  Gb  os_dbg.o [1]
OSDbg_Mutex             0x0000ebf4    0x2c  Data  Gb  os_dbg.o [1]
OSDbg_MutexDelEn        0x0000efbd     0x1  Data  Gb  os_dbg.o [1]
OSDbg_MutexEn           0x0000efbc     0x1  Data  Gb  os_dbg.o [1]
OSDbg_MutexPendAbortEn  0x0000efbe     0x1  Data  Gb  os_dbg.o [1]
OSDbg_MutexSize         0x00009c3e     0x2  Data  Gb  os_dbg.o [1]
OSDbg_ObjTypeChkEn      0x0000efbf     0x1  Data  Gb  os_dbg.o [1]
OSDbg_PendDataSize      0x00009c56     0x2  Data  Gb  os_dbg.o [1]
OSDbg_PendListSize      0x00009cd2     0x2  Data  Gb  os_dbg.o [1]
OSDbg_PendMultiEn       0x0000efc0     0x1  Data  Gb  os_dbg.o [1]
OSDbg_PendObjSize       0x00009e1a     0x2  Data  Gb  os_dbg.o [1]
OSDbg_PrioMax           0x00009fae     0x2  Data  Gb  os_dbg.o [1]
OSDbg_PrioTblSize       0x0000a04e     0x2  Data  Gb  os_dbg.o [1]
OSDbg_PtrSize           0x0000a18a     0x2  Data  Gb  os_dbg.o [1]
OSDbg_Q                 0x0000eb94    0x30  Data  Gb  os_dbg.o [1]
OSDbg_QDelEn            0x0000efc2     0x1  Data  Gb  os_dbg.o [1]
OSDbg_QEn               0x0000efc1     0x1  Data  Gb  os_dbg.o [1]
OSDbg_QFlushEn          0x0000efc3     0x1  Data  Gb  os_dbg.o [1]
OSDbg_QPendAbortEn      0x0000efc4     0x1  Data  Gb  os_dbg.o [1]
OSDbg_QSize             0x0000a1c6     0x2  Data  Gb  os_dbg.o [1]
OSDbg_RdyList           0x0000a2da     0x2  Data  Gb  os_dbg.o [1]
OSDbg_RdyListSize       0x0000efa4     0x4  Data  Gb  os_dbg.o [1]
OSDbg_SchedRoundRobinEn
                        0x0000efc5     0x1  Data  Gb  os_dbg.o [1]
OSDbg_Sem               0x0000ec48    0x28  Data  Gb  os_dbg.o [1]
OSDbg_SemDelEn          0x0000efc7     0x1  Data  Gb  os_dbg.o [1]
OSDbg_SemEn             0x0000efc6     0x1  Data  Gb  os_dbg.o [1]
OSDbg_SemPendAbortEn    0x0000efc8     0x1  Data  Gb  os_dbg.o [1]
OSDbg_SemSetEn          0x0000efc9     0x1  Data  Gb  os_dbg.o [1]
OSDbg_SemSize           0x0000a2aa     0x2  Data  Gb  os_dbg.o [1]
OSDbg_StatTaskEn        0x0000efcb     0x1  Data  Gb  os_dbg.o [1]
OSDbg_StatTaskStkChkEn  0x0000efcc     0x1  Data  Gb  os_dbg.o [1]
OSDbg_StkWidth          0x0000efca     0x1  Data  Gb  os_dbg.o [1]
OSDbg_TCBSize           0x0000b52a     0x2  Data  Gb  os_dbg.o [1]
OSDbg_TaskChangePrioEn  0x0000efcd     0x1  Data  Gb  os_dbg.o [1]
OSDbg_TaskDelEn         0x0000efce     0x1  Data  Gb  os_dbg.o [1]
OSDbg_TaskProfileEn     0x0000efd1     0x1  Data  Gb  os_dbg.o [1]
OSDbg_TaskQEn           0x0000efcf     0x1  Data  Gb  os_dbg.o [1]
OSDbg_TaskQPendAbortEn  0x0000efd0     0x1  Data  Gb  os_dbg.o [1]
OSDbg_TaskRegTblSize    0x0000a2de     0x2  Data  Gb  os_dbg.o [1]
OSDbg_TaskSemPendAbortEn
                        0x0000efd2     0x1  Data  Gb  os_dbg.o [1]
OSDbg_TaskSuspendEn     0x0000efd3     0x1  Data  Gb  os_dbg.o [1]
OSDbg_TickListSize      0x0000bd7a     0x2  Data  Gb  os_dbg.o [1]
OSDbg_TimeDlyHMSMEn     0x0000efd4     0x1  Data  Gb  os_dbg.o [1]
OSDbg_TimeDlyResumeEn   0x0000efd5     0x1  Data  Gb  os_dbg.o [1]
OSDbg_Tmr               0x0000ebc4    0x30  Data  Gb  os_dbg.o [1]
OSDbg_TmrDelEn          0x0000efd7     0x1  Data  Gb  os_dbg.o [1]
OSDbg_TmrEn             0x0000efd6     0x1  Data  Gb  os_dbg.o [1]
OSDbg_TmrSize           0x0000c432     0x2  Data  Gb  os_dbg.o [1]
OSDbg_VersionNbr        0x0000df26     0x2  Data  Gb  os_dbg.o [1]
OSFlagDbgListPtr        0x20006714     0x4  Data  Gb  os_var.o [1]
OSFlagQty               0x200067ee     0x2  Data  Gb  os_var.o [1]
OSIdleTaskCtr           0x20006704     0x4  Data  Gb  os_var.o [1]
OSIdleTaskHook          0x00003909    0x12  Code  Gb  os_cpu_c.o [1]
OSIdleTaskTCB           0x200059b8    0xb8  Data  Gb  os_var.o [1]
OSInit                  0x00002e3d   0x16e  Code  Gb  os_core.o [1]
OSInitHook              0x0000391b    0x1e  Code  Gb  os_cpu_c.o [1]
OSIntCtxSw              0x0000675d          Code  Gb  os_cpu_a.o [1]
OSIntEnter              0x00002fab    0x24  Code  Gb  os_core.o [1]
OSIntExit               0x00002fcf    0xb8  Code  Gb  os_core.o [1]
OSIntNestingCtr         0x20006807     0x1  Data  Gb  os_var.o [1]
OSIntQInPtr             0x20006708     0x4  Data  Gb  os_var.o [1]
OSIntQNbrEntries        0x200067e8     0x2  Data  Gb  os_var.o [1]
OSIntQNbrEntriesMax     0x200067ea     0x2  Data  Gb  os_var.o [1]
OSIntQOutPtr            0x2000670c     0x4  Data  Gb  os_var.o [1]
OSIntQOvfCtr            0x200067ec     0x2  Data  Gb  os_var.o [1]
OSIntQTaskTCB           0x20005a70    0xb8  Data  Gb  os_var.o [1]
OSIntQTaskTimeMax       0x20006710     0x4  Data  Gb  os_var.o [1]
OSMemDbgListPtr         0x20006718     0x4  Data  Gb  os_var.o [1]
OSMemQty                0x200067f0     0x2  Data  Gb  os_var.o [1]
OSMsgPool               0x20006614     0xc  Data  Gb  os_var.o [1]
OSMutexCreate           0x0000544d    0x9a  Code  Gb  os_mutex.o [1]
OSMutexDbgListPtr       0x2000671c     0x4  Data  Gb  os_var.o [1]
OSMutexPend             0x000054e7   0x284  Code  Gb  os_mutex.o [1]
OSMutexPost             0x0000576b   0x1be  Code  Gb  os_mutex.o [1]
OSMutexQty              0x200067f2     0x2  Data  Gb  os_var.o [1]
OSPrioCur               0x20006809     0x1  Data  Gb  os_var.o [1]
OSPrioHighRdy           0x2000680a     0x1  Data  Gb  os_var.o [1]
OSPrioSaved             0x2000680b     0x1  Data  Gb  os_var.o [1]
OSPrioTbl               0x200066e4     0x4  Data  Gb  os_prio.o [1]
OSQDbgListPtr           0x20006720     0x4  Data  Gb  os_var.o [1]
OSQQty                  0x200067f4     0x2  Data  Gb  os_var.o [1]
OSRdyList               0x2000543c   0x180  Data  Gb  os_var.o [1]
OSRunning               0x20006808     0x1  Data  Gb  os_var.o [1]
OSSched                 0x00003087    0x84  Code  Gb  os_core.o [1]
OSSchedLock             0x0000310b    0x60  Code  Gb  os_core.o [1]
OSSchedLockNestingCtr   0x2000680c     0x1  Data  Gb  os_var.o [1]
OSSchedLockTimeBegin    0x20006724     0x4  Data  Gb  os_var.o [1]
OSSchedLockTimeMax      0x20006728     0x4  Data  Gb  os_var.o [1]
OSSchedLockTimeMaxCur   0x2000672c     0x4  Data  Gb  os_var.o [1]
OSSchedUnlock           0x0000316b    0x7a  Code  Gb  os_core.o [1]
OSSemDbgListPtr         0x20006730     0x4  Data  Gb  os_var.o [1]
OSSemQty                0x200067f6     0x2  Data  Gb  os_var.o [1]
OSStart                 0x000031e5    0x62  Code  Gb  os_core.o [1]
OSStartHighRdy          0x000066e5          Code  Gb  os_cpu_a.o [1]
OSStatReset             0x00005bb5   0x102  Code  Gb  os_stat.o [1]
OSStatResetFlag         0x2000680d     0x1  Data  Gb  os_var.o [1]
OSStatTaskCPUUsage      0x200067f8     0x2  Data  Gb  os_var.o [1]
OSStatTaskCPUUsageInit  0x00005cb7    0xda  Code  Gb  os_stat.o [1]
OSStatTaskCPUUsageMax   0x200067fa     0x2  Data  Gb  os_var.o [1]
OSStatTaskCtr           0x20006734     0x4  Data  Gb  os_var.o [1]
OSStatTaskCtrMax        0x20006738     0x4  Data  Gb  os_var.o [1]
OSStatTaskCtrRun        0x2000673c     0x4  Data  Gb  os_var.o [1]
OSStatTaskHook          0x00003939    0x12  Code  Gb  os_cpu_c.o [1]
OSStatTaskRdy           0x2000680e     0x1  Data  Gb  os_var.o [1]
OSStatTaskTCB           0x20005b28    0xb8  Data  Gb  os_var.o [1]
OSStatTaskTimeMax       0x20006740     0x4  Data  Gb  os_var.o [1]
OSTCBCurPtr             0x2000676c     0x4  Data  Gb  os_var.o [1]
OSTCBHighRdyPtr         0x20006770     0x4  Data  Gb  os_var.o [1]
OSTaskCreate            0x0000411d   0x212  Code  Gb  os_task.o [1]
OSTaskCreateHook        0x0000394b    0x16  Code  Gb  os_cpu_c.o [1]
OSTaskCtxSwCtr          0x20006744     0x4  Data  Gb  os_var.o [1]
OSTaskDbgListPtr        0x20006748     0x4  Data  Gb  os_var.o [1]
OSTaskDel               0x0000432f   0x172  Code  Gb  os_task.o [1]
OSTaskDelHook           0x00003961    0x16  Code  Gb  os_cpu_c.o [1]
OSTaskQty               0x200067fc     0x2  Data  Gb  os_var.o [1]
OSTaskRegNextAvailID    0x2000680f     0x1  Data  Gb  os_var.o [1]
OSTaskResume            0x000044a1    0x5c  Code  Gb  os_task.o [1]
OSTaskReturnHook        0x00003977    0x16  Code  Gb  os_cpu_c.o [1]
OSTaskSemPend           0x000044fd   0x1e6  Code  Gb  os_task.o [1]
OSTaskSemPost           0x000046ed    0x6c  Code  Gb  os_task.o [1]
OSTaskStkChk            0x00004761    0xa2  Code  Gb  os_task.o [1]
OSTaskStkInit           0x0000398d   0x15e  Code  Gb  os_cpu_c.o [1]
OSTaskSuspend           0x00004803    0x58  Code  Gb  os_task.o [1]
OSTaskSwHook            0x00003aeb    0xa6  Code  Gb  os_cpu_c.o [1]
OSTickCtr               0x2000674c     0x4  Data  Gb  os_var.o [1]
OSTickListDly           0x2000664c     0x8  Data  Gb  os_var.o [1]
OSTickListTimeout       0x20006654     0x8  Data  Gb  os_var.o [1]
OSTickTaskTCB           0x20005be0    0xb8  Data  Gb  os_var.o [1]
OSTickTaskTimeMax       0x20006750     0x4  Data  Gb  os_var.o [1]
OSTimeDly               0x00002681    0xc2  Code  Gb  os_time.o [1]
OSTimeGet               0x00002743    0x1c  Code  Gb  os_time.o [1]
OSTimeTick              0x0000275f    0x36  Code  Gb  os_time.o [1]
OSTimeTickHook          0x00003b91    0x12  Code  Gb  os_cpu_c.o [1]
OSTmrDbgListPtr         0x20006754     0x4  Data  Gb  os_var.o [1]
OSTmrListEntries        0x200067fe     0x2  Data  Gb  os_var.o [1]
OSTmrListPtr            0x20006758     0x4  Data  Gb  os_var.o [1]
OSTmrMutex              0x20006310    0x2c  Data  Gb  os_var.o [1]
OSTmrTaskTCB            0x20005c98    0xb8  Data  Gb  os_var.o [1]
OSTmrTaskTimeMax        0x2000675c     0x4  Data  Gb  os_var.o [1]
OSTmrTickCtr            0x20006760     0x4  Data  Gb  os_var.o [1]
OSTmrUpdateCnt          0x20006764     0x4  Data  Gb  os_var.o [1]
OSTmrUpdateCtr          0x20006768     0x4  Data  Gb  os_var.o [1]
OS_AppIdleTaskHookPtr   0x200066f4     0x4  Data  Gb  os_var.o [1]
OS_AppStatTaskHookPtr   0x200066f8     0x4  Data  Gb  os_var.o [1]
OS_AppTaskCreateHookPtr
                        0x200066e8     0x4  Data  Gb  os_var.o [1]
OS_AppTaskDelHookPtr    0x200066ec     0x4  Data  Gb  os_var.o [1]
OS_AppTaskReturnHookPtr
                        0x200066f0     0x4  Data  Gb  os_var.o [1]
OS_AppTaskSwHookPtr     0x200066fc     0x4  Data  Gb  os_var.o [1]
OS_AppTimeTickHookPtr   0x20006700     0x4  Data  Gb  os_var.o [1]
OS_CPU_ExceptStkBase    0x200066e0     0x4  Data  Gb  os_cpu_c.o [1]
OS_CPU_FP_Reg_Pop       0x000066d3          Code  Gb  os_cpu_a.o [1]
OS_CPU_FP_Reg_Push      0x000066b9          Code  Gb  os_cpu_a.o [1]
OS_CPU_PendSVHandler    0x00006765          Code  Gb  os_cpu_a.o [1]
OS_CPU_SysTickHandler   0x00003ba3    0x24  Code  Gb  os_cpu_c.o [1]
OS_CPU_SysTickInit      0x00003bc7    0x2e  Code  Gb  os_cpu_c.o [1]
OS_Dbg_Init             0x000063a5   0x234  Code  Gb  os_dbg.o [1]
OS_FlagInit             0x00005059    0x12  Code  Gb  os_flag.o [1]
OS_FlagPost             0x0000506b   0x18a  Code  Gb  os_flag.o [1]
OS_FlagTaskRdy          0x00005209    0x66  Code  Gb  os_flag.o [1]
OS_IdleTask             0x00003247    0x36  Code  Gb  os_core.o [1]
OS_IdleTaskInit         0x0000327d    0x52  Code  Gb  os_core.o [1]
OS_IntQPost             0x00003ce9   0x104  Code  Gb  os_int.o [1]
OS_IntQRePost           0x00003ded   0x142  Code  Gb  os_int.o [1]
OS_IntQTask             0x00003f2f    0x8a  Code  Gb  os_int.o [1]
OS_IntQTaskInit         0x00003fb9    0xe8  Code  Gb  os_int.o [1]
OS_MemInit              0x00005271    0x12  Code  Gb  os_mem.o [1]
OS_MsgPoolInit          0x0000528d    0x92  Code  Gb  os_msg.o [1]
OS_MsgQFreeAll          0x0000531f    0x4c  Code  Gb  os_msg.o [1]
OS_MsgQInit             0x0000536b    0x14  Code  Gb  os_msg.o [1]
OS_MsgQPut              0x0000537f    0xbe  Code  Gb  os_msg.o [1]
OS_MutexDbgListAdd      0x00005929    0x28  Code  Gb  os_mutex.o [1]
OS_MutexInit            0x00005951    0x12  Code  Gb  os_mutex.o [1]
OS_Pend                 0x000032cf    0x76  Code  Gb  os_core.o [1]
OS_PendDataInit         0x00003345    0x3a  Code  Gb  os_core.o [1]
OS_PendDbgNameAdd       0x0000337f    0x4c  Code  Gb  os_core.o [1]
OS_PendDbgNameRemove    0x000033cb    0x28  Code  Gb  os_core.o [1]
OS_PendListChangePrio   0x000033f9    0x46  Code  Gb  os_core.o [1]
OS_PendListInit         0x0000343f     0xe  Code  Gb  os_core.o [1]
OS_PendListInsertPrio   0x0000344d    0x7e  Code  Gb  os_core.o [1]
OS_PendListRemove       0x000034cb    0x38  Code  Gb  os_core.o [1]
OS_PendListRemove1      0x00003503    0x54  Code  Gb  os_core.o [1]
OS_Post                 0x00003557    0xf2  Code  Gb  os_core.o [1]
OS_Post1                0x00003649    0x2c  Code  Gb  os_core.o [1]
OS_PrioGetHighest       0x00004fcb    0x26  Code  Gb  os_prio.o [1]
OS_PrioInit             0x00004fb5    0x16  Code  Gb  os_prio.o [1]
OS_PrioInsert           0x00004ff1    0x32  Code  Gb  os_prio.o [1]
OS_PrioRemove           0x00005023    0x32  Code  Gb  os_prio.o [1]
OS_QInit                0x00005989    0x12  Code  Gb  os_q.o [1]
OS_QPost                0x0000599b   0x114  Code  Gb  os_q.o [1]
OS_RdyListInit          0x00003675    0x2a  Code  Gb  os_core.o [1]
OS_RdyListInsert        0x0000369f    0x28  Code  Gb  os_core.o [1]
OS_RdyListInsertHead    0x000036c7    0x44  Code  Gb  os_core.o [1]
OS_RdyListInsertTail    0x0000370b    0x42  Code  Gb  os_core.o [1]
OS_RdyListRemove        0x00003781    0x64  Code  Gb  os_core.o [1]
OS_Sched0               0x000037fd    0x3e  Code  Gb  os_core.o [1]
OS_SchedLockTimeMeasStart
                        0x00003845    0x14  Code  Gb  os_core.o [1]
OS_SchedLockTimeMeasStop
                        0x00003859    0x30  Code  Gb  os_core.o [1]
OS_SemInit              0x00005ac1    0x12  Code  Gb  os_sem.o [1]
OS_SemPost              0x00005ad3    0xd6  Code  Gb  os_sem.o [1]
OS_StatTask             0x00005d91   0x2d6  Code  Gb  os_stat.o [1]
OS_StatTaskInit         0x00006067    0x92  Code  Gb  os_stat.o [1]
OS_TaskBlock            0x00003889    0x2a  Code  Gb  os_core.o [1]
OS_TaskDbgListAdd       0x00004861    0x34  Code  Gb  os_task.o [1]
OS_TaskDbgListRemove    0x0000489d    0x50  Code  Gb  os_task.o [1]
OS_TaskInit             0x000048ed    0x1c  Code  Gb  os_task.o [1]
OS_TaskInitTCB          0x00004911   0x110  Code  Gb  os_task.o [1]
OS_TaskQPost            0x00004a21   0x186  Code  Gb  os_task.o [1]
OS_TaskResume           0x00004bad    0xf4  Code  Gb  os_task.o [1]
OS_TaskReturn           0x00004ca1    0x14  Code  Gb  os_task.o [1]
OS_TaskSemPost          0x00004cb9   0x1ea  Code  Gb  os_task.o [1]
OS_TaskSuspend          0x00004ea5    0xe6  Code  Gb  os_task.o [1]
OS_TickListInsert       0x00002a4d    0x92  Code  Gb  os_tick.o [1]
OS_TickListInsertDly    0x00002adf    0xc4  Code  Gb  os_tick.o [1]
OS_TickListRemove       0x00002ba3    0x76  Code  Gb  os_tick.o [1]
OS_TickListResetPeak    0x00002c19     0x2  Code  Gb  os_tick.o [1]
OS_TickListUpdateDly    0x00002c1b    0xce  Code  Lc  os_tick.o [1]
OS_TickListUpdateTimeout
                        0x00002ce9   0x112  Code  Lc  os_tick.o [1]
OS_TickTask             0x000028dd    0xae  Code  Gb  os_tick.o [1]
OS_TickTaskInit         0x0000298b    0xc2  Code  Gb  os_tick.o [1]
OS_TmrInit              0x0000617d    0xd4  Code  Gb  os_tmr.o [1]
OS_TmrLock              0x00006337    0x16  Code  Lc  os_tmr.o [1]
OS_TmrResetPeak         0x00006251     0x2  Code  Gb  os_tmr.o [1]
OS_TmrTask              0x0000629d    0x9a  Code  Gb  os_tmr.o [1]
OS_TmrUnlink            0x00006253    0x48  Code  Gb  os_tmr.o [1]
OS_TmrUnlock            0x0000634d    0x10  Code  Lc  os_tmr.o [1]
PERIOD_ALPHA            0x0000efb0     0x4  Data  Gb  relay_tuning.o [1]
PID_POS_XOUT            0x20006794     0x4  Data  Lc  Postion_Hold.o [1]
PID_POS_YOUT            0x20006798     0x4  Data  Lc  Postion_Hold.o [1]
PIT_IRQHandler          0x0000e543    0x1e  Code  Gb  flight_routine.o [1]
PORTC_IRQHandler        0x0000e4d1    0x28  Code  Gb  flight_routine.o [1]
PWMGenConfigure         0x0000d0d9    0x3c  Code  Gb  pwm.o [1]
PWMGenEnable            0x0000d137     0xe  Code  Gb  pwm.o [1]
PWMGenPeriodSet         0x0000d115    0x22  Code  Gb  pwm.o [1]
PWMOutputState          0x0000d177    0x2a  Code  Gb  pwm.o [1]
PWMPulseWidthSet        0x0000d145    0x32  Code  Gb  pwm.o [1]
PWM_outpin              0x0000eea8    0x10  Data  Lc  motor_control.o [1]
PX4Flow_uart_init       0x0000acff    0x72  Code  Gb  Flow_B.o [1]
[...]
__iar_pow32             0x0000249d     0x4  Code  Gb  pow32.o [4]
__iar_pow_medium32      0x0000249d     0x4  Code  Gb  pow32.o [4]
__iar_pow_mediumf       0x0000249d     0x4  Code  Gb  pow32.o [4]
__iar_program_start     0x0000eb0b          Code  Gb  cstartup_M.o [5]
__iar_scalbln32         0x000027d1          Code  Gb  ldexpf.o [4]
__iar_scalbln64         0x0000a051          Code  Gb  ldexp.o [4]
__iar_scalbn32          0x000027d1          Code  Gb  ldexpf.o [4]
__iar_scalbn64          0x0000a051          Code  Gb  ldexp.o [4]
__iar_sin32             0x0000267d     0x4  Code  Gb  cos_sin32.o [4]
__iar_sin_medium32      0x0000267d     0x4  Code  Gb  cos_sin32.o [4]
__iar_sin_mediumf       0x0000267d     0x4  Code  Gb  cos_sin32.o [4]
__iar_softfp___iar_frexp64
                        0x00009fb1          Code  Gb  frexp.o [4]
__iar_softfp_frexp      0x00009fb1          Code  Gb  frexp.o [4]
__iar_softfp_frexpl     0x00009fb1          Code  Gb  frexp.o [4]
__iar_sqrt32            0x000027b1          Code  Gb  sqrtf.o [4]
__iar_systems$$module {Abs}
                        0x00000001          Data  Gb  command line/config [2]
__iar_vfp___iar_fmod32  0x00001ff9          Code  Gb  fmodf.o [4]
__iar_vfp_atof          0x0000bd2f     0x8  Code  Gb  math_wrappers64.o [4]
__iar_vfp_fmodf         0x00001ff9          Code  Gb  fmodf.o [4]
__iar_xatanf            0x00008251          Code  Gb  xatanf.o [4]
__iar_zero_init3        0x0000ea5d    0x40  Code  Gb  zero_init3.o [5]
__low_level_init        0x0000eb57     0x4  Code  Gb  low_level_init.o [3]
__vector_table          0x00000000   0x26c  Data  Gb  startup_ewarm.o [1]
_call_main              0x0000eb49          Code  Gb  cmain.o [5]
_exit                   0x0000eb89          Code  Gb  cexit.o [5]
_main                   0x0000eb53          Code  Gb  cmain.o [5]
abort                   0x0000a2d5     0x6  Code  Gb  abort.o [3]
abs                     0x0000e8d5     0x8  Code  Gb  abs.o [3]
accelKi                 0x2000665c     0x4  Data  Lc  attitudesolving_B.o [1]
accelKp                 0x20006660     0x4  Data  Lc  attitudesolving_B.o [1]
accel_alpha             0x20006664     0x4  Data  Lc  attitudesolving_B.o [1]
accel_filter_enabled    0x20006800     0x1  Data  Lc  attitudesolving_B.o [1]
accelsData              0x200065ac    0x10  Data  Gb  data_common.o [1]
accum_cos               0x200067b4     0x4  Data  Gb  relay_tuning.o [1]
accum_sin               0x200067b0     0x4  Data  Gb  relay_tuning.o [1]
accumulate_gyro         0x0000724d    0x62  Code  Lc  attitudesolving_B.o [1]
accumulate_gyro_compute
                        0x000071ad    0x7e  Code  Lc  attitudesolving_B.o [1]
accumulate_gyro_zero    0x0000722b    0x22  Code  Lc  attitudesolving_B.o [1]
accumulated             0x200067b8     0x4  Data  Gb  relay_tuning.o [1]
accumulated_gyro        0x200065d8     0xc  Data  Lc  attitudesolving_B.o [1]
accumulated_gyro_samples
                        0x2000666c     0x4  Data  Lc  attitudesolving_B.o [1]
accumulating_gyro       0x20006802     0x1  Data  Lc  attitudesolving_B.o [1]
actuatorDesired         0x20006518    0x18  Data  Gb  data_common.o [1]
actuatorDesiredAxis     0x20000068     0x4  Data  Lc  stabilization_B.o [1]
ak8975_soft_I2C_RecvACK
                        0x000083a1    0x46  Code  Gb  YRK_AK8975_SOFT.o [1]
ak8975_soft_I2C_RecvByte
                        0x00008427    0x60  Code  Gb  YRK_AK8975_SOFT.o [1]
ak8975_soft_I2C_SendACK
                        0x0000836f    0x2e  Code  Gb  YRK_AK8975_SOFT.o [1]
ak8975_soft_I2C_SendByte
                        0x000083e7    0x40  Code  Gb  YRK_AK8975_SOFT.o [1]
ak8975_soft_I2C_Start   0x0000832d    0x24  Code  Gb  YRK_AK8975_SOFT.o [1]
ak8975_soft_I2C_Stop    0x00008351    0x1e  Code  Gb  YRK_AK8975_SOFT.o [1]
ak8975_soft_delay       0x000082f5    0x38  Code  Gb  YRK_AK8975_SOFT.o [1]
ak8975_soft_getdata     0x000084f1    0x24  Code  Gb  YRK_AK8975_SOFT.o [1]
ak8975_soft_read_reg    0x000084bb    0x36  Code  Gb  YRK_AK8975_SOFT.o [1]
ak8975_soft_write_reg   0x00008495    0x26  Code  Gb  YRK_AK8975_SOFT.o [1]
angle_x_out             0x20006774     0x4  Data  Gb  Postion_Hold.o [1]
angle_y_out             0x20006778     0x4  Data  Gb  Postion_Hold.o [1]
apply_accel_filter      0x00007345    0x90  Code  Lc  attitudesolving_B.o [1]
arming                  0x200067dc     0x2  Data  Lc  control_command_B.o [1]
asinf                   0x000081f5          Code  Gb  asinf.o [4]
atan2f                  0x00008095          Code  Gb  atan2f.o [4]
atanf                   0x0000804d          Code  Gb  atanf.o [4]
atof                    0x0000c2c1     0x8  Code  Gb  strto64.o [4]
attitudeActual          0x200064ac    0x1c  Data  Gb  data_common.o [1]
attitudeSettings        0x20006420    0x28  Data  Gb  param_common.o [1]
attsolving              0x00006d49   0x248  Code  Gb  attitudesolving_B.o [1]
auto_throttle           0x2000667c     0x4  Data  Gb  core_autopilot.o [1]
axis_lock_accum         0x2000662c     0xc  Data  Lc  stabilization_B.o [1]
bias_correct_gyro       0x20000085     0x1  Data  Lc  attitudesolving_B.o [1]
bound                   0x000019d1    0x28  Code  Lc  virtualflybar.o [1]
bound_min_max           0x0000177d    0x2a  Code  Gb  misc_math.o [1]
bound_sym               0x000017a7    0x10  Code  Gb  misc_math.o [1]
bzero                   0x0000a6c7    0x10  Code  Gb  YRK_NRF24L0.o [1]
circular_modulus_deg    0x000017b9    0x3c  Code  Gb  misc_math.o [1]
command_handler         0x0000cb29   0x2dc  Code  Gb  control_command_B.o [1]
complimentary_filter_status
                        0x20006804     0x1  Data  Lc  attitudesolving_B.o [1]
config_spi              0x0000a545    0x3a  Code  Gb  YRK_NRF24L0.o [1]
config_ssi_gpio         0x0000a46d    0xd8  Code  Gb  YRK_NRF24L0.o [1]
conv_factor             0x0000ef1c     0x4  Data  Lc  Flow_B.o [1]
cosf                    0x00002679     0x4  Code  Gb  cos_sin32.o [4]
data_common_init        0x0000ddf5    0x34  Code  Gb  data_common.o [1]
ddiv                    0x0000be55    0xd0  Code  Lc  strto64.o [4]
delta_sumx              0x2000679c     0x4  Data  Lc  Postion_Hold.o [1]
delta_sumy              0x200067a0     0x4  Data  Lc  Postion_Hold.o [1]
deriv_gamma             0x2000005c     0x4  Data  Lc  pid.o [1]
deriv_tau               0x20000058     0x4  Data  Lc  pid.o [1]
dmul                    0x0000bd81    0xd2  Code  Lc  strto64.o [4]
eeprom_read             0x0000e195    0x5e  Code  Gb  eepromqsj.o [1]
eeprom_readdate         0x20006578    0x14  Data  Gb  eepromqsj.o [1]
eeprom_write            0x0000e1f3    0x70  Code  Gb  eepromqsj.o [1]
exit                    0x0000eb85     0x4  Code  Gb  exit.o [3]
expf                    0x00001741    0x3c  Code  Gb  exp32.o [4]
expo3                   0x000017f5    0x46  Code  Gb  misc_math.o [1]
flag_nrf                0x200067e4     0x2  Data  Lc  data_transfer.o [1]
flightStatus            0x2000668c     0x4  Data  Gb  data_common.o [1]
flight_init_task        0x0000d7fd    0xb8  Code  Lc  TM4C.o [1]
flight_routine_task     0x0000e57f   0x146  Code  Gb  flight_routine.o [1]
flow_buf                0x200064e4    0x1c  Data  Lc  Flow_B.o [1]
flow_buf_rad            0x20006370    0x30  Data  Lc  Flow_B.o [1]
flow_delta_distance     0x200066b0     0x4  Data  Gb  Flow_B.o [1]
flow_distance           0x200066ac     0x4  Data  Gb  Flow_B.o [1]
flow_last_distance      0x200066b4     0x4  Data  Gb  Flow_B.o [1]
flow_rad                0x20006340    0x30  Data  Lc  Flow_B.o [1]
fmodf                   0x00002009          Code  Gb  fmodf.o [4]
frexpf                  0x00002895          Code  Gb  frexpf.o [4]
g_pfnRAMVectors         0x20000400   0x26c  Data  Lc  interrupt.o [1]
g_pui32EnRegs           0x0000edfc    0x14  Data  Lc  interrupt.o [1]
g_pui32GPIOBaseAddrs    0x0000e978    0x78  Data  Lc  gpio.o [1]
g_pui32Priority         0x0000ed18    0x20  Data  Lc  interrupt.o [1]
g_pui32Regs             0x0000e8dc    0x9c  Data  Lc  interrupt.o [1]
g_pui32Xtals            0x0000e9f0    0x6c  Data  Lc  sysctl.o [1]
g_ui32Base              0x20006684     0x4  Data  Lc  core_uartstdio.o [1]
g_ui32UARTBase          0x0000ecd8    0x20  Data  Lc  core_uartstdio.o [1]
g_ui32UARTPeriph        0x0000ecf8    0x20  Data  Lc  core_uartstdio.o [1]
getattdata              0x00008101    0xec  Code  Gb  sensorfetch.o [1]
gyro_alpha              0x200067c0     0x4  Data  Lc  stabilization_B.o [1]
gyro_correct_int        0x200065cc     0xc  Data  Lc  attitudesolving_B.o [1]
gyro_filtered           0x20006620     0xc  Data  Lc  stabilization_B.o [1]
gyro_temp_bias          0x200065f0     0xc  Data  Lc  attitudesolving_B.o [1]
gyrosBias               0x200065fc     0xc  Data  Gb  data_common.o [1]
gyrosData               0x2000659c    0x10  Data  Gb  data_common.o [1]
high                    0x20006810     0x1  Data  Lc  relay_tuning.o [1]
hold                    0x0000e701    0xfc  Code  Gb  hold.o [1]
horizonRateFraction     0x200067c8     0x4  Data  Lc  stabilization_B.o [1]
ks103_delta_distance    0x200066d8     0x4  Data  Gb  KS103.o [1]
ks103_distance          0x200066d0     0x4  Data  Gb  KS103.o [1]
ks103_handler           0x0000d669    0x60  Code  Gb  KS103.o [1]
ks103_last_distance     0x200066d4     0x4  Data  Gb  KS103.o [1]
lastHighTime            0x200067a4     0x4  Data  Gb  relay_tuning.o [1]
lastLowTime             0x200067a8     0x4  Data  Gb  relay_tuning.o [1]
last_pitch              0x200066c4     0x4  Data  Lc  Flow_B.o [1]
last_roll               0x200066c0     0x4  Data  Lc  Flow_B.o [1]
last_tot_x_cm           0x20006784     0x4  Data  Lc  Postion_Hold.o [1]
last_tot_y_cm           0x20006788     0x4  Data  Lc  Postion_Hold.o [1]
lasts                   0x200066cc     0x4  Data  Lc  hold.o [1]
ldexp                   0x0000a051          Code  Gb  ldexp.o [4]
ldexpf                  0x000027d1          Code  Gb  ldexpf.o [4]
ldexpl                  0x0000a051          Code  Gb  ldexp.o [4]
led_init                0x0000d9e9    0x38  Code  Gb  YRK_LED.o [1]
lowThrottleZeroIntegral
                        0x20006814     0x1  Data  Lc  stabilization_B.o [1]
main                    0x0000d72d    0x5a  Code  Gb  TM4C.o [1]
max_axis_lock           0x20006811     0x1  Data  Lc  stabilization_B.o [1]
max_axislock_rate       0x20006812     0x1  Data  Lc  stabilization_B.o [1]
memchr                  0x00009cd5          Code  Gb  memchr.o [5]
mixing                  0x0000e7fd    0xd8  Code  Gb  mixer.o [1]
motorSettings           0x2000648c    0x20  Data  Gb  param_common.o [1]
motor_reset             0x0000d025    0x7c  Code  Gb  motor_control.o [1]
motorcontrol_init       0x0000ce05   0x12e  Code  Gb  motor_control.o [1]
motorspeed_set          0x0000cf33    0xf2  Code  Gb  motor_control.o [1]
mpu6050_I2C_RecvACK     0x000085bd    0x46  Code  Gb  YRK_MPU6050_SOFT.o [1]
mpu6050_I2C_RecvByte    0x00008643    0x60  Code  Gb  YRK_MPU6050_SOFT.o [1]
mpu6050_I2C_SendACK     0x0000858f    0x2e  Code  Gb  YRK_MPU6050_SOFT.o [1]
mpu6050_I2C_SendByte    0x00008603    0x40  Code  Gb  YRK_MPU6050_SOFT.o [1]
mpu6050_I2C_Start       0x0000854d    0x24  Code  Gb  YRK_MPU6050_SOFT.o [1]
mpu6050_I2C_Stop        0x00008571    0x1e  Code  Gb  YRK_MPU6050_SOFT.o [1]
mpu6050_soft_OPEN       0x00008517    0x36  Code  Gb  YRK_MPU6050_SOFT.o [1]
mpu6050_soft_delay      0x00008515     0x2  Code  Gb  YRK_MPU6050_SOFT.o [1]
mpu6050_soft_getdata    0x00008719    0x24  Code  Gb  YRK_MPU6050_SOFT.o [1]
mpu6050_soft_init       0x0000873d    0x7a  Code  Gb  YRK_MPU6050_SOFT.o [1]
mpu6050_soft_read_reg   0x000086e3    0x36  Code  Gb  YRK_MPU6050_SOFT.o [1]
mpu6050_soft_write_reg  0x000086bd    0x26  Code  Gb  YRK_MPU6050_SOFT.o [1]
nrf_flag                0x200067e0     0x2  Data  Gb  data_transfer.o [1]
nrf_getcmd              0x0000e07d    0x48  Code  Gb  data_transfer.o [1]
nrf_handler             0x0000aa33   0x12a  Code  Gb  YRK_NRF24L0.o [1]
nrf_init                0x0000a58f    0xc0  Code  Gb  YRK_NRF24L0.o [1]
nrf_irq_flag            0x200067e2     0x2  Data  Gb  data_transfer.o [1]
nrf_irq_tx_addr         0x200067cc     0x4  Data  Gb  YRK_NRF24L0.o [1]
nrf_irq_tx_flag         0x20006819     0x1  Data  Gb  YRK_NRF24L0.o [1]
nrf_irq_tx_pnum         0x200067d0     0x4  Data  Gb  YRK_NRF24L0.o [1]
nrf_link_check          0x0000a79b    0x52  Code  Gb  YRK_NRF24L0.o [1]
nrf_mode                0x20006815     0x1  Data  Gb  YRK_NRF24L0.o [1]
nrf_readbuf             0x0000a757    0x44  Code  Lc  YRK_NRF24L0.o [1]
nrf_readreg             0x0000a6f9    0x24  Code  Lc  YRK_NRF24L0.o [1]
nrf_rx                  0x0000a8b1   0x11c  Code  Gb  YRK_NRF24L0.o [1]
nrf_rx_flag             0x20006818     0x1  Data  Gb  YRK_NRF24L0.o [1]
nrf_rx_front            0x20006816     0x1  Data  Gb  YRK_NRF24L0.o [1]
nrf_rx_mode             0x0000a7ed    0x64  Code  Lc  YRK_NRF24L0.o [1]
nrf_rx_rear             0x20006817     0x1  Data  Gb  YRK_NRF24L0.o [1]
nrf_sendstate           0x0000e0c5    0x9e  Code  Gb  data_transfer.o [1]
nrf_tx                  0x0000a9cd    0x66  Code  Gb  YRK_NRF24L0.o [1]
nrf_tx_mode             0x0000a851    0x60  Code  Lc  YRK_NRF24L0.o [1]
nrf_writebuf            0x0000a71d    0x3a  Code  Lc  YRK_NRF24L0.o [1]
nrf_writereg            0x0000a6d7    0x22  Code  Lc  YRK_NRF24L0.o [1]
nrfspiinit              0x0000a57f    0x10  Code  Gb  YRK_NRF24L0.o [1]
param_common_init       0x0000c82d   0x2fc  Code  Gb  param_common.o [1]
pid_apply               0x00001521    0xca  Code  Gb  pid.o [1]
pid_apply_setpoint      0x000015ed    0xee  Code  Gb  pid.o [1]
pid_configure           0x00001721    0x16  Code  Gb  pid.o [1]
pid_configure_derivative
                        0x000016ed    0x1e  Code  Gb  pid.o [1]
pid_zero                0x000016db    0x12  Code  Gb  pid.o [1]
pids                    0x200056fc   0x118  Data  Gb  stabilization_B.o [1]
pos_x_i                 0x2000678c     0x4  Data  Lc  Postion_Hold.o [1]
pos_y_i                 0x20006790     0x4  Data  Lc  Postion_Hold.o [1]
powf                    0x0000249d     0x4  Code  Gb  pow32.o [4]
pows                    0x0000c2c8    0x48  Data  Lc  strto64.o [4]
previous_mode           0x20000060     0x4  Data  Lc  stabilization_B.o [1]
pui32Stack              0x2000066c   0x200  Data  Lc  startup_ewarm.o [1]
px4_data_fix            0x0000b1cd   0x190  Code  Gb  Flow_B.o [1]
px4_data_fix::High_Now_before
                        0x200066c8     0x4  Data  Lc  Flow_B.o [1]
px4_sumx                0x20006690     0x4  Data  Lc  Flow_B.o [1]
px4_sumy                0x20006694     0x4  Data  Lc  Flow_B.o [1]
q                       0x20000000    0x10  Data  Lc  attitudesolving_B.o [1]
quat_copy               0x00007f41    0x12  Code  Gb  coordinate_conversions.o [1]
radians_to_pixels_x     0x0000ef14     0x4  Data  Lc  Flow_B.o [1]
radians_to_pixels_y     0x0000ef18     0x4  Data  Lc  Flow_B.o [1]
rateDesired             0x20006608     0xc  Data  Gb  data_common.o [1]
rateDesiredAxis         0x2000006c     0x4  Data  Lc  stabilization_B.o [1]
rateRelayRunning        0x200067bc     0x4  Data  Lc  relay_tuning.o [1]
receive_date_check      0x0000df29   0x154  Code  Gb  data_transfer.o [1]
relay                   0x20006500    0x18  Data  Gb  data_common.o [1]
relaySettings           0x200065bc    0x10  Data  Gb  param_common.o [1]
rot_mult                0x00007f53    0xfa  Code  Gb  coordinate_conversions.o [1]
rotate                  0x20000084     0x1  Data  Lc  attitudesolving_B.o [1]
scalbln                 0x0000a051          Code  Gb  ldexp.o [4]
scalblnf                0x000027d1          Code  Gb  ldexpf.o [4]
scalblnl                0x0000a051          Code  Gb  ldexp.o [4]
scalbn                  0x0000a051          Code  Gb  ldexp.o [4]
scalbnf                 0x000027d1          Code  Gb  ldexpf.o [4]
scalbnl                 0x0000a051          Code  Gb  ldexp.o [4]
scale                   0x000094f9    0x46  Code  Lc  xprintffull_nomb.o [3]
sec_hand                0x200067d8     0x4  Data  Lc  xfail_s.o [3]
sensorData              0x200063f8    0x28  Data  Gb  data_common.o [1]
sensorSettings          0x20006258    0x70  Data  Gb  param_common.o [1]
sin_lookup_deg          0x000014d9    0x44  Code  Gb  sin_lookup.o [1]
sin_lookup_initialize   0x000014d5     0x4  Code  Gb  sin_lookup.o [1]
sin_table               0x0000d1a0   0x2d0  Data  Gb  sin_lookup.o [1]
sinf                    0x0000267d     0x4  Code  Gb  cos_sin32.o [4]
sprintf                 0x0000bca1    0x40  Code  Gb  sprintf.o [3]
sqrtf                   0x000027b1          Code  Gb  sqrtf.o [4]
ssi_cmd                 0x0000a64f    0x78  Code  Gb  YRK_NRF24L0.o [1]
stabDesired             0x20006530    0x18  Data  Gb  data_common.o [1]
stabDesiredAxis         0x20000064     0x4  Data  Lc  stabilization_B.o [1]
stabilizationSettings   0x20005814    0xdc  Data  Gb  param_common.o [1]
stabilization_relay_rate
                        0x00001a8d   0x2f4  Code  Gb  relay_tuning.o [1]
stabilization_virtual_flybar
                        0x0000184d    0xfe  Code  Gb  virtualflybar.o [1]
stabilization_virtual_flybar_pirocomp
                        0x0000194d    0x6e  Code  Gb  virtualflybar.o [1]
stabilize               0x00000481   0xfbe  Code  Gb  stabilization_B.o [1]
start_task              0x0000d789    0x74  Code  Lc  TM4C.o [1]
strchr                  0x00009c41          Code  Gb  strchr.o [5]
strcspn                 0x0000bd59    0x22  Code  Gb  strcspn.o [3]
strlen                  0x00009c9d          Code  Gb  strlen.o [5]
strspn                  0x0000bd37    0x22  Code  Gb  strspn.o [3]
strtok                  0x0000bce1    0x48  Code  Gb  strtok.o [3]
t_tim0_cnt              0x20006680     0x4  Data  Gb  core_t_timer.o [1]
testpurpose_tim0_init   0x0000dc71    0x32  Code  Gb  core_t_timer.o [1]
thisTime                0x200067ac     0x4  Data  Gb  relay_tuning.o [1]
tim1_init               0x0000dc09    0x5c  Code  Gb  YRK_init.o [1]
tim3_init               0x0000dca3    0x5a  Code  Gb  core_t_timer.o [1]
timer                   0x200064c8    0x1c  Data  Gb  data_common.o [1]
tot_x_cm                0x2000677c     0x4  Data  Lc  Postion_Hold.o [1]
tot_y_cm                0x20006780     0x4  Data  Lc  Postion_Hold.o [1]
trimAngles              0x20006644     0x8  Data  Gb  data_common.o [1]
trim_accels             0x200065e4     0xc  Data  Lc  attitudesolving_B.o [1]
trim_requested          0x20006803     0x1  Data  Lc  attitudesolving_B.o [1]
trim_samples            0x20006670     0x4  Data  Lc  attitudesolving_B.o [1]
uart_adjust_task        0x0000b801   0x42a  Code  Gb  core_uart.o [1]
uart_report_task        0x0000b745    0xb6  Code  Gb  core_uart.o [1]
updateAttitude          0x00007429   0x50a  Code  Lc  attitudesolving_B.o [1]
updateSensorsCC3D       0x00006f99    0x20  Code  Lc  attitudesolving_B.o [1]
updateTemperatureComp   0x00007939   0x122  Code  Lc  attitudesolving_B.o [1]
update_accels           0x00006fb9    0xb2  Code  Lc  attitudesolving_B.o [1]
update_gyros            0x00007075   0x138  Code  Lc  attitudesolving_B.o [1]
update_trimming         0x000072b1    0x94  Code  Lc  attitudesolving_B.o [1]
vbar_decay              0x20000070     0x4  Data  Lc  virtualflybar.o [1]
vbar_integral           0x20006638     0xc  Data  Lc  virtualflybar.o [1]
weak_leveling_kp        0x200067c4     0x4  Data  Lc  stabilization_B.o [1]
weak_leveling_max       0x20006813     0x1  Data  Lc  stabilization_B.o [1]
yawBiasRate             0x20006668     0x4  Data  Lc  attitudesolving_B.o [1]
zero_during_arming      0x20006801     0x1  Data  Lc  attitudesolving_B.o [1]


[1] = C:\Users\victo\Documents\GitHub\SHU_FlightControl_TM4C\Project_Files\Debug\Obj
[2] = command line
[3] = dl7M_tln.a
[4] = m7M_tls.a
[5] = rt7M_tl.a
[6] = shb_l.a

  58 526 bytes of readonly  code memory
   2 991 bytes of readonly  data memory
  25 760 bytes of readwrite data memory

Errors: none
Warnings: none
